Archive member included to satisfy reference by file (symbol)

../../../lib/pd2dsy/libdaisy/build/libdaisy.a(daisy_seed.o)
                              build/HeavyDaisy_daisy_control.o (daisy::DaisySeed::Configure())
../../../lib/pd2dsy/libdaisy/build/libdaisy.a(codec_ak4556.o)
                              ../../../lib/pd2dsy/libdaisy/build/libdaisy.a(daisy_seed.o) (daisy::Ak4556::Init(dsy_gpio_pin))
../../../lib/pd2dsy/libdaisy/build/libdaisy.a(codec_wm8731.o)
                              ../../../lib/pd2dsy/libdaisy/build/libdaisy.a(daisy_seed.o) (daisy::Wm8731::Init(daisy::Wm8731::Config const&, daisy::I2CHandle))
../../../lib/pd2dsy/libdaisy/build/libdaisy.a(sdram.o)
                              ../../../lib/pd2dsy/libdaisy/build/libdaisy.a(daisy_seed.o) (SdramHandle::Init())
../../../lib/pd2dsy/libdaisy/build/libdaisy.a(audio.o)
                              ../../../lib/pd2dsy/libdaisy/build/libdaisy.a(daisy_seed.o) (daisy::AudioHandle::Init(daisy::AudioHandle::Config const&, daisy::SaiHandle))
../../../lib/pd2dsy/libdaisy/build/libdaisy.a(ctrl.o)
                              build/HeavyDaisy_daisy_control.o (daisy::AnalogControl::Init(unsigned short*, float, bool, bool, float))
../../../lib/pd2dsy/libdaisy/build/libdaisy.a(adc.o)
                              build/HeavyDaisy_daisy_control.o (daisy::AdcChannelConfig::InitSingle(dsy_gpio_pin))
../../../lib/pd2dsy/libdaisy/build/libdaisy.a(gpio.o)
                              build/HeavyDaisy_daisy_control.o (dsy_gpio_init)
../../../lib/pd2dsy/libdaisy/build/libdaisy.a(i2c.o)
                              ../../../lib/pd2dsy/libdaisy/build/libdaisy.a(daisy_seed.o) (daisy::I2CHandle::Init(daisy::I2CHandle::Config const&))
../../../lib/pd2dsy/libdaisy/build/libdaisy.a(qspi.o)
                              ../../../lib/pd2dsy/libdaisy/build/libdaisy.a(daisy_seed.o) (daisy::QSPIHandle::Init(daisy::QSPIHandle::Config const&))
../../../lib/pd2dsy/libdaisy/build/libdaisy.a(sai.o)
                              ../../../lib/pd2dsy/libdaisy/build/libdaisy.a(daisy_seed.o) (daisy::SaiHandle::Init(daisy::SaiHandle::Config const&))
../../../lib/pd2dsy/libdaisy/build/libdaisy.a(spi.o)
                              build/HeavyDaisy_daisy_control.o (daisy::SpiHandle::Init(daisy::SpiHandle::Config const&))
../../../lib/pd2dsy/libdaisy/build/libdaisy.a(system.o)
                              ../../../lib/pd2dsy/libdaisy/build/libdaisy.a(daisy_seed.o) (daisy::System::DeInit())
../../../lib/pd2dsy/libdaisy/build/libdaisy.a(system_stm32h7xx.o)
                              build/startup_stm32h750xx.o (SystemInit)
../../../lib/pd2dsy/libdaisy/build/libdaisy.a(usbd_conf.o)
                              ../../../lib/pd2dsy/libdaisy/build/libdaisy.a(system.o) (hpcd_USB_OTG_HS)
../../../lib/pd2dsy/libdaisy/build/libdaisy.a(usbh_conf.o)
                              ../../../lib/pd2dsy/libdaisy/build/libdaisy.a(system.o) (hhcd_USB_OTG_HS)
../../../lib/pd2dsy/libdaisy/build/libdaisy.a(hal_map.o)
                              ../../../lib/pd2dsy/libdaisy/build/libdaisy.a(gpio.o) (dsy_hal_map_get_port)
../../../lib/pd2dsy/libdaisy/build/libdaisy.a(stm32h7xx_hal.o)
                              ../../../lib/pd2dsy/libdaisy/build/libdaisy.a(system.o) (HAL_Init)
../../../lib/pd2dsy/libdaisy/build/libdaisy.a(stm32h7xx_hal_adc.o)
                              ../../../lib/pd2dsy/libdaisy/build/libdaisy.a(adc.o) (HAL_ADC_ConfigChannel)
../../../lib/pd2dsy/libdaisy/build/libdaisy.a(stm32h7xx_hal_adc_ex.o)
                              ../../../lib/pd2dsy/libdaisy/build/libdaisy.a(adc.o) (HAL_ADCEx_Calibration_Start)
../../../lib/pd2dsy/libdaisy/build/libdaisy.a(stm32h7xx_hal_cortex.o)
                              ../../../lib/pd2dsy/libdaisy/build/libdaisy.a(stm32h7xx_hal.o) (HAL_NVIC_SetPriorityGrouping)
../../../lib/pd2dsy/libdaisy/build/libdaisy.a(stm32h7xx_hal_dma.o)
                              ../../../lib/pd2dsy/libdaisy/build/libdaisy.a(adc.o) (HAL_DMA_Init)
../../../lib/pd2dsy/libdaisy/build/libdaisy.a(stm32h7xx_hal_gpio.o)
                              ../../../lib/pd2dsy/libdaisy/build/libdaisy.a(sdram.o) (HAL_GPIO_Init)
../../../lib/pd2dsy/libdaisy/build/libdaisy.a(stm32h7xx_hal_hcd.o)
                              ../../../lib/pd2dsy/libdaisy/build/libdaisy.a(usbh_conf.o) (HAL_HCD_HC_Init)
../../../lib/pd2dsy/libdaisy/build/libdaisy.a(stm32h7xx_hal_i2c.o)
                              ../../../lib/pd2dsy/libdaisy/build/libdaisy.a(i2c.o) (HAL_I2C_Init)
../../../lib/pd2dsy/libdaisy/build/libdaisy.a(stm32h7xx_hal_i2c_ex.o)
                              ../../../lib/pd2dsy/libdaisy/build/libdaisy.a(i2c.o) (HAL_I2CEx_ConfigAnalogFilter)
../../../lib/pd2dsy/libdaisy/build/libdaisy.a(stm32h7xx_hal_pcd.o)
                              ../../../lib/pd2dsy/libdaisy/build/libdaisy.a(usbd_conf.o) (HAL_PCD_Init)
../../../lib/pd2dsy/libdaisy/build/libdaisy.a(stm32h7xx_hal_pcd_ex.o)
[...]
Memory Configuration

Name             Origin             Length             Attributes
FLASH            0x0000000008000000 0x0000000000020000 xr
DTCMRAM          0x0000000020000000 0x0000000000020000 xrw
SRAM             0x0000000024000000 0x0000000000080000 xrw
RAM_D2           0x0000000030000000 0x0000000000048000 xrw
RAM_D3           0x0000000038000000 0x0000000000010000 xrw
ITCMRAM          0x0000000000000000 0x0000000000010000 xrw
SDRAM            0x00000000c0000000 0x0000000004000000 xrw
QSPIFLASH        0x0000000090000000 0x0000000000800000 xr
*default*        0x0000000000000000 0xffffffffffffffff

Linker script and memory map

LOAD /Library/DaisyToolchain/0.2.0/arm/bin/../lib/gcc/arm-none-eabi/10.3.1/thumb/v7e-m+dp/hard/crti.o
LOAD /Library/DaisyToolchain/0.2.0/arm/bin/../lib/gcc/arm-none-eabi/10.3.1/thumb/v7e-m+dp/hard/crtbegin.o
LOAD /Library/DaisyToolchain/0.2.0/arm/bin/../lib/gcc/arm-none-eabi/10.3.1/../../../../arm-none-eabi/lib/thumb/v7e-m+dp/hard/crt0.o
LOAD build/HvControlBinop.o
LOAD build/HvControlCast.o
LOAD build/HvControlDelay.o
LOAD build/HvControlSystem.o
LOAD build/HvControlVar.o
LOAD build/HvLightPipe.o
LOAD build/HvMessage.o
LOAD build/HvMessagePool.o
LOAD build/HvMessageQueue.o
LOAD build/HvSignalLine.o
LOAD build/HvSignalPhasor.o
LOAD build/HvSignalVar.o
LOAD build/HvTable.o
LOAD build/HvUtils.o
LOAD build/startup_stm32h750xx.o
LOAD build/HeavyContext.o
LOAD build/Heavy_daisy_control.o
LOAD build/HvHeavy.o
LOAD build/HeavyDaisy_daisy_control.o
LOAD ../../../lib/pd2dsy/libdaisy/build/libdaisy.a
LOAD /Library/DaisyToolchain/0.2.0/arm/bin/../lib/gcc/arm-none-eabi/10.3.1/../../../../arm-none-eabi/lib/thumb/v7e-m+dp/hard/libnosys.a
LOAD /Library/DaisyToolchain/0.2.0/arm/bin/../lib/gcc/arm-none-eabi/10.3.1/../../../../arm-none-eabi/lib/thumb/v7e-m+dp/hard/libstdc++_nano.a
LOAD /Library/DaisyToolchain/0.2.0/arm/bin/../lib/gcc/arm-none-eabi/10.3.1/../../../../arm-none-eabi/lib/thumb/v7e-m+dp/hard/libm.a
LOAD /Library/DaisyToolchain/0.2.0/arm/bin/../lib/gcc/arm-none-eabi/10.3.1/../../../../arm-none-eabi/lib/thumb/v7e-m+dp/hard/libc_nano.a
START GROUP
LOAD /Library/DaisyToolchain/0.2.0/arm/bin/../lib/gcc/arm-none-eabi/10.3.1/thumb/v7e-m+dp/hard/libgcc.a
LOAD /Library/DaisyToolchain/0.2.0/arm/bin/../lib/gcc/arm-none-eabi/10.3.1/../../../../arm-none-eabi/lib/thumb/v7e-m+dp/hard/libc_nano.a
END GROUP
START GROUP
LOAD /Library/DaisyToolchain/0.2.0/arm/bin/../lib/gcc/arm-none-eabi/10.3.1/thumb/v7e-m+dp/hard/libgcc.a
LOAD /Library/DaisyToolchain/0.2.0/arm/bin/../lib/gcc/arm-none-eabi/10.3.1/../../../../arm-none-eabi/lib/thumb/v7e-m+dp/hard/libc_nano.a
LOAD /Library/DaisyToolchain/0.2.0/arm/bin/../lib/gcc/arm-none-eabi/10.3.1/../../../../arm-none-eabi/lib/thumb/v7e-m+dp/hard/libnosys.a
END GROUP
START GROUP
LOAD /Library/DaisyToolchain/0.2.0/arm/bin/../lib/gcc/arm-none-eabi/10.3.1/thumb/v7e-m+dp/hard/libgcc.a
LOAD /Library/DaisyToolchain/0.2.0/arm/bin/../lib/gcc/arm-none-eabi/10.3.1/../../../../arm-none-eabi/lib/thumb/v7e-m+dp/hard/libc_nano.a
LOAD /Library/DaisyToolchain/0.2.0/arm/bin/../lib/gcc/arm-none-eabi/10.3.1/../../../../arm-none-eabi/lib/thumb/v7e-m+dp/hard/libnosys.a
END GROUP
LOAD /Library/DaisyToolchain/0.2.0/arm/bin/../lib/gcc/arm-none-eabi/10.3.1/thumb/v7e-m+dp/hard/crtend.o
LOAD /Library/DaisyToolchain/0.2.0/arm/bin/../lib/gcc/arm-none-eabi/10.3.1/thumb/v7e-m+dp/hard/crtn.o
                0x0000000020020000                _estack = 0x20020000

.isr_vector     0x0000000008000000      0x298
                0x0000000008000000                . = ALIGN (0x4)
 *(.isr_vector)
 .isr_vector    0x0000000008000000      0x298 build/startup_stm32h750xx.o
                0x0000000008000000                g_pfnVectors
                0x0000000008000298                . = ALIGN (0x4)

.text           0x00000000080002a0    0x167f4
                0x00000000080002a0                . = ALIGN (0x4)
                0x00000000080002a0                _stext = .
 *(.text)
 .text          0x00000000080002a0       0x40 /Library/DaisyToolchain/0.2.0/arm/bin/../lib/gcc/arm-none-eabi/10.3.1/thumb/v7e-m+dp/hard/crtbegin.o
 .text          0x00000000080002e0       0x10 /Library/DaisyToolchain/0.2.0/arm/bin/../lib/gcc/arm-none-eabi/10.3.1/../../../../arm-none-eabi/lib/thumb/v7e-m+dp/hard/libc_nano.a(lib_a-strlen.o)
                0x00000000080002e0                strlen
 .text          0x00000000080002f0       0xa0 /Library/DaisyToolchain/0.2.0/arm/bin/../lib/gcc/arm-none-eabi/10.3.1/../../../../arm-none-eabi/lib/thumb/v7e-m+dp/hard/libc_nano.a(lib_a-memchr.o)
                0x00000000080002f0                memchr
 .text          0x0000000008000390      0x378 /Library/DaisyToolchain/0.2.0/arm/bin/../lib/gcc/arm-none-eabi/10.3.1/thumb/v7e-m+dp/hard/libgcc.a(_arm_addsubdf3.o)
                0x0000000008000390                __aeabi_drsub
                0x0000000008000398                __subdf3
                0x0000000008000398                __aeabi_dsub
                0x000000000800039c                __aeabi_dadd
                0x000000000800039c                __adddf3
                0x0000000008000614                __aeabi_ui2d
                0x0000000008000614                __floatunsidf
                0x0000000008000634                __floatsidf
                0x0000000008000634                __aeabi_i2d
                0x0000000008000658                __extendsfdf2
                0x0000000008000658                __aeabi_f2d
                0x000000000800069c                __aeabi_ul2d
                0x000000000800069c                __floatundidf
                0x00000000080006ac                __aeabi_l2d
                0x00000000080006ac                __floatdidf
 .text          0x0000000008000708       0x30 /Library/DaisyToolchain/0.2.0/arm/bin/../lib/gcc/arm-none-eabi/10.3.1/thumb/v7e-m+dp/hard/libgcc.a(_aeabi_uldivmod.o)
                0x0000000008000708                __aeabi_uldivmod
 .text          0x0000000008000738      0x2d0 /Library/DaisyToolchain/0.2.0/arm/bin/../lib/gcc/arm-none-eabi/10.3.1/thumb/v7e-m+dp/hard/libgcc.a(_udivmoddi4.o)
                0x0000000008000738                __udivmoddi4
 .text          0x0000000008000a08        0x4 /Library/DaisyToolchain/0.2.0/arm/bin/../lib/gcc/arm-none-eabi/10.3.1/thumb/v7e-m+dp/hard/libgcc.a(_dvmd_tls.o)
                0x0000000008000a08                __aeabi_ldiv0
                0x0000000008000a08                __aeabi_idiv0
 *(.text*)
 .text.cBinop_perform_op
                0x0000000008000a0c      0x268 build/HvControlBinop.o
 .text.cBinop_k_onMessage
                0x0000000008000c74       0x54 build/HvControlBinop.o
                0x0000000008000c74                cBinop_k_onMessage
 .text.hLp_init
                0x0000000008000cc8       0x48 build/HvLightPipe.o
                0x0000000008000cc8                hLp_init
 .text.hLp_free
                0x0000000008000d10        0x8 build/HvLightPipe.o
                0x0000000008000d10                hLp_free
 .text.hLp_hasData
                0x0000000008000d18       0x14 build/HvLightPipe.o
                0x0000000008000d18                hLp_hasData
 .text.hLp_getWriteBuffer
                0x0000000008000d2c       0x5c build/HvLightPipe.o
                0x0000000008000d2c                hLp_getWriteBuffer
 .text.hLp_produce
                0x0000000008000d88       0x44 build/HvLightPipe.o
                0x0000000008000d88                hLp_produce
 .text.hLp_getReadBuffer
                0x0000000008000dcc        0xc build/HvLightPipe.o
                0x0000000008000dcc                hLp_getReadBuffer
 .text.hLp_consume
                0x0000000008000dd8       0x28 build/HvLightPipe.o
                0x0000000008000dd8                hLp_consume
 .text.msg_getCoreSize.part.0
                0x0000000008000e00       0x1c build/HvMessage.o
 .text.msg_init
                0x0000000008000e1c       0x14 build/HvMessage.o
                0x0000000008000e1c                msg_init
 .text.msg_initWithFloat
                0x0000000008000e30       0x14 build/HvMessage.o
                0x0000000008000e30                msg_initWithFloat
 .text.msg_initWithBang
                0x0000000008000e44       0x18 build/HvMessage.o
                0x0000000008000e44                msg_initWithBang
 .text.msg_initWithSymbol
                0x0000000008000e5c       0x34 build/HvMessage.o
                0x0000000008000e5c                msg_initWithSymbol
 .text.msg_copyToBuffer
                0x0000000008000e90       0xf0 build/HvMessage.o
                0x0000000008000e90                msg_copyToBuffer
 .text.ml_push.part.0
                0x0000000008000f80       0x1c build/HvMessagePool.o
 .text.mp_init  0x0000000008000f9c       0x44 build/HvMessagePool.o
                0x0000000008000f9c                mp_init
 .text.mp_free  0x0000000008000fe0       0x50 build/HvMessagePool.o
                0x0000000008000fe0                mp_free
 .text.mp_freeMessage
                0x0000000008001030       0x44 build/HvMessagePool.o
                0x0000000008001030                mp_freeMessage
 .text.mp_addMessage
                0x0000000008001074       0xd8 build/HvMessagePool.o
                0x0000000008001074                mp_addMessage
 .text.mq_getOrCreateNodeFromPool.part.0
                0x000000000800114c       0x1c build/HvMessageQueue.o
 .text.mq_initWithPoolSize
                0x0000000008001168       0x30 build/HvMessageQueue.o
                0x0000000008001168                mq_initWithPoolSize
 .text.mq_free  0x0000000008001198       0x68 build/HvMessageQueue.o
                0x0000000008001198                mq_free
 .text.mq_addMessage
                0x0000000008001200       0x58 build/HvMessageQueue.o
                0x0000000008001200                mq_addMessage
 .text.mq_addMessageByTimestamp
                0x0000000008001258       0x94 build/HvMessageQueue.o
                0x0000000008001258                mq_addMessageByTimestamp
 .text.mq_pop   0x00000000080012ec       0x30 build/HvMessageQueue.o
                0x00000000080012ec                mq_pop
 .text.mq_removeMessage
                0x000000000800131c       0x74 build/HvMessageQueue.o
                0x000000000800131c                mq_removeMessage
 .text.sPhasor_k_init
                0x0000000008001390       0x30 build/HvSignalPhasor.o
                0x0000000008001390                sPhasor_k_init
 .text.sPhasor_k_onMessage
                0x00000000080013c0       0xa8 build/HvSignalPhasor.o
                0x00000000080013c0                sPhasor_k_onMessage
 .text.sVarf_init
                0x0000000008001468        0xc build/HvSignalVar.o
                0x0000000008001468                sVarf_init
 .text.sVarf_onMessage
                0x0000000008001474       0x14 build/HvSignalVar.o
                0x0000000008001474                sVarf_onMessage
 .text.hTable_resize
                0x0000000008001488       0x6c build/HvTable.o
                0x0000000008001488                hTable_resize
 .text.Default_Handler
                0x00000000080014f4        0x4 build/startup_stm32h750xx.o
                0x00000000080014f4                SAI1_IRQHandler
                0x00000000080014f4                HASH_RNG_IRQHandler
                0x00000000080014f4                EXTI2_IRQHandler
                0x00000000080014f4                TIM8_CC_IRQHandler
                0x00000000080014f4                HRTIM1_Master_IRQHandler
                0x00000000080014f4                DebugMon_Handler
                0x00000000080014f4                TIM1_CC_IRQHandler
                0x00000000080014f4                BDMA_Channel6_IRQHandler
                0x00000000080014f4                DMA2_Stream5_IRQHandler
                0x00000000080014f4                HRTIM1_FLT_IRQHandler
                0x00000000080014f4                JPEG_IRQHandler
                0x00000000080014f4                BDMA_Channel1_IRQHandler
                0x00000000080014f4                HRTIM1_TIMD_IRQHandler
                0x00000000080014f4                TAMP_STAMP_IRQHandler
                0x00000000080014f4                PendSV_Handler
                0x00000000080014f4                NMI_Handler
                0x00000000080014f4                EXTI3_IRQHandler
                0x00000000080014f4                LPTIM4_IRQHandler
                0x00000000080014f4                TIM8_TRG_COM_TIM14_IRQHandler
                0x00000000080014f4                LPTIM2_IRQHandler
                0x00000000080014f4                DFSDM1_FLT1_IRQHandler
                0x00000000080014f4                DMAMUX2_OVR_IRQHandler
                0x00000000080014f4                TIM8_UP_TIM13_IRQHandler
                0x00000000080014f4                I2C3_ER_IRQHandler
                0x00000000080014f4                DFSDM1_FLT2_IRQHandler
                0x00000000080014f4                MDMA_IRQHandler
                0x00000000080014f4                LPTIM3_IRQHandler
                0x00000000080014f4                HSEM1_IRQHandler
                0x00000000080014f4                EXTI0_IRQHandler
                0x00000000080014f4                FPU_IRQHandler
                0x00000000080014f4                OTG_HS_WKUP_IRQHandler
                0x00000000080014f4                FDCAN1_IT1_IRQHandler
                0x00000000080014f4                UsageFault_Handler
                0x00000000080014f4                LTDC_ER_IRQHandler
                0x00000000080014f4                HRTIM1_TIME_IRQHandler
                0x00000000080014f4                TIM6_DAC_IRQHandler
                0x00000000080014f4                DCMI_IRQHandler
                0x00000000080014f4                HRTIM1_TIMC_IRQHandler
                0x00000000080014f4                SAI2_IRQHandler
                0x00000000080014f4                DFSDM1_FLT3_IRQHandler
                0x00000000080014f4                TIM17_IRQHandler
                0x00000000080014f4                CRYP_IRQHandler
                0x00000000080014f4                BDMA_Channel7_IRQHandler
                0x00000000080014f4                LPTIM5_IRQHandler
                0x00000000080014f4                ADC3_IRQHandler
                0x00000000080014f4                DMA2_Stream0_IRQHandler
                0x00000000080014f4                BDMA_Channel2_IRQHandler
                0x00000000080014f4                DMAMUX1_OVR_IRQHandler
                0x00000000080014f4                TIM16_IRQHandler
                0x00000000080014f4                BDMA_Channel5_IRQHandler
                0x00000000080014f4                RCC_IRQHandler
                0x00000000080014f4                TIM8_BRK_TIM12_IRQHandler
                0x00000000080014f4                TIM1_TRG_COM_IRQHandler
                0x00000000080014f4                Default_Handler
                0x00000000080014f4                ECC_IRQHandler
                0x00000000080014f4                CEC_IRQHandler
                0x00000000080014f4                EXTI15_10_IRQHandler
                0x00000000080014f4                BDMA_Channel0_IRQHandler
                0x00000000080014f4                ADC_IRQHandler
                0x00000000080014f4                DMA1_Stream7_IRQHandler
                0x00000000080014f4                HRTIM1_TIMA_IRQHandler
                0x00000000080014f4                TIM7_IRQHandler
                0x00000000080014f4                SDMMC1_IRQHandler
                0x00000000080014f4                DMA2_Stream7_IRQHandler
                0x00000000080014f4                TIM15_IRQHandler
                0x00000000080014f4                PVD_AVD_IRQHandler
                0x00000000080014f4                EXTI9_5_IRQHandler
                0x00000000080014f4                RTC_WKUP_IRQHandler
                0x00000000080014f4                LTDC_IRQHandler
                0x00000000080014f4                SAI3_IRQHandler
                0x00000000080014f4                ETH_WKUP_IRQHandler
                0x00000000080014f4                SPDIF_RX_IRQHandler
                0x00000000080014f4                MemManage_Handler
                0x00000000080014f4                SVC_Handler
                0x00000000080014f4                CRS_IRQHandler
                0x00000000080014f4                EXTI4_IRQHandler
                0x00000000080014f4                HRTIM1_TIMB_IRQHandler
                0x00000000080014f4                FDCAN2_IT1_IRQHandler
                0x00000000080014f4                ETH_IRQHandler
                0x00000000080014f4                TIM1_UP_IRQHandler
                0x00000000080014f4                BDMA_Channel4_IRQHandler
                0x00000000080014f4                WWDG_IRQHandler
                0x00000000080014f4                SPI6_IRQHandler
                0x00000000080014f4                I2C4_EV_IRQHandler
                0x00000000080014f4                MDIOS_IRQHandler
                0x00000000080014f4                FDCAN2_IT0_IRQHandler
                0x00000000080014f4                FDCAN1_IT0_IRQHandler
                0x00000000080014f4                OTG_FS_WKUP_IRQHandler
                0x00000000080014f4                DMA2D_IRQHandler
                0x00000000080014f4                TIM1_BRK_IRQHandler
                0x00000000080014f4                EXTI1_IRQHandler
                0x00000000080014f4                SDMMC2_IRQHandler
                0x00000000080014f4                OTG_FS_EP1_OUT_IRQHandler
                0x00000000080014f4                BDMA_Channel3_IRQHandler
                0x00000000080014f4                MDIOS_WKUP_IRQHandler
                0x00000000080014f4                DFSDM1_FLT0_IRQHandler
                0x00000000080014f4                SAI4_IRQHandler
                0x00000000080014f4                I2C2_ER_IRQHandler
                0x00000000080014f4                DMA2_Stream1_IRQHandler
                0x00000000080014f4                FLASH_IRQHandler
                0x00000000080014f4                BusFault_Handler
                0x00000000080014f4                OTG_FS_IRQHandler
                0x00000000080014f4                WAKEUP_PIN_IRQHandler
                0x00000000080014f4                OTG_FS_EP1_IN_IRQHandler
                0x00000000080014f4                I2C1_ER_IRQHandler
                0x00000000080014f4                FMC_IRQHandler
                0x00000000080014f4                FDCAN_CAL_IRQHandler
                0x00000000080014f4                SWPMI1_IRQHandler
                0x00000000080014f4                COMP1_IRQHandler
                0x00000000080014f4                LPTIM1_IRQHandler
                0x00000000080014f4                I2C4_ER_IRQHandler
                0x00000000080014f4                DMA2_Stream6_IRQHandler
                0x00000000080014f4                RTC_Alarm_IRQHandler
 .text.Reset_Handler
                0x00000000080014f8       0x44 build/startup_stm32h750xx.o
                0x00000000080014f8                Reset_Handler
 .text._ZN12HeavyContext7getSizeEv
                0x000000000800153c        0x4 build/HeavyContext.o
                0x000000000800153c                HeavyContext::getSize()
 .text._ZN12HeavyContext13getSampleRateEv
                0x0000000008001540        0x8 build/HeavyContext.o
                0x0000000008001540                HeavyContext::getSampleRate()
 .text._ZN12HeavyContext16getCurrentSampleEv
                0x0000000008001548        0x4 build/HeavyContext.o
                0x0000000008001548                HeavyContext::getCurrentSample()
 *fill*         0x000000000800154c        0x4 
 .text._ZN12HeavyContext21samplesToMillisecondsEm
                0x0000000008001550       0x28 build/HeavyContext.o
                0x0000000008001550                HeavyContext::samplesToMilliseconds(unsigned long)
 .text._ZN12HeavyContext11setUserDataEPv
                0x0000000008001578        0x4 build/HeavyContext.o
                0x0000000008001578                HeavyContext::setUserData(void*)
 .text._ZN12HeavyContext11getUserDataEv
                0x000000000800157c        0x4 build/HeavyContext.o
                0x000000000800157c                HeavyContext::getUserData()
 .text._ZN12HeavyContext11setSendHookEPFvP21HeavyContextInterfacePKcmPK9HvMessageE
                0x0000000008001580        0x4 build/HeavyContext.o
                0x0000000008001580                HeavyContext::setSendHook(void (*)(HeavyContextInterface*, char const*, unsigned long, HvMessage const*))
 .text._ZN12HeavyContext11getSendHookEv
                0x0000000008001584        0x4 build/HeavyContext.o
                0x0000000008001584                HeavyContext::getSendHook()
 .text._ZN12HeavyContext12setPrintHookEPFvP21HeavyContextInterfacePKcS3_PK9HvMessageE
                0x0000000008001588        0x4 build/HeavyContext.o
                0x0000000008001588                HeavyContext::setPrintHook(void (*)(HeavyContextInterface*, char const*, char const*, HvMessage const*))
 .text._ZN12HeavyContext12getPrintHookEv
                0x000000000800158c        0x4 build/HeavyContext.o
                0x000000000800158c                HeavyContext::getPrintHook()
 .text._ZN12HeavyContext17getBufferForTableEm
                0x0000000008001590       0x10 build/HeavyContext.o
                0x0000000008001590                HeavyContext::getBufferForTable(unsigned long)
 .text._ZN12HeavyContext17getLengthForTableEm
                0x00000000080015a0       0x10 build/HeavyContext.o
                0x00000000080015a0                HeavyContext::getLengthForTable(unsigned long)
 .text._ZN12HeavyContext11lockReleaseEv
                0x00000000080015b0        0xc build/HeavyContext.o
                0x00000000080015b0                HeavyContext::lockRelease()
 *fill*         0x00000000080015bc        0x4 
 .text._ZN12HeavyContext18sendBangToReceiverEm
                0x00000000080015c0       0x38 build/HeavyContext.o
                0x00000000080015c0                HeavyContext::sendBangToReceiver(unsigned long)
 .text._ZN12HeavyContext19sendFloatToReceiverEmf
                0x00000000080015f8       0x38 build/HeavyContext.o
                0x00000000080015f8                HeavyContext::sendFloatToReceiver(unsigned long, float)
 .text._ZN12HeavyContext20sendSymbolToReceiverEmPKc
                0x0000000008001630       0x4c build/HeavyContext.o
                0x0000000008001630                HeavyContext::sendSymbolToReceiver(unsigned long, char const*)
 .text._ZN12HeavyContext11lockAcquireEv
                0x000000000800167c       0x20 build/HeavyContext.o
                0x000000000800167c                HeavyContext::lockAcquire()
 .text._ZN12HeavyContext7lockTryEv
                0x000000000800169c       0x20 build/HeavyContext.o
                0x000000000800169c                HeavyContext::lockTry()
 .text._ZN12HeavyContext13cancelMessageEP9HvMessagePFvP21HeavyContextInterfaceiPKS0_E
                0x00000000080016bc        0x8 build/HeavyContext.o
                0x00000000080016bc                HeavyContext::cancelMessage(HvMessage*, void (*)(HeavyContextInterface*, int, HvMessage const*))
 .text._ZN12HeavyContext17setLengthForTableEmm
                0x00000000080016c4       0x18 build/HeavyContext.o
                0x00000000080016c4                HeavyContext::setLengthForTable(unsigned long, unsigned long)
 *fill*         0x00000000080016dc        0x4 
 .text._ZN12HeavyContext21millisecondsToSamplesEf
                0x00000000080016e0       0x34 build/HeavyContext.o
                0x00000000080016e0                HeavyContext::millisecondsToSamples(float)
 .text._Z15defaultSendHookP21HeavyContextInterfacePKcmPK9HvMessage
                0x0000000008001714       0x4c build/HeavyContext.o
                0x0000000008001714                defaultSendHook(HeavyContextInterface*, char const*, unsigned long, HvMessage const*)
 .text._ZN12HeavyContext24setInputMessageQueueSizeEi
                0x0000000008001760       0x38 build/HeavyContext.o
                0x0000000008001760                HeavyContext::setInputMessageQueueSize(int)
 .text._ZN12HeavyContext25setOutputMessageQueueSizeEi
                0x0000000008001798       0x38 build/HeavyContext.o
                0x0000000008001798                HeavyContext::setOutputMessageQueueSize(int)
 .text._ZN12HeavyContext18getNextSentMessageEPmP9HvMessagej
                0x00000000080017d0       0xd0 build/HeavyContext.o
                0x00000000080017d0                HeavyContext::getNextSentMessage(unsigned long*, HvMessage*, unsigned int)
 .text._ZN12HeavyContext21sendMessageToReceiverEmdP9HvMessage
                0x00000000080018a0      0x100 build/HeavyContext.o
                0x00000000080018a0                HeavyContext::sendMessageToReceiver(unsigned long, double, HvMessage*)
 .text._ZN12HeavyContext22sendMessageToReceiverVEmdPKcz
                0x00000000080019a0      0x218 build/HeavyContext.o
                0x00000000080019a0                HeavyContext::sendMessageToReceiverV(unsigned long, double, char const*, ...)
 .text._ZN12HeavyContextC2Ediii
                0x0000000008001bb8       0xd4 build/HeavyContext.o
                0x0000000008001bb8                HeavyContext::HeavyContext(double, int, int, int)
                0x0000000008001bb8                HeavyContext::HeavyContext(double, int, int, int)
 .text._ZN12HeavyContextD2Ev
                0x0000000008001c8c       0x28 build/HeavyContext.o
                0x0000000008001c8c                HeavyContext::~HeavyContext()
                0x0000000008001c8c                HeavyContext::~HeavyContext()
 .text._ZN19Heavy_daisy_control7getNameEv
                0x0000000008001cb4        0x8 build/Heavy_daisy_control.o
                0x0000000008001cb4                Heavy_daisy_control::getName()
 .text._ZN19Heavy_daisy_control19getNumInputChannelsEv
                0x0000000008001cbc        0x4 build/Heavy_daisy_control.o
                0x0000000008001cbc                Heavy_daisy_control::getNumInputChannels()
 .text._ZN19Heavy_daisy_control20getNumOutputChannelsEv
                0x0000000008001cc0        0x4 build/Heavy_daisy_control.o
                0x0000000008001cc0                Heavy_daisy_control::getNumOutputChannels()
 .text._ZN19Heavy_daisy_control15getTableForHashEm
                0x0000000008001cc4        0x4 build/Heavy_daisy_control.o
                0x0000000008001cc4                Heavy_daisy_control::getTableForHash(unsigned long)
 .text._ZN19Heavy_daisy_controlD2Ev
                0x0000000008001cc8       0x14 build/Heavy_daisy_control.o
                0x0000000008001cc8                Heavy_daisy_control::~Heavy_daisy_control()
                0x0000000008001cc8                Heavy_daisy_control::~Heavy_daisy_control()
 .text._ZN19Heavy_daisy_controlD0Ev
                0x0000000008001cdc       0x1c build/Heavy_daisy_control.o
                0x0000000008001cdc                Heavy_daisy_control::~Heavy_daisy_control()
 .text._ZN19Heavy_daisy_control27cBinop_TJ0Cw5i4_sendMessageEP21HeavyContextInterfaceiPK9HvMessage
                0x0000000008001cf8        0xc build/Heavy_daisy_control.o
                0x0000000008001cf8                Heavy_daisy_control::cBinop_TJ0Cw5i4_sendMessage(HeavyContextInterface*, int, HvMessage const*)
 .text._ZN19Heavy_daisy_control27cBinop_mb7cZkKx_sendMessageEP21HeavyContextInterfaceiPK9HvMessage
                0x0000000008001d04        0x8 build/Heavy_daisy_control.o
                0x0000000008001d04                Heavy_daisy_control::cBinop_mb7cZkKx_sendMessage(HeavyContextInterface*, int, HvMessage const*)
 .text._ZN19Heavy_daisy_control29cReceive_GE5qdYgZ_sendMessageEP21HeavyContextInterfaceiPK9HvMessage
                0x0000000008001d0c       0x28 build/Heavy_daisy_control.o
                0x0000000008001d0c                Heavy_daisy_control::cReceive_GE5qdYgZ_sendMessage(HeavyContextInterface*, int, HvMessage const*)
 .text._ZN19Heavy_daisy_control29cReceive_S07AdeHm_sendMessageEP21HeavyContextInterfaceiPK9HvMessage
                0x0000000008001d34       0x28 build/Heavy_daisy_control.o
                0x0000000008001d34                Heavy_daisy_control::cReceive_S07AdeHm_sendMessage(HeavyContextInterface*, int, HvMessage const*)
 .text._ZN19Heavy_daisy_control13processInlineEPfS0_i
                0x0000000008001d5c       0x20 build/Heavy_daisy_control.o
                0x0000000008001d5c                Heavy_daisy_control::processInline(float*, float*, int)
 .text._ZN19Heavy_daisy_control24processInlineInterleavedEPfS0_i
                0x0000000008001d7c       0x6c build/Heavy_daisy_control.o
                0x0000000008001d7c                Heavy_daisy_control::processInlineInterleaved(float*, float*, int)
 .text._ZN19Heavy_daisy_control16getParameterInfoEiP15HvParameterInfo
                0x0000000008001de8       0x7c build/Heavy_daisy_control.o
                0x0000000008001de8                Heavy_daisy_control::getParameterInfo(int, HvParameterInfo*)
 .text._ZN19Heavy_daisy_control26scheduleMessageForReceiverEmP9HvMessage
                0x0000000008001e64       0x38 build/Heavy_daisy_control.o
                0x0000000008001e64                Heavy_daisy_control::scheduleMessageForReceiver(unsigned long, HvMessage*)
 .text._ZN19Heavy_daisy_control7processEPPfS1_i
                0x0000000008001e9c      0x17c build/Heavy_daisy_control.o
                0x0000000008001e9c                Heavy_daisy_control::process(float**, float**, int)
 .text._ZN19Heavy_daisy_controlC2Ediii
                0x0000000008002018       0x54 build/Heavy_daisy_control.o
                0x0000000008002018                Heavy_daisy_control::Heavy_daisy_control(double, int, int, int)
                0x0000000008002018                Heavy_daisy_control::Heavy_daisy_control(double, int, int, int)
 .text.hv_getSampleRate
                0x000000000800206c       0x34 build/HvHeavy.o
                0x000000000800206c                hv_getSampleRate
 .text._ZL8sendHookP21HeavyContextInterfacePKcmPK9HvMessage
                0x00000000080020a0        0x4 build/HeavyDaisy_daisy_control.o
 .text._ZN5daisy11OledDisplayINS_13SSD130xDriverILj128ELj64ENS_24SSD130x4WireSpiTransportEEEE4FillEb
                0x00000000080020a4       0x10 build/HeavyDaisy_daisy_control.o
                0x00000000080020a4                daisy::OledDisplay<daisy::SSD130xDriver<128u, 64u, daisy::SSD130x4WireSpiTransport> >::Fill(bool)
 .text._ZN5daisy11OledDisplayINS_13SSD130xDriverILj128ELj64ENS_24SSD130x4WireSpiTransportEEEED2Ev
                0x00000000080020b4        0x4 build/HeavyDaisy_daisy_control.o
                0x00000000080020b4                daisy::OledDisplay<daisy::SSD130xDriver<128u, 64u, daisy::SSD130x4WireSpiTransport> >::~OledDisplay()
                0x00000000080020b4                daisy::OledDisplay<daisy::SSD130xDriver<128u, 64u, daisy::SSD130x4WireSpiTransport> >::~OledDisplay()
 .text._ZN10json2daisy16DaisyPhonopterosD2Ev
                0x00000000080020b8        0x4 build/HeavyDaisy_daisy_control.o
                0x00000000080020b8                json2daisy::DaisyPhonopteros::~DaisyPhonopteros()
                0x00000000080020b8                json2daisy::DaisyPhonopteros::~DaisyPhonopteros()
 .text._ZNK5daisy11OledDisplayINS_13SSD130xDriverILj128ELj64ENS_24SSD130x4WireSpiTransportEEEE6HeightEv
                0x00000000080020bc        0x4 build/HeavyDaisy_daisy_control.o
                0x00000000080020bc                daisy::OledDisplay<daisy::SSD130xDriver<128u, 64u, daisy::SSD130x4WireSpiTransport> >::Height() const
 .text._ZNK5daisy11OledDisplayINS_13SSD130xDriverILj128ELj64ENS_24SSD130x4WireSpiTransportEEEE5WidthEv
                0x00000000080020c0        0x4 build/HeavyDaisy_daisy_control.o
                0x00000000080020c0                daisy::OledDisplay<daisy::SSD130xDriver<128u, 64u, daisy::SSD130x4WireSpiTransport> >::Width() const
 .text._ZN5daisy11OledDisplayINS_13SSD130xDriverILj128ELj64ENS_24SSD130x4WireSpiTransportEEEED0Ev
                0x00000000080020c4       0x10 build/HeavyDaisy_daisy_control.o
                0x00000000080020c4                daisy::OledDisplay<daisy::SSD130xDriver<128u, 64u, daisy::SSD130x4WireSpiTransport> >::~OledDisplay()
 .text._ZN5daisy11OledDisplayINS_13SSD130xDriverILj128ELj64ENS_24SSD130x4WireSpiTransportEEEE6UpdateEv
                0x00000000080020d4       0x8c build/HeavyDaisy_daisy_control.o
                0x00000000080020d4                daisy::OledDisplay<daisy::SSD130xDriver<128u, 64u, daisy::SSD130x4WireSpiTransport> >::Update()
 .text._ZN5daisy25OneBitGraphicsDisplayImplINS_11OledDisplayINS_13SSD130xDriverILj128ELj64ENS_24SSD130x4WireSpiTransportEEEEEE11WriteStringEPKc7FontDefb
                0x0000000008002160      0x1c0 build/HeavyDaisy_daisy_control.o
                0x0000000008002160                daisy::OneBitGraphicsDisplayImpl<daisy::OledDisplay<daisy::SSD130xDriver<128u, 64u, daisy::SSD130x4WireSpiTransport> > >::WriteString(char const*, FontDef, bool)
 .text._ZN5daisy25OneBitGraphicsDisplayImplINS_11OledDisplayINS_13SSD130xDriverILj128ELj64ENS_24SSD130x4WireSpiTransportEEEEEE9WriteCharEc7FontDefb
                0x0000000008002320      0x1a0 build/HeavyDaisy_daisy_control.o
                0x0000000008002320                daisy::OneBitGraphicsDisplayImpl<daisy::OledDisplay<daisy::SSD130xDriver<128u, 64u, daisy::SSD130x4WireSpiTransport> > >::WriteChar(char, FontDef, bool)
 .text._ZN5daisy25OneBitGraphicsDisplayImplINS_11OledDisplayINS_13SSD130xDriverILj128ELj64ENS_24SSD130x4WireSpiTransportEEEEEE18WriteStringAlignedEPKcRK7FontDefNS_9RectangleENS_9AlignmentEb
                0x00000000080024c0      0x3ec build/HeavyDaisy_daisy_control.o
                0x00000000080024c0                daisy::OneBitGraphicsDisplayImpl<daisy::OledDisplay<daisy::SSD130xDriver<128u, 64u, daisy::SSD130x4WireSpiTransport> > >::WriteStringAligned(char const*, FontDef const&, daisy::Rectangle, daisy::Alignment, bool)
 .text._ZN5daisy11OledDisplayINS_13SSD130xDriverILj128ELj64ENS_24SSD130x4WireSpiTransportEEEE9DrawPixelEjjb
                0x00000000080028ac       0x44 build/HeavyDaisy_daisy_control.o
                0x00000000080028ac                daisy::OledDisplay<daisy::SSD130xDriver<128u, 64u, daisy::SSD130x4WireSpiTransport> >::DrawPixel(unsigned int, unsigned int, bool)
 .text._ZN5daisy25OneBitGraphicsDisplayImplINS_11OledDisplayINS_13SSD130xDriverILj128ELj64ENS_24SSD130x4WireSpiTransportEEEEEE8DrawLineEjjjjb
                0x00000000080028f0       0xfc build/HeavyDaisy_daisy_control.o
                0x00000000080028f0                daisy::OneBitGraphicsDisplayImpl<daisy::OledDisplay<daisy::SSD130xDriver<128u, 64u, daisy::SSD130x4WireSpiTransport> > >::DrawLine(unsigned int, unsigned int, unsigned int, unsigned int, bool)
 *fill*         0x00000000080029ec        0x4 
 .text._ZN5daisy25OneBitGraphicsDisplayImplINS_11OledDisplayINS_13SSD130xDriverILj128ELj64ENS_24SSD130x4WireSpiTransportEEEEEE7DrawArcEjjjiib
                0x00000000080029f0      0x478 build/HeavyDaisy_daisy_control.o
                0x00000000080029f0                daisy::OneBitGraphicsDisplayImpl<daisy::OledDisplay<daisy::SSD130xDriver<128u, 64u, daisy::SSD130x4WireSpiTransport> > >::DrawArc(unsigned int, unsigned int, unsigned int, int, int, bool)
 .text._ZN5daisy25OneBitGraphicsDisplayImplINS_11OledDisplayINS_13SSD130xDriverILj128ELj64ENS_24SSD130x4WireSpiTransportEEEEEE8DrawRectEjjjjbb
                0x0000000008002e68      0x418 build/HeavyDaisy_daisy_control.o
                0x0000000008002e68                daisy::OneBitGraphicsDisplayImpl<daisy::OledDisplay<daisy::SSD130xDriver<128u, 64u, daisy::SSD130x4WireSpiTransport> > >::DrawRect(unsigned int, unsigned int, unsigned int, unsigned int, bool, bool)
 .text._ZN5daisy13SSD130xDriverILj128ELj64ENS_24SSD130x4WireSpiTransportEE4InitENS2_6ConfigE
                0x0000000008003280      0x2ec build/HeavyDaisy_daisy_control.o
                0x0000000008003280                daisy::SSD130xDriver<128u, 64u, daisy::SSD130x4WireSpiTransport>::Init(daisy::SSD130xDriver<128u, 64u, daisy::SSD130x4WireSpiTransport>::Config)
 .text._ZN10json2daisy16DaisyPhonopteros4InitEb
                0x000000000800356c      0x1a8 build/HeavyDaisy_daisy_control.o
                0x000000000800356c                json2daisy::DaisyPhonopteros::Init(bool)
 .text.startup.main
                0x0000000008003714       0x2c build/HeavyDaisy_daisy_control.o
                0x0000000008003714                main
 .text.startup._GLOBAL__sub_I_hardware
                0x0000000008003740       0x60 build/HeavyDaisy_daisy_control.o
 .text._Z13audiocallbackPKPKfPPfj
                0x00000000080037a0       0x58 build/HeavyDaisy_daisy_control.o
                0x00000000080037a0                audiocallback(float const* const*, float**, unsigned int)
 .text._ZN5daisy9DaisySeed9ConfigureEv
                0x00000000080037f8        0x4 ../../../lib/pd2dsy/libdaisy/build/libdaisy.a(daisy_seed.o)
                0x00000000080037f8                daisy::DaisySeed::Configure()
 .text._ZN5daisy9DaisySeed6GetPinEh
                0x00000000080037fc       0x2c ../../../lib/pd2dsy/libdaisy/build/libdaisy.a(daisy_seed.o)
                0x00000000080037fc                daisy::DaisySeed::GetPin(unsigned char)
 .text._ZN5daisy9DaisySeed10StartAudioEPFvPKPKfPPfjE
                0x0000000008003828        0x8 ../../../lib/pd2dsy/libdaisy/build/libdaisy.a(daisy_seed.o)
                0x0000000008003828                daisy::DaisySeed::StartAudio(void (*)(float const* const*, float**, unsigned int))
 .text._ZNK5daisy9DaisySeed17AudioCallbackRateEv
                0x0000000008003830        0x8 ../../../lib/pd2dsy/libdaisy/build/libdaisy.a(daisy_seed.o)
                0x0000000008003830                daisy::DaisySeed::AudioCallbackRate() const
 .text._ZN5daisy9DaisySeed14ConfigureAudioEv
                0x0000000008003838       0xd0 ../../../lib/pd2dsy/libdaisy/build/libdaisy.a(daisy_seed.o)
                0x0000000008003838                daisy::DaisySeed::ConfigureAudio()
 .text._ZN5daisy9DaisySeed4InitEb
                0x0000000008003908       0xf0 ../../../lib/pd2dsy/libdaisy/build/libdaisy.a(daisy_seed.o)
                0x0000000008003908                daisy::DaisySeed::Init(bool)
 .text._ZN5daisy6Ak45564InitE12dsy_gpio_pin
                0x00000000080039f8       0x44 ../../../lib/pd2dsy/libdaisy/build/libdaisy.a(codec_ak4556.o)
                0x00000000080039f8                daisy::Ak4556::Init(dsy_gpio_pin)
 .text._ZN5daisy6Wm873120WriteControlRegisterEht
                0x0000000008003a3c       0x3c ../../../lib/pd2dsy/libdaisy/build/libdaisy.a(codec_wm8731.o)
                0x0000000008003a3c                daisy::Wm8731::WriteControlRegister(unsigned char, unsigned short)
 .text._ZN5daisy6Wm87314InitERKNS0_6ConfigENS_9I2CHandleE
                0x0000000008003a78      0x1bc ../../../lib/pd2dsy/libdaisy/build/libdaisy.a(codec_wm8731.o)
                0x0000000008003a78                daisy::Wm8731::Init(daisy::Wm8731::Config const&, daisy::I2CHandle)
 .text._ZN11SdramHandle10DeviceInitEv
                0x0000000008003c34       0x98 ../../../lib/pd2dsy/libdaisy/build/libdaisy.a(sdram.o)
                0x0000000008003c34                SdramHandle::DeviceInit()
 .text._ZN11SdramHandle4InitEv
                0x0000000008003ccc       0x7c ../../../lib/pd2dsy/libdaisy/build/libdaisy.a(sdram.o)
                0x0000000008003ccc                SdramHandle::Init()
 .text.HAL_SDRAM_MspInit
                0x0000000008003d48      0x1a8 ../../../lib/pd2dsy/libdaisy/build/libdaisy.a(sdram.o)
                0x0000000008003d48                HAL_SDRAM_MspInit
 .text._ZN5daisy11AudioHandle4Impl16InternalCallbackEPlS2_j
                0x0000000008003ef0      0xbbc ../../../lib/pd2dsy/libdaisy/build/libdaisy.a(audio.o)
                0x0000000008003ef0                daisy::AudioHandle::Impl::InternalCallback(long*, long*, unsigned int)
 .text._ZN5daisy11AudioHandle4InitERKNS0_6ConfigENS_9SaiHandleE
                0x0000000008004aac       0x70 ../../../lib/pd2dsy/libdaisy/build/libdaisy.a(audio.o)
                0x0000000008004aac                daisy::AudioHandle::Init(daisy::AudioHandle::Config const&, daisy::SaiHandle)
 .text._ZNK5daisy11AudioHandle9GetConfigEv
                0x0000000008004b1c        0x8 ../../../lib/pd2dsy/libdaisy/build/libdaisy.a(audio.o)
                0x0000000008004b1c                daisy::AudioHandle::GetConfig() const
 .text._ZN5daisy11AudioHandle13GetSampleRateEv
                0x0000000008004b24        0x8 ../../../lib/pd2dsy/libdaisy/build/libdaisy.a(audio.o)
                0x0000000008004b24                daisy::AudioHandle::GetSampleRate()
 .text._ZN5daisy11AudioHandle5StartEPFvPKPKfPPfjE
                0x0000000008004b2c       0x44 ../../../lib/pd2dsy/libdaisy/build/libdaisy.a(audio.o)
                0x0000000008004b2c                daisy::AudioHandle::Start(void (*)(float const* const*, float**, unsigned int))
 .text.startup._GLOBAL__sub_I__ZN5daisy11AudioHandle4Impl4InitENS0_6ConfigENS_9SaiHandleE
                0x0000000008004b70       0x24 ../../../lib/pd2dsy/libdaisy/build/libdaisy.a(audio.o)
 .text._ZN5daisy13AnalogControl4InitEPtfbbf
                0x0000000008004b94       0x64 ../../../lib/pd2dsy/libdaisy/build/libdaisy.a(ctrl.o)
                0x0000000008004b94                daisy::AnalogControl::Init(unsigned short*, float, bool, bool, float)
 .text._ZN5daisy13AnalogControl7ProcessEv
                0x0000000008004bf8       0x48 ../../../lib/pd2dsy/libdaisy/build/libdaisy.a(ctrl.o)
                0x0000000008004bf8                daisy::AnalogControl::Process()
 .text._ZN5daisy16AdcChannelConfig10InitSingleE12dsy_gpio_pin
                0x0000000008004c40       0x1c ../../../lib/pd2dsy/libdaisy/build/libdaisy.a(adc.o)
                0x0000000008004c40                daisy::AdcChannelConfig::InitSingle(dsy_gpio_pin)
 .text._ZN5daisy9AdcHandle4InitEPNS_16AdcChannelConfigEjNS0_12OverSamplingE
                0x0000000008004c5c      0x3c8 ../../../lib/pd2dsy/libdaisy/build/libdaisy.a(adc.o)
                0x0000000008004c5c                daisy::AdcHandle::Init(daisy::AdcChannelConfig*, unsigned int, daisy::AdcHandle::OverSampling)
 .text._ZN5daisy9AdcHandle5StartEv
                0x0000000008005024       0x2c ../../../lib/pd2dsy/libdaisy/build/libdaisy.a(adc.o)
                0x0000000008005024                daisy::AdcHandle::Start()
 .text._ZNK5daisy9AdcHandle6GetPtrEh
                0x0000000008005050       0x14 ../../../lib/pd2dsy/libdaisy/build/libdaisy.a(adc.o)
                0x0000000008005050                daisy::AdcHandle::GetPtr(unsigned char) const
 .text.HAL_ADC_MspInit
                0x0000000008005064       0x98 ../../../lib/pd2dsy/libdaisy/build/libdaisy.a(adc.o)
                0x0000000008005064                HAL_ADC_MspInit
 .text.DMA1_Stream2_IRQHandler
                0x00000000080050fc        0xc ../../../lib/pd2dsy/libdaisy/build/libdaisy.a(adc.o)
                0x00000000080050fc                DMA1_Stream2_IRQHandler
 .text.HAL_ADC_ConvCpltCallback
                0x0000000008005108      0x148 ../../../lib/pd2dsy/libdaisy/build/libdaisy.a(adc.o)
                0x0000000008005108                HAL_ADC_ConvCpltCallback
 .text.HAL_ADC_ErrorCallback
                0x0000000008005250        0x4 ../../../lib/pd2dsy/libdaisy/build/libdaisy.a(adc.o)
                0x0000000008005250                HAL_ADC_ErrorCallback
 .text.dsy_gpio_init
                0x0000000008005254      0x1b8 ../../../lib/pd2dsy/libdaisy/build/libdaisy.a(gpio.o)
                0x0000000008005254                dsy_gpio_init
 .text.dsy_gpio_read
                0x000000000800540c       0x1c ../../../lib/pd2dsy/libdaisy/build/libdaisy.a(gpio.o)
                0x000000000800540c                dsy_gpio_read
 .text.dsy_gpio_write
                0x0000000008005428       0x24 ../../../lib/pd2dsy/libdaisy/build/libdaisy.a(gpio.o)
                0x0000000008005428                dsy_gpio_write
 .text._ZN5daisy9I2CHandle4Impl8InitPinsEv
                0x000000000800544c       0x58 ../../../lib/pd2dsy/libdaisy/build/libdaisy.a(i2c.o)
                0x000000000800544c                daisy::I2CHandle::Impl::InitPins()
 .text.HAL_I2C_MspInit
                0x00000000080054a4      0x1b4 ../../../lib/pd2dsy/libdaisy/build/libdaisy.a(i2c.o)
                0x00000000080054a4                HAL_I2C_MspInit
 .text.dsy_i2c_global_init
                0x0000000008005658       0x78 ../../../lib/pd2dsy/libdaisy/build/libdaisy.a(i2c.o)
                0x0000000008005658                dsy_i2c_global_init
 .text.DMA1_Stream6_IRQHandler
                0x00000000080056d0       0x34 ../../../lib/pd2dsy/libdaisy/build/libdaisy.a(i2c.o)
                0x00000000080056d0                DMA1_Stream6_IRQHandler
 .text.I2C1_EV_IRQHandler
                0x0000000008005704        0xc ../../../lib/pd2dsy/libdaisy/build/libdaisy.a(i2c.o)
                0x0000000008005704                I2C1_EV_IRQHandler
 .text.I2C2_EV_IRQHandler
                0x0000000008005710        0xc ../../../lib/pd2dsy/libdaisy/build/libdaisy.a(i2c.o)
                0x0000000008005710                I2C2_EV_IRQHandler
 .text.I2C3_EV_IRQHandler
                0x000000000800571c        0xc ../../../lib/pd2dsy/libdaisy/build/libdaisy.a(i2c.o)
                0x000000000800571c                I2C3_EV_IRQHandler
 .text._ZN5daisy9I2CHandle4InitERKNS0_6ConfigE
                0x0000000008005728      0x12c ../../../lib/pd2dsy/libdaisy/build/libdaisy.a(i2c.o)
                0x0000000008005728                daisy::I2CHandle::Init(daisy::I2CHandle::Config const&)
 .text._ZN5daisy9I2CHandle16TransmitBlockingEtPhtm
                0x0000000008005854       0x50 ../../../lib/pd2dsy/libdaisy/build/libdaisy.a(i2c.o)
                0x0000000008005854                daisy::I2CHandle::TransmitBlocking(unsigned short, unsigned char*, unsigned short, unsigned long)
 .text.startup._GLOBAL__sub_I__ZN5daisy9I2CHandle4Impl10GlobalInitEv
                0x00000000080058a4       0x18 ../../../lib/pd2dsy/libdaisy/build/libdaisy.a(i2c.o)
 .text._ZN5daisy10QSPIHandle4Impl11WriteEnableEv
                0x00000000080058bc       0x8c ../../../lib/pd2dsy/libdaisy/build/libdaisy.a(qspi.o)
                0x00000000080058bc                daisy::QSPIHandle::Impl::WriteEnable()
 .text._ZN5daisy10QSPIHandle4Impl17DummyCyclesConfigENS0_6Config6DeviceE
                0x0000000008005948      0x118 ../../../lib/pd2dsy/libdaisy/build/libdaisy.a(qspi.o)
                0x0000000008005948                daisy::QSPIHandle::Impl::DummyCyclesConfig(daisy::QSPIHandle::Config::Device)
 .text._ZN5daisy10QSPIHandle4Impl10QuadEnableEv
                0x0000000008005a60      0x158 ../../../lib/pd2dsy/libdaisy/build/libdaisy.a(qspi.o)
                0x0000000008005a60                daisy::QSPIHandle::Impl::QuadEnable()
 .text._ZN5daisy10QSPIHandle4InitERKNS0_6ConfigE
                0x0000000008005bb8      0x198 ../../../lib/pd2dsy/libdaisy/build/libdaisy.a(qspi.o)
                0x0000000008005bb8                daisy::QSPIHandle::Init(daisy::QSPIHandle::Config const&)
 .text.HAL_QSPI_MspInit
                0x0000000008005d50      0x11c ../../../lib/pd2dsy/libdaisy/build/libdaisy.a(qspi.o)
                0x0000000008005d50                HAL_QSPI_MspInit
 .text.HAL_QSPI_MspDeInit
                0x0000000008005e6c       0x54 ../../../lib/pd2dsy/libdaisy/build/libdaisy.a(qspi.o)
                0x0000000008005e6c                HAL_QSPI_MspDeInit
 .text.QUADSPI_IRQHandler
                0x0000000008005ec0        0xc ../../../lib/pd2dsy/libdaisy/build/libdaisy.a(qspi.o)
                0x0000000008005ec0                QUADSPI_IRQHandler
 .text.startup._GLOBAL__sub_I__ZN5daisy10QSPIHandle4Impl4InitERKNS0_6ConfigE
                0x0000000008005ecc       0x28 ../../../lib/pd2dsy/libdaisy/build/libdaisy.a(qspi.o)
 .text._ZN5daisy9SaiHandle4Impl7InitDmaENS1_15PeripheralBlockE
                0x0000000008005ef4       0xa0 ../../../lib/pd2dsy/libdaisy/build/libdaisy.a(sai.o)
                0x0000000008005ef4                daisy::SaiHandle::Impl::InitDma(daisy::SaiHandle::Impl::PeripheralBlock)
 .text._ZN5daisy9SaiHandle4Impl8InitPinsEv
                0x0000000008005f94       0xa8 ../../../lib/pd2dsy/libdaisy/build/libdaisy.a(sai.o)
                0x0000000008005f94                daisy::SaiHandle::Impl::InitPins()
 .text.HAL_SAI_MspInit
                0x000000000800603c      0x164 ../../../lib/pd2dsy/libdaisy/build/libdaisy.a(sai.o)
                0x000000000800603c                HAL_SAI_MspInit
 .text.DMA1_Stream0_IRQHandler
                0x00000000080061a0        0xc ../../../lib/pd2dsy/libdaisy/build/libdaisy.a(sai.o)
                0x00000000080061a0                DMA1_Stream0_IRQHandler
 .text.DMA1_Stream1_IRQHandler
                0x00000000080061ac        0xc ../../../lib/pd2dsy/libdaisy/build/libdaisy.a(sai.o)
                0x00000000080061ac                DMA1_Stream1_IRQHandler
 .text.DMA1_Stream3_IRQHandler
                0x00000000080061b8        0xc ../../../lib/pd2dsy/libdaisy/build/libdaisy.a(sai.o)
                0x00000000080061b8                DMA1_Stream3_IRQHandler
 .text.DMA1_Stream4_IRQHandler
                0x00000000080061c4        0xc ../../../lib/pd2dsy/libdaisy/build/libdaisy.a(sai.o)
                0x00000000080061c4                DMA1_Stream4_IRQHandler
 .text.HAL_SAI_RxHalfCpltCallback
                0x00000000080061d0       0x78 ../../../lib/pd2dsy/libdaisy/build/libdaisy.a(sai.o)
                0x00000000080061d0                HAL_SAI_RxHalfCpltCallback
 .text.HAL_SAI_RxCpltCallback
                0x0000000008006248       0x70 ../../../lib/pd2dsy/libdaisy/build/libdaisy.a(sai.o)
                0x0000000008006248                HAL_SAI_RxCpltCallback
 .text._ZN5daisy9SaiHandle4InitERKNS0_6ConfigE
                0x00000000080062b8      0x1f0 ../../../lib/pd2dsy/libdaisy/build/libdaisy.a(sai.o)
                0x00000000080062b8                daisy::SaiHandle::Init(daisy::SaiHandle::Config const&)
 .text._ZNK5daisy9SaiHandle9GetConfigEv
                0x00000000080064a8        0x4 ../../../lib/pd2dsy/libdaisy/build/libdaisy.a(sai.o)
                0x00000000080064a8                daisy::SaiHandle::GetConfig() const
 .text._ZN5daisy9SaiHandle8StartDmaEPlS1_jPFvS1_S1_jE
                0x00000000080064ac       0xbc ../../../lib/pd2dsy/libdaisy/build/libdaisy.a(sai.o)
                0x00000000080064ac                daisy::SaiHandle::StartDma(long*, long*, unsigned int, void (*)(long*, long*, unsigned int))
 .text._ZN5daisy9SaiHandle13GetSampleRateEv
                0x0000000008006568       0x24 ../../../lib/pd2dsy/libdaisy/build/libdaisy.a(sai.o)
                0x0000000008006568                daisy::SaiHandle::GetSampleRate()
 .text._ZNK5daisy9SaiHandle9GetOffsetEv
                0x000000000800658c        0x8 ../../../lib/pd2dsy/libdaisy/build/libdaisy.a(sai.o)
                0x000000000800658c                daisy::SaiHandle::GetOffset() const
 .text._ZN5daisy9SpiHandle4Impl7InitDmaEv
                0x0000000008006594       0xec ../../../lib/pd2dsy/libdaisy/build/libdaisy.a(spi.o)
                0x0000000008006594                daisy::SpiHandle::Impl::InitDma()
 .text._ZN5daisy9SpiHandle4Impl10StartDmaTxEPhjPFvPvEPFvS3_NS0_6ResultEES3_
                0x0000000008006680       0xc8 ../../../lib/pd2dsy/libdaisy/build/libdaisy.a(spi.o)
                0x0000000008006680                daisy::SpiHandle::Impl::StartDmaTx(unsigned char*, unsigned int, void (*)(void*), void (*)(void*, daisy::SpiHandle::Result), void*)
 .text._ZN5daisy9SpiHandle4Impl10StartDmaRxEPhjPFvPvEPFvS3_NS0_6ResultEES3_
                0x0000000008006748       0xc8 ../../../lib/pd2dsy/libdaisy/build/libdaisy.a(spi.o)
                0x0000000008006748                daisy::SpiHandle::Impl::StartDmaRx(unsigned char*, unsigned int, void (*)(void*), void (*)(void*, daisy::SpiHandle::Result), void*)
 .text._ZN5daisy9SpiHandle4Impl12StartDmaRxTxEPhS2_jPFvPvEPFvS3_NS0_6ResultEES3_
                0x0000000008006810       0xcc ../../../lib/pd2dsy/libdaisy/build/libdaisy.a(spi.o)
                0x0000000008006810                daisy::SpiHandle::Impl::StartDmaRxTx(unsigned char*, unsigned char*, unsigned int, void (*)(void*), void (*)(void*, daisy::SpiHandle::Result), void*)
 .text._ZN5daisy9SpiHandle4Impl8InitPinsEv
                0x00000000080068dc      0x274 ../../../lib/pd2dsy/libdaisy/build/libdaisy.a(spi.o)
                0x00000000080068dc                daisy::SpiHandle::Impl::InitPins()
 .text.HAL_SPI_MspInit
                0x0000000008006b50      0x1a8 ../../../lib/pd2dsy/libdaisy/build/libdaisy.a(spi.o)
                0x0000000008006b50                HAL_SPI_MspInit
 .text.dsy_spi_global_init
                0x0000000008006cf8       0x80 ../../../lib/pd2dsy/libdaisy/build/libdaisy.a(spi.o)
                0x0000000008006cf8                dsy_spi_global_init
 .text.SPI1_IRQHandler
                0x0000000008006d78        0xc ../../../lib/pd2dsy/libdaisy/build/libdaisy.a(spi.o)
                0x0000000008006d78                SPI1_IRQHandler
 .text.SPI2_IRQHandler
                0x0000000008006d84        0xc ../../../lib/pd2dsy/libdaisy/build/libdaisy.a(spi.o)
                0x0000000008006d84                SPI2_IRQHandler
 .text.SPI3_IRQHandler
                0x0000000008006d90        0xc ../../../lib/pd2dsy/libdaisy/build/libdaisy.a(spi.o)
                0x0000000008006d90                SPI3_IRQHandler
 .text.SPI4_IRQHandler
                0x0000000008006d9c        0xc ../../../lib/pd2dsy/libdaisy/build/libdaisy.a(spi.o)
                0x0000000008006d9c                SPI4_IRQHandler
 .text.SPI5_IRQHandler
                0x0000000008006da8        0xc ../../../lib/pd2dsy/libdaisy/build/libdaisy.a(spi.o)
                0x0000000008006da8                SPI5_IRQHandler
 .text.DMA2_Stream2_IRQHandler
                0x0000000008006db4       0x34 ../../../lib/pd2dsy/libdaisy/build/libdaisy.a(spi.o)
                0x0000000008006db4                DMA2_Stream2_IRQHandler
 .text.DMA2_Stream3_IRQHandler
                0x0000000008006de8       0x38 ../../../lib/pd2dsy/libdaisy/build/libdaisy.a(spi.o)
                0x0000000008006de8                DMA2_Stream3_IRQHandler
 .text.HAL_SPI_TxCpltCallback
                0x0000000008006e20       0xc4 ../../../lib/pd2dsy/libdaisy/build/libdaisy.a(spi.o)
                0x0000000008006e20                HAL_SPI_TxCpltCallback
 .text.HAL_SPI_RxCpltCallback
                0x0000000008006ee4       0xc4 ../../../lib/pd2dsy/libdaisy/build/libdaisy.a(spi.o)
                0x0000000008006ee4                HAL_SPI_RxCpltCallback
 .text.HAL_SPI_TxRxCpltCallback
                0x0000000008006fa8       0xc4 ../../../lib/pd2dsy/libdaisy/build/libdaisy.a(spi.o)
                0x0000000008006fa8                HAL_SPI_TxRxCpltCallback
 .text.HAL_SPI_ErrorCallback
                0x000000000800706c       0xc8 ../../../lib/pd2dsy/libdaisy/build/libdaisy.a(spi.o)
                0x000000000800706c                HAL_SPI_ErrorCallback
 .text._ZN5daisy9SpiHandle4InitERKNS0_6ConfigE
                0x0000000008007134      0x10c ../../../lib/pd2dsy/libdaisy/build/libdaisy.a(spi.o)
                0x0000000008007134                daisy::SpiHandle::Init(daisy::SpiHandle::Config const&)
 .text._ZN5daisy9SpiHandle16BlockingTransmitEPhjm
                0x0000000008007240       0x14 ../../../lib/pd2dsy/libdaisy/build/libdaisy.a(spi.o)
                0x0000000008007240                daisy::SpiHandle::BlockingTransmit(unsigned char*, unsigned int, unsigned long)
 .text.startup._GLOBAL__sub_I__Z19MapInstanceToHandleP11SPI_TypeDef
                0x0000000008007254      0x1b0 ../../../lib/pd2dsy/libdaisy/build/libdaisy.a(spi.o)
 .text._ZN5daisy11TimerHandleD2Ev
                0x0000000008007404        0x4 ../../../lib/pd2dsy/libdaisy/build/libdaisy.a(system.o)
                0x0000000008007404                daisy::TimerHandle::~TimerHandle()
                0x0000000008007404                daisy::TimerHandle::~TimerHandle()
 .text.SysTick_Handler
                0x0000000008007408       0x10 ../../../lib/pd2dsy/libdaisy/build/libdaisy.a(system.o)
                0x0000000008007408                SysTick_Handler
 .text.OTG_HS_EP1_OUT_IRQHandler
                0x0000000008007418       0x24 ../../../lib/pd2dsy/libdaisy/build/libdaisy.a(system.o)
                0x0000000008007418                OTG_HS_EP1_OUT_IRQHandler
 .text.OTG_HS_EP1_IN_IRQHandler
                0x000000000800743c       0x24 ../../../lib/pd2dsy/libdaisy/build/libdaisy.a(system.o)
                0x000000000800743c                OTG_HS_EP1_IN_IRQHandler
 .text.OTG_HS_IRQHandler
                0x0000000008007460       0x24 ../../../lib/pd2dsy/libdaisy/build/libdaisy.a(system.o)
                0x0000000008007460                OTG_HS_IRQHandler
 .text.HardFault_Handler
                0x0000000008007484       0xe0 ../../../lib/pd2dsy/libdaisy/build/libdaisy.a(system.o)
                0x0000000008007484                HardFault_Handler
 .text._ZN5daisy6System5DelayEm
                0x0000000008007564        0x4 ../../../lib/pd2dsy/libdaisy/build/libdaisy.a(system.o)
                0x0000000008007564                daisy::System::Delay(unsigned long)
 .text._ZN5daisy6System15ConfigureClocksEv
                0x0000000008007568      0x194 ../../../lib/pd2dsy/libdaisy/build/libdaisy.a(system.o)
                0x0000000008007568                daisy::System::ConfigureClocks()
 .text._ZN5daisy6System4InitERKNS0_6ConfigE
                0x00000000080076fc      0x140 ../../../lib/pd2dsy/libdaisy/build/libdaisy.a(system.o)
                0x00000000080076fc                daisy::System::Init(daisy::System::Config const&)
 .text._ZN5daisy6System12GetPClk1FreqEv
                0x000000000800783c        0x4 ../../../lib/pd2dsy/libdaisy/build/libdaisy.a(system.o)
                0x000000000800783c                daisy::System::GetPClk1Freq()
 .text._ZN5daisy6System22GetProgramMemoryRegionEv
                0x0000000008007840       0x78 ../../../lib/pd2dsy/libdaisy/build/libdaisy.a(system.o)
                0x0000000008007840                daisy::System::GetProgramMemoryRegion()
 .text.startup._GLOBAL__sub_I_SysTick_Handler
                0x00000000080078b8       0x1c ../../../lib/pd2dsy/libdaisy/build/libdaisy.a(system.o)
 .text.SystemInit
                0x00000000080078d4       0x9c ../../../lib/pd2dsy/libdaisy/build/libdaisy.a(system_stm32h7xx.o)
                0x00000000080078d4                SystemInit
 .text.HAL_PCD_SetupStageCallback
                0x0000000008007970        0xc ../../../lib/pd2dsy/libdaisy/build/libdaisy.a(usbd_conf.o)
                0x0000000008007970                HAL_PCD_SetupStageCallback
 .text.HAL_PCD_DataOutStageCallback
                0x000000000800797c       0x14 ../../../lib/pd2dsy/libdaisy/build/libdaisy.a(usbd_conf.o)
                0x000000000800797c                HAL_PCD_DataOutStageCallback
 .text.HAL_PCD_DataInStageCallback
                0x0000000008007990       0x14 ../../../lib/pd2dsy/libdaisy/build/libdaisy.a(usbd_conf.o)
                0x0000000008007990                HAL_PCD_DataInStageCallback
 .text.HAL_PCD_SOFCallback
                0x00000000080079a4        0x8 ../../../lib/pd2dsy/libdaisy/build/libdaisy.a(usbd_conf.o)
                0x00000000080079a4                HAL_PCD_SOFCallback
 .text.HAL_PCD_ResetCallback
                0x00000000080079ac       0x24 ../../../lib/pd2dsy/libdaisy/build/libdaisy.a(usbd_conf.o)
                0x00000000080079ac                HAL_PCD_ResetCallback
 .text.HAL_PCD_SuspendCallback
                0x00000000080079d0       0x30 ../../../lib/pd2dsy/libdaisy/build/libdaisy.a(usbd_conf.o)
                0x00000000080079d0                HAL_PCD_SuspendCallback
 .text.HAL_PCD_ResumeCallback
                0x0000000008007a00        0x8 ../../../lib/pd2dsy/libdaisy/build/libdaisy.a(usbd_conf.o)
                0x0000000008007a00                HAL_PCD_ResumeCallback
 .text.HAL_PCD_ISOOUTIncompleteCallback
                0x0000000008007a08        0x8 ../../../lib/pd2dsy/libdaisy/build/libdaisy.a(usbd_conf.o)
                0x0000000008007a08                HAL_PCD_ISOOUTIncompleteCallback
 .text.HAL_PCD_ISOINIncompleteCallback
                0x0000000008007a10        0x8 ../../../lib/pd2dsy/libdaisy/build/libdaisy.a(usbd_conf.o)
                0x0000000008007a10                HAL_PCD_ISOINIncompleteCallback
 .text.HAL_PCD_ConnectCallback
                0x0000000008007a18        0x8 ../../../lib/pd2dsy/libdaisy/build/libdaisy.a(usbd_conf.o)
                0x0000000008007a18                HAL_PCD_ConnectCallback
 .text.HAL_PCD_DisconnectCallback
                0x0000000008007a20        0x8 ../../../lib/pd2dsy/libdaisy/build/libdaisy.a(usbd_conf.o)
                0x0000000008007a20                HAL_PCD_DisconnectCallback
 .text.USBD_LL_OpenEP
                0x0000000008007a28       0x24 ../../../lib/pd2dsy/libdaisy/build/libdaisy.a(usbd_conf.o)
                0x0000000008007a28                USBD_LL_OpenEP
 .text.USBD_LL_StallEP
                0x0000000008007a4c       0x1c ../../../lib/pd2dsy/libdaisy/build/libdaisy.a(usbd_conf.o)
                0x0000000008007a4c                USBD_LL_StallEP
 .text.USBD_LL_ClearStallEP
                0x0000000008007a68       0x1c ../../../lib/pd2dsy/libdaisy/build/libdaisy.a(usbd_conf.o)
                0x0000000008007a68                USBD_LL_ClearStallEP
 .text.USBD_LL_IsStallEP
                0x0000000008007a84       0x28 ../../../lib/pd2dsy/libdaisy/build/libdaisy.a(usbd_conf.o)
                0x0000000008007a84                USBD_LL_IsStallEP
 .text.USBD_LL_SetUSBAddress
                0x0000000008007aac       0x1c ../../../lib/pd2dsy/libdaisy/build/libdaisy.a(usbd_conf.o)
                0x0000000008007aac                USBD_LL_SetUSBAddress
 .text.USBD_LL_Transmit
                0x0000000008007ac8       0x1c ../../../lib/pd2dsy/libdaisy/build/libdaisy.a(usbd_conf.o)
                0x0000000008007ac8                USBD_LL_Transmit
 .text.USBD_LL_PrepareReceive
                0x0000000008007ae4       0x1c ../../../lib/pd2dsy/libdaisy/build/libdaisy.a(usbd_conf.o)
                0x0000000008007ae4                USBD_LL_PrepareReceive
 .text.HAL_HCD_SOF_Callback
                0x0000000008007b00        0x8 ../../../lib/pd2dsy/libdaisy/build/libdaisy.a(usbh_conf.o)
                0x0000000008007b00                HAL_HCD_SOF_Callback
 .text.HAL_HCD_Connect_Callback
                0x0000000008007b08        0x8 ../../../lib/pd2dsy/libdaisy/build/libdaisy.a(usbh_conf.o)
                0x0000000008007b08                HAL_HCD_Connect_Callback
 .text.HAL_HCD_Disconnect_Callback
                0x0000000008007b10        0x8 ../../../lib/pd2dsy/libdaisy/build/libdaisy.a(usbh_conf.o)
                0x0000000008007b10                HAL_HCD_Disconnect_Callback
 .text.HAL_HCD_HC_NotifyURBChange_Callback
                0x0000000008007b18        0x4 ../../../lib/pd2dsy/libdaisy/build/libdaisy.a(usbh_conf.o)
                0x0000000008007b18                HAL_HCD_HC_NotifyURBChange_Callback
 .text.HAL_HCD_PortEnabled_Callback
                0x0000000008007b1c        0x8 ../../../lib/pd2dsy/libdaisy/build/libdaisy.a(usbh_conf.o)
                0x0000000008007b1c                HAL_HCD_PortEnabled_Callback
 .text.HAL_HCD_PortDisabled_Callback
                0x0000000008007b24        0x8 ../../../lib/pd2dsy/libdaisy/build/libdaisy.a(usbh_conf.o)
                0x0000000008007b24                HAL_HCD_PortDisabled_Callback
 .text.USBH_LL_Stop
                0x0000000008007b2c       0x1c ../../../lib/pd2dsy/libdaisy/build/libdaisy.a(usbh_conf.o)
                0x0000000008007b2c                USBH_LL_Stop
 .text.dsy_hal_map_get_port
                0x0000000008007b48       0x10 ../../../lib/pd2dsy/libdaisy/build/libdaisy.a(hal_map.o)
                0x0000000008007b48                dsy_hal_map_get_port
 .text.dsy_hal_map_get_pin
                0x0000000008007b58       0x10 ../../../lib/pd2dsy/libdaisy/build/libdaisy.a(hal_map.o)
                0x0000000008007b58                dsy_hal_map_get_pin
 .text.dsy_hal_map_gpio_clk_enable
                0x0000000008007b68      0x150 ../../../lib/pd2dsy/libdaisy/build/libdaisy.a(hal_map.o)
                0x0000000008007b68                dsy_hal_map_gpio_clk_enable
 .text.HAL_MspInit
                0x0000000008007cb8        0x4 ../../../lib/pd2dsy/libdaisy/build/libdaisy.a(stm32h7xx_hal.o)
                0x0000000008007cb8                HAL_MspInit
 .text.HAL_InitTick
                0x0000000008007cbc       0x4c ../../../lib/pd2dsy/libdaisy/build/libdaisy.a(stm32h7xx_hal.o)
                0x0000000008007cbc                HAL_InitTick
 .text.HAL_Init
                0x0000000008007d08       0x60 ../../../lib/pd2dsy/libdaisy/build/libdaisy.a(stm32h7xx_hal.o)
                0x0000000008007d08                HAL_Init
 .text.HAL_IncTick
                0x0000000008007d68       0x18 ../../../lib/pd2dsy/libdaisy/build/libdaisy.a(stm32h7xx_hal.o)
                0x0000000008007d68                HAL_IncTick
 .text.HAL_GetTick
                0x0000000008007d80        0xc ../../../lib/pd2dsy/libdaisy/build/libdaisy.a(stm32h7xx_hal.o)
                0x0000000008007d80                HAL_GetTick
 .text.HAL_Delay
                0x0000000008007d8c       0x24 ../../../lib/pd2dsy/libdaisy/build/libdaisy.a(stm32h7xx_hal.o)
                0x0000000008007d8c                HAL_Delay
 .text.HAL_GetREVID
                0x0000000008007db0        0xc ../../../lib/pd2dsy/libdaisy/build/libdaisy.a(stm32h7xx_hal.o)
                0x0000000008007db0                HAL_GetREVID
 .text.HAL_ADC_ConvHalfCpltCallback
                0x0000000008007dbc        0x4 ../../../lib/pd2dsy/libdaisy/build/libdaisy.a(stm32h7xx_hal_adc.o)
                0x0000000008007dbc                HAL_ADC_ConvHalfCpltCallback
 .text.ADC_DMAHalfConvCplt
                0x0000000008007dc0        0xc ../../../lib/pd2dsy/libdaisy/build/libdaisy.a(stm32h7xx_hal_adc.o)
                0x0000000008007dc0                ADC_DMAHalfConvCplt
 .text.ADC_DMAConvCplt
                0x0000000008007dcc       0x6c ../../../lib/pd2dsy/libdaisy/build/libdaisy.a(stm32h7xx_hal_adc.o)
                0x0000000008007dcc                ADC_DMAConvCplt
 .text.ADC_DMAError
                0x0000000008007e38       0x1c ../../../lib/pd2dsy/libdaisy/build/libdaisy.a(stm32h7xx_hal_adc.o)
                0x0000000008007e38                ADC_DMAError
 .text.HAL_ADC_ConfigChannel
                0x0000000008007e54      0x3fc ../../../lib/pd2dsy/libdaisy/build/libdaisy.a(stm32h7xx_hal_adc.o)
                0x0000000008007e54                HAL_ADC_ConfigChannel
 .text.ADC_Enable
                0x0000000008008250       0xac ../../../lib/pd2dsy/libdaisy/build/libdaisy.a(stm32h7xx_hal_adc.o)
                0x0000000008008250                ADC_Enable
 .text.HAL_ADC_Start_DMA
                0x00000000080082fc      0x114 ../../../lib/pd2dsy/libdaisy/build/libdaisy.a(stm32h7xx_hal_adc.o)
                0x00000000080082fc                HAL_ADC_Start_DMA
 .text.ADC_Disable
                0x0000000008008410       0x68 ../../../lib/pd2dsy/libdaisy/build/libdaisy.a(stm32h7xx_hal_adc.o)
                0x0000000008008410                ADC_Disable
 .text.ADC_ConfigureBoostMode
                0x0000000008008478      0x184 ../../../lib/pd2dsy/libdaisy/build/libdaisy.a(stm32h7xx_hal_adc.o)
                0x0000000008008478                ADC_ConfigureBoostMode
 .text.HAL_ADC_Init
                0x00000000080085fc      0x218 ../../../lib/pd2dsy/libdaisy/build/libdaisy.a(stm32h7xx_hal_adc.o)
                0x00000000080085fc                HAL_ADC_Init
 .text.HAL_ADCEx_Calibration_Start
                0x0000000008008814       0xa4 ../../../lib/pd2dsy/libdaisy/build/libdaisy.a(stm32h7xx_hal_adc_ex.o)
                0x0000000008008814                HAL_ADCEx_Calibration_Start
 .text.HAL_ADCEx_MultiModeConfigChannel
                0x00000000080088b8       0xc4 ../../../lib/pd2dsy/libdaisy/build/libdaisy.a(stm32h7xx_hal_adc_ex.o)
                0x00000000080088b8                HAL_ADCEx_MultiModeConfigChannel
 .text.HAL_NVIC_SetPriorityGrouping
                0x000000000800897c       0x24 ../../../lib/pd2dsy/libdaisy/build/libdaisy.a(stm32h7xx_hal_cortex.o)
                0x000000000800897c                HAL_NVIC_SetPriorityGrouping
 .text.HAL_NVIC_SetPriority
                0x00000000080089a0       0x7c ../../../lib/pd2dsy/libdaisy/build/libdaisy.a(stm32h7xx_hal_cortex.o)
                0x00000000080089a0                HAL_NVIC_SetPriority
 .text.HAL_NVIC_EnableIRQ
                0x0000000008008a1c       0x1c ../../../lib/pd2dsy/libdaisy/build/libdaisy.a(stm32h7xx_hal_cortex.o)
                0x0000000008008a1c                HAL_NVIC_EnableIRQ
 .text.HAL_NVIC_DisableIRQ
                0x0000000008008a38       0x28 ../../../lib/pd2dsy/libdaisy/build/libdaisy.a(stm32h7xx_hal_cortex.o)
                0x0000000008008a38                HAL_NVIC_DisableIRQ
 .text.HAL_SYSTICK_Config
                0x0000000008008a60       0x2c ../../../lib/pd2dsy/libdaisy/build/libdaisy.a(stm32h7xx_hal_cortex.o)
                0x0000000008008a60                HAL_SYSTICK_Config
 .text.HAL_MPU_Disable
                0x0000000008008a8c       0x1c ../../../lib/pd2dsy/libdaisy/build/libdaisy.a(stm32h7xx_hal_cortex.o)
                0x0000000008008a8c                HAL_MPU_Disable
 .text.HAL_MPU_Enable
                0x0000000008008aa8       0x20 ../../../lib/pd2dsy/libdaisy/build/libdaisy.a(stm32h7xx_hal_cortex.o)
                0x0000000008008aa8                HAL_MPU_Enable
 .text.HAL_MPU_ConfigRegion
                0x0000000008008ac8       0x64 ../../../lib/pd2dsy/libdaisy/build/libdaisy.a(stm32h7xx_hal_cortex.o)
                0x0000000008008ac8                HAL_MPU_ConfigRegion
 .text.HAL_SYSTICK_Callback
                0x0000000008008b2c        0x4 ../../../lib/pd2dsy/libdaisy/build/libdaisy.a(stm32h7xx_hal_cortex.o)
                0x0000000008008b2c                HAL_SYSTICK_Callback
 .text.HAL_SYSTICK_IRQHandler
                0x0000000008008b30        0x8 ../../../lib/pd2dsy/libdaisy/build/libdaisy.a(stm32h7xx_hal_cortex.o)
                0x0000000008008b30                HAL_SYSTICK_IRQHandler
 .text.DMA_CalcBaseAndBitshift
                0x0000000008008b38       0xf4 ../../../lib/pd2dsy/libdaisy/build/libdaisy.a(stm32h7xx_hal_dma.o)
 .text.DMA_CalcDMAMUXChannelBaseAndMask
                0x0000000008008c2c       0xd8 ../../../lib/pd2dsy/libdaisy/build/libdaisy.a(stm32h7xx_hal_dma.o)
 .text.HAL_DMA_Init
                0x0000000008008d04      0x37c ../../../lib/pd2dsy/libdaisy/build/libdaisy.a(stm32h7xx_hal_dma.o)
                0x0000000008008d04                HAL_DMA_Init
 .text.HAL_DMA_Start_IT
                0x0000000008009080      0x240 ../../../lib/pd2dsy/libdaisy/build/libdaisy.a(stm32h7xx_hal_dma.o)
                0x0000000008009080                HAL_DMA_Start_IT
 .text.HAL_DMA_Abort_IT
                0x00000000080092c0      0x134 ../../../lib/pd2dsy/libdaisy/build/libdaisy.a(stm32h7xx_hal_dma.o)
                0x00000000080092c0                HAL_DMA_Abort_IT
 .text.HAL_DMA_IRQHandler
                0x00000000080093f4      0x6a0 ../../../lib/pd2dsy/libdaisy/build/libdaisy.a(stm32h7xx_hal_dma.o)
                0x00000000080093f4                HAL_DMA_IRQHandler
 .text.HAL_DMA_GetError
                0x0000000008009a94        0x4 ../../../lib/pd2dsy/libdaisy/build/libdaisy.a(stm32h7xx_hal_dma.o)
                0x0000000008009a94                HAL_DMA_GetError
 .text.HAL_GPIO_Init
                0x0000000008009a98      0x280 ../../../lib/pd2dsy/libdaisy/build/libdaisy.a(stm32h7xx_hal_gpio.o)
                0x0000000008009a98                HAL_GPIO_Init
 .text.HAL_GPIO_DeInit
                0x0000000008009d18      0x190 ../../../lib/pd2dsy/libdaisy/build/libdaisy.a(stm32h7xx_hal_gpio.o)
                0x0000000008009d18                HAL_GPIO_DeInit
 .text.HAL_GPIO_ReadPin
                0x0000000008009ea8        0xc ../../../lib/pd2dsy/libdaisy/build/libdaisy.a(stm32h7xx_hal_gpio.o)
                0x0000000008009ea8                HAL_GPIO_ReadPin
 .text.HAL_GPIO_WritePin
                0x0000000008009eb4        0x8 ../../../lib/pd2dsy/libdaisy/build/libdaisy.a(stm32h7xx_hal_gpio.o)
                0x0000000008009eb4                HAL_GPIO_WritePin
 .text.HAL_HCD_IRQHandler
                0x0000000008009ebc      0x780 ../../../lib/pd2dsy/libdaisy/build/libdaisy.a(stm32h7xx_hal_hcd.o)
                0x0000000008009ebc                HAL_HCD_IRQHandler
 .text.HAL_HCD_Stop
                0x000000000800a63c       0x28 ../../../lib/pd2dsy/libdaisy/build/libdaisy.a(stm32h7xx_hal_hcd.o)
                0x000000000800a63c                HAL_HCD_Stop
 .text.I2C_WaitOnTXISFlagUntilTimeout
                0x000000000800a664       0xb8 ../../../lib/pd2dsy/libdaisy/build/libdaisy.a(stm32h7xx_hal_i2c.o)
 .text.I2C_WaitOnSTOPFlagUntilTimeout
                0x000000000800a71c       0xac ../../../lib/pd2dsy/libdaisy/build/libdaisy.a(stm32h7xx_hal_i2c.o)
 .text.HAL_I2C_Init
                0x000000000800a7c8       0xac ../../../lib/pd2dsy/libdaisy/build/libdaisy.a(stm32h7xx_hal_i2c.o)
                0x000000000800a7c8                HAL_I2C_Init
 .text.HAL_I2C_Master_Transmit
                0x000000000800a874      0x1a8 ../../../lib/pd2dsy/libdaisy/build/libdaisy.a(stm32h7xx_hal_i2c.o)
                0x000000000800a874                HAL_I2C_Master_Transmit
 .text.HAL_I2C_Slave_Transmit
                0x000000000800aa1c      0x1c8 ../../../lib/pd2dsy/libdaisy/build/libdaisy.a(stm32h7xx_hal_i2c.o)
                0x000000000800aa1c                HAL_I2C_Slave_Transmit
 .text.HAL_I2C_EV_IRQHandler
                0x000000000800abe4       0x10 ../../../lib/pd2dsy/libdaisy/build/libdaisy.a(stm32h7xx_hal_i2c.o)
                0x000000000800abe4                HAL_I2C_EV_IRQHandler
 .text.HAL_I2C_GetState
                0x000000000800abf4        0x8 ../../../lib/pd2dsy/libdaisy/build/libdaisy.a(stm32h7xx_hal_i2c.o)
                0x000000000800abf4                HAL_I2C_GetState
 .text.HAL_I2CEx_ConfigAnalogFilter
                0x000000000800abfc       0x54 ../../../lib/pd2dsy/libdaisy/build/libdaisy.a(stm32h7xx_hal_i2c_ex.o)
                0x000000000800abfc                HAL_I2CEx_ConfigAnalogFilter
 .text.HAL_I2CEx_ConfigDigitalFilter
                0x000000000800ac50       0x58 ../../../lib/pd2dsy/libdaisy/build/libdaisy.a(stm32h7xx_hal_i2c_ex.o)
                0x000000000800ac50                HAL_I2CEx_ConfigDigitalFilter
 .text.HAL_PCD_IRQHandler
                0x000000000800aca8      0x69c ../../../lib/pd2dsy/libdaisy/build/libdaisy.a(stm32h7xx_hal_pcd.o)
                0x000000000800aca8                HAL_PCD_IRQHandler
 .text.HAL_PCD_SetAddress
                0x000000000800b344       0x2c ../../../lib/pd2dsy/libdaisy/build/libdaisy.a(stm32h7xx_hal_pcd.o)
                0x000000000800b344                HAL_PCD_SetAddress
 .text.HAL_PCD_EP_Open
                0x000000000800b370       0x7c ../../../lib/pd2dsy/libdaisy/build/libdaisy.a(stm32h7xx_hal_pcd.o)
                0x000000000800b370                HAL_PCD_EP_Open
 .text.HAL_PCD_EP_Receive
                0x000000000800b3ec       0x50 ../../../lib/pd2dsy/libdaisy/build/libdaisy.a(stm32h7xx_hal_pcd.o)
                0x000000000800b3ec                HAL_PCD_EP_Receive
 .text.HAL_PCD_EP_Transmit
                0x000000000800b43c       0x50 ../../../lib/pd2dsy/libdaisy/build/libdaisy.a(stm32h7xx_hal_pcd.o)
                0x000000000800b43c                HAL_PCD_EP_Transmit
 .text.HAL_PCD_EP_SetStall
                0x000000000800b48c       0x88 ../../../lib/pd2dsy/libdaisy/build/libdaisy.a(stm32h7xx_hal_pcd.o)
                0x000000000800b48c                HAL_PCD_EP_SetStall
 .text.HAL_PCD_EP_ClrStall
                0x000000000800b514       0x78 ../../../lib/pd2dsy/libdaisy/build/libdaisy.a(stm32h7xx_hal_pcd.o)
                0x000000000800b514                HAL_PCD_EP_ClrStall
 .text.HAL_PCDEx_LPM_Callback
                0x000000000800b58c        0x4 ../../../lib/pd2dsy/libdaisy/build/libdaisy.a(stm32h7xx_hal_pcd_ex.o)
                0x000000000800b58c                HAL_PCDEx_LPM_Callback
 .text.HAL_PWREx_ConfigSupply
                0x000000000800b590       0x4c ../../../lib/pd2dsy/libdaisy/build/libdaisy.a(stm32h7xx_hal_pwr_ex.o)
                0x000000000800b590                HAL_PWREx_ConfigSupply
 .text.HAL_PWREx_EnableUSBVoltageDetector
                0x000000000800b5dc       0x10 ../../../lib/pd2dsy/libdaisy/build/libdaisy.a(stm32h7xx_hal_pwr_ex.o)
                0x000000000800b5dc                HAL_PWREx_EnableUSBVoltageDetector
 .text.QSPI_Config
                0x000000000800b5ec      0x174 ../../../lib/pd2dsy/libdaisy/build/libdaisy.a(stm32h7xx_hal_qspi.o)
 .text.HAL_QSPI_Init
                0x000000000800b760       0xd8 ../../../lib/pd2dsy/libdaisy/build/libdaisy.a(stm32h7xx_hal_qspi.o)
                0x000000000800b760                HAL_QSPI_Init
 .text.HAL_QSPI_DeInit
                0x000000000800b838       0x3c ../../../lib/pd2dsy/libdaisy/build/libdaisy.a(stm32h7xx_hal_qspi.o)
                0x000000000800b838                HAL_QSPI_DeInit
 .text.HAL_QSPI_Command
                0x000000000800b874       0xd4 ../../../lib/pd2dsy/libdaisy/build/libdaisy.a(stm32h7xx_hal_qspi.o)
                0x000000000800b874                HAL_QSPI_Command
 .text.HAL_QSPI_Transmit
                0x000000000800b948       0xfc ../../../lib/pd2dsy/libdaisy/build/libdaisy.a(stm32h7xx_hal_qspi.o)
                0x000000000800b948                HAL_QSPI_Transmit
 .text.HAL_QSPI_Receive
                0x000000000800ba44      0x108 ../../../lib/pd2dsy/libdaisy/build/libdaisy.a(stm32h7xx_hal_qspi.o)
                0x000000000800ba44                HAL_QSPI_Receive
 .text.HAL_QSPI_AutoPolling
                0x000000000800bb4c       0xf0 ../../../lib/pd2dsy/libdaisy/build/libdaisy.a(stm32h7xx_hal_qspi.o)
                0x000000000800bb4c                HAL_QSPI_AutoPolling
 .text.HAL_QSPI_MemoryMapped
                0x000000000800bc3c       0xc0 ../../../lib/pd2dsy/libdaisy/build/libdaisy.a(stm32h7xx_hal_qspi.o)
                0x000000000800bc3c                HAL_QSPI_MemoryMapped
 .text.HAL_QSPI_ErrorCallback
                0x000000000800bcfc        0x4 ../../../lib/pd2dsy/libdaisy/build/libdaisy.a(stm32h7xx_hal_qspi.o)
                0x000000000800bcfc                HAL_QSPI_ErrorCallback
 .text.QSPI_DMAAbortCplt
                0x000000000800bd00       0x38 ../../../lib/pd2dsy/libdaisy/build/libdaisy.a(stm32h7xx_hal_qspi.o)
 .text.HAL_QSPI_AbortCpltCallback
                0x000000000800bd38        0x4 ../../../lib/pd2dsy/libdaisy/build/libdaisy.a(stm32h7xx_hal_qspi.o)
                0x000000000800bd38                HAL_QSPI_AbortCpltCallback
 .text.HAL_QSPI_CmdCpltCallback
                0x000000000800bd3c        0x4 ../../../lib/pd2dsy/libdaisy/build/libdaisy.a(stm32h7xx_hal_qspi.o)
                0x000000000800bd3c                HAL_QSPI_CmdCpltCallback
 .text.HAL_QSPI_RxCpltCallback
                0x000000000800bd40        0x4 ../../../lib/pd2dsy/libdaisy/build/libdaisy.a(stm32h7xx_hal_qspi.o)
                0x000000000800bd40                HAL_QSPI_RxCpltCallback
 .text.HAL_QSPI_TxCpltCallback
                0x000000000800bd44        0x4 ../../../lib/pd2dsy/libdaisy/build/libdaisy.a(stm32h7xx_hal_qspi.o)
                0x000000000800bd44                HAL_QSPI_TxCpltCallback
 .text.HAL_QSPI_FifoThresholdCallback
                0x000000000800bd48        0x4 ../../../lib/pd2dsy/libdaisy/build/libdaisy.a(stm32h7xx_hal_qspi.o)
                0x000000000800bd48                HAL_QSPI_FifoThresholdCallback
 .text.HAL_QSPI_StatusMatchCallback
                0x000000000800bd4c        0x4 ../../../lib/pd2dsy/libdaisy/build/libdaisy.a(stm32h7xx_hal_qspi.o)
                0x000000000800bd4c                HAL_QSPI_StatusMatchCallback
 .text.HAL_QSPI_TimeOutCallback
                0x000000000800bd50        0x4 ../../../lib/pd2dsy/libdaisy/build/libdaisy.a(stm32h7xx_hal_qspi.o)
                0x000000000800bd50                HAL_QSPI_TimeOutCallback
 .text.HAL_QSPI_IRQHandler
                0x000000000800bd54      0x210 ../../../lib/pd2dsy/libdaisy/build/libdaisy.a(stm32h7xx_hal_qspi.o)
                0x000000000800bd54                HAL_QSPI_IRQHandler
 .text.HAL_RCC_OscConfig
                0x000000000800bf64      0x51c ../../../lib/pd2dsy/libdaisy/build/libdaisy.a(stm32h7xx_hal_rcc.o)
                0x000000000800bf64                HAL_RCC_OscConfig
 .text.HAL_RCC_GetSysClockFreq
                0x000000000800c480      0x140 ../../../lib/pd2dsy/libdaisy/build/libdaisy.a(stm32h7xx_hal_rcc.o)
                0x000000000800c480                HAL_RCC_GetSysClockFreq
 .text.HAL_RCC_ClockConfig
                0x000000000800c5c0      0x234 ../../../lib/pd2dsy/libdaisy/build/libdaisy.a(stm32h7xx_hal_rcc.o)
                0x000000000800c5c0                HAL_RCC_ClockConfig
 .text.HAL_RCC_GetHCLKFreq
                0x000000000800c7f4       0x2c ../../../lib/pd2dsy/libdaisy/build/libdaisy.a(stm32h7xx_hal_rcc.o)
                0x000000000800c7f4                HAL_RCC_GetHCLKFreq
 .text.HAL_RCC_GetPCLK1Freq
                0x000000000800c820       0x38 ../../../lib/pd2dsy/libdaisy/build/libdaisy.a(stm32h7xx_hal_rcc.o)
                0x000000000800c820                HAL_RCC_GetPCLK1Freq
 .text.HAL_RCC_GetPCLK2Freq
                0x000000000800c858       0x38 ../../../lib/pd2dsy/libdaisy/build/libdaisy.a(stm32h7xx_hal_rcc.o)
                0x000000000800c858                HAL_RCC_GetPCLK2Freq
 .text.RCCEx_PLL2_Config
                0x000000000800c890       0xf4 ../../../lib/pd2dsy/libdaisy/build/libdaisy.a(stm32h7xx_hal_rcc_ex.o)
 .text.RCCEx_PLL3_Config
                0x000000000800c984       0xf4 ../../../lib/pd2dsy/libdaisy/build/libdaisy.a(stm32h7xx_hal_rcc_ex.o)
 .text.HAL_RCCEx_PeriphCLKConfig
                0x000000000800ca78      0xa7c ../../../lib/pd2dsy/libdaisy/build/libdaisy.a(stm32h7xx_hal_rcc_ex.o)
                0x000000000800ca78                HAL_RCCEx_PeriphCLKConfig
 .text.HAL_RCCEx_GetD3PCLK1Freq
                0x000000000800d4f4       0x24 ../../../lib/pd2dsy/libdaisy/build/libdaisy.a(stm32h7xx_hal_rcc_ex.o)
                0x000000000800d4f4                HAL_RCCEx_GetD3PCLK1Freq
 .text.HAL_RCCEx_GetPLL2ClockFreq
                0x000000000800d518      0x17c ../../../lib/pd2dsy/libdaisy/build/libdaisy.a(stm32h7xx_hal_rcc_ex.o)
                0x000000000800d518                HAL_RCCEx_GetPLL2ClockFreq
 .text.HAL_RCCEx_GetPLL3ClockFreq
                0x000000000800d694      0x17c ../../../lib/pd2dsy/libdaisy/build/libdaisy.a(stm32h7xx_hal_rcc_ex.o)
                0x000000000800d694                HAL_RCCEx_GetPLL3ClockFreq
 .text.HAL_RCCEx_GetPLL1ClockFreq
                0x000000000800d810      0x17c ../../../lib/pd2dsy/libdaisy/build/libdaisy.a(stm32h7xx_hal_rcc_ex.o)
                0x000000000800d810                HAL_RCCEx_GetPLL1ClockFreq
 .text.HAL_RCCEx_GetPeriphCLKFreq
                0x000000000800d98c      0x198 ../../../lib/pd2dsy/libdaisy/build/libdaisy.a(stm32h7xx_hal_rcc_ex.o)
                0x000000000800d98c                HAL_RCCEx_GetPeriphCLKFreq
 .text.HAL_RCCEx_GetD1SysClockFreq
                0x000000000800db24       0x2c ../../../lib/pd2dsy/libdaisy/build/libdaisy.a(stm32h7xx_hal_rcc_ex.o)
                0x000000000800db24                HAL_RCCEx_GetD1SysClockFreq
 .text.HAL_SAI_Init.part.0
                0x000000000800db50      0x348 ../../../lib/pd2dsy/libdaisy/build/libdaisy.a(stm32h7xx_hal_sai.o)
 .text.HAL_SAI_InitProtocol
                0x000000000800de98      0x178 ../../../lib/pd2dsy/libdaisy/build/libdaisy.a(stm32h7xx_hal_sai.o)
                0x000000000800de98                HAL_SAI_InitProtocol
 .text.HAL_SAI_Transmit_DMA
                0x000000000800e010      0x124 ../../../lib/pd2dsy/libdaisy/build/libdaisy.a(stm32h7xx_hal_sai.o)
                0x000000000800e010                HAL_SAI_Transmit_DMA
 .text.HAL_SAI_Receive_DMA
                0x000000000800e134       0xd0 ../../../lib/pd2dsy/libdaisy/build/libdaisy.a(stm32h7xx_hal_sai.o)
                0x000000000800e134                HAL_SAI_Receive_DMA
 .text.HAL_SAI_TxCpltCallback
                0x000000000800e204        0x4 ../../../lib/pd2dsy/libdaisy/build/libdaisy.a(stm32h7xx_hal_sai.o)
                0x000000000800e204                HAL_SAI_TxCpltCallback
 .text.SAI_DMATxCplt
                0x000000000800e208       0x64 ../../../lib/pd2dsy/libdaisy/build/libdaisy.a(stm32h7xx_hal_sai.o)
 .text.HAL_SAI_TxHalfCpltCallback
                0x000000000800e26c        0x4 ../../../lib/pd2dsy/libdaisy/build/libdaisy.a(stm32h7xx_hal_sai.o)
                0x000000000800e26c                HAL_SAI_TxHalfCpltCallback
 .text.SAI_DMATxHalfCplt
                0x000000000800e270        0xc ../../../lib/pd2dsy/libdaisy/build/libdaisy.a(stm32h7xx_hal_sai.o)
 .text.SAI_DMARxCplt
                0x000000000800e27c       0x64 ../../../lib/pd2dsy/libdaisy/build/libdaisy.a(stm32h7xx_hal_sai.o)
 .text.SAI_DMARxHalfCplt
                0x000000000800e2e0        0xc ../../../lib/pd2dsy/libdaisy/build/libdaisy.a(stm32h7xx_hal_sai.o)
 .text.HAL_SAI_ErrorCallback
                0x000000000800e2ec        0x4 ../../../lib/pd2dsy/libdaisy/build/libdaisy.a(stm32h7xx_hal_sai.o)
                0x000000000800e2ec                HAL_SAI_ErrorCallback
 .text.SAI_DMAError
                0x000000000800e2f0       0x6c ../../../lib/pd2dsy/libdaisy/build/libdaisy.a(stm32h7xx_hal_sai.o)
 .text.HAL_SDRAM_Init
                0x000000000800e35c       0x54 ../../../lib/pd2dsy/libdaisy/build/libdaisy.a(stm32h7xx_hal_sdram.o)
                0x000000000800e35c                HAL_SDRAM_Init
 .text.HAL_SDRAM_SendCommand
                0x000000000800e3b0       0x40 ../../../lib/pd2dsy/libdaisy/build/libdaisy.a(stm32h7xx_hal_sdram.o)
                0x000000000800e3b0                HAL_SDRAM_SendCommand
 .text.HAL_SDRAM_ProgramRefreshRate
                0x000000000800e3f0       0x30 ../../../lib/pd2dsy/libdaisy/build/libdaisy.a(stm32h7xx_hal_sdram.o)
                0x000000000800e3f0                HAL_SDRAM_ProgramRefreshRate
 .text.SPI_CloseTransfer
                0x000000000800e420       0xb8 ../../../lib/pd2dsy/libdaisy/build/libdaisy.a(stm32h7xx_hal_spi.o)
 .text.HAL_SPI_Init
                0x000000000800e4d8      0x15c ../../../lib/pd2dsy/libdaisy/build/libdaisy.a(stm32h7xx_hal_spi.o)
                0x000000000800e4d8                HAL_SPI_Init
 .text.HAL_SPI_Transmit
                0x000000000800e634      0x314 ../../../lib/pd2dsy/libdaisy/build/libdaisy.a(stm32h7xx_hal_spi.o)
                0x000000000800e634                HAL_SPI_Transmit
 .text.HAL_SPI_Transmit_DMA
                0x000000000800e948      0x170 ../../../lib/pd2dsy/libdaisy/build/libdaisy.a(stm32h7xx_hal_spi.o)
                0x000000000800e948                HAL_SPI_Transmit_DMA
 .text.HAL_SPI_TransmitReceive_DMA
                0x000000000800eab8      0x218 ../../../lib/pd2dsy/libdaisy/build/libdaisy.a(stm32h7xx_hal_spi.o)
                0x000000000800eab8                HAL_SPI_TransmitReceive_DMA
 .text.HAL_SPI_Receive_DMA
                0x000000000800ecd0      0x1b4 ../../../lib/pd2dsy/libdaisy/build/libdaisy.a(stm32h7xx_hal_spi.o)
                0x000000000800ecd0                HAL_SPI_Receive_DMA
 .text.SPI_DMATransmitCplt
                0x000000000800ee84       0x28 ../../../lib/pd2dsy/libdaisy/build/libdaisy.a(stm32h7xx_hal_spi.o)
 .text.SPI_DMAReceiveCplt
                0x000000000800eeac       0x28 ../../../lib/pd2dsy/libdaisy/build/libdaisy.a(stm32h7xx_hal_spi.o)
 .text.SPI_DMATransmitReceiveCplt
                0x000000000800eed4       0x28 ../../../lib/pd2dsy/libdaisy/build/libdaisy.a(stm32h7xx_hal_spi.o)
 .text.HAL_SPI_TxHalfCpltCallback
                0x000000000800eefc        0x4 ../../../lib/pd2dsy/libdaisy/build/libdaisy.a(stm32h7xx_hal_spi.o)
                0x000000000800eefc                HAL_SPI_TxHalfCpltCallback
 .text.SPI_DMAHalfTransmitCplt
                0x000000000800ef00        0xc ../../../lib/pd2dsy/libdaisy/build/libdaisy.a(stm32h7xx_hal_spi.o)
 .text.HAL_SPI_RxHalfCpltCallback
                0x000000000800ef0c        0x4 ../../../lib/pd2dsy/libdaisy/build/libdaisy.a(stm32h7xx_hal_spi.o)
                0x000000000800ef0c                HAL_SPI_RxHalfCpltCallback
 .text.SPI_DMAHalfReceiveCplt
                0x000000000800ef10        0xc ../../../lib/pd2dsy/libdaisy/build/libdaisy.a(stm32h7xx_hal_spi.o)
 .text.HAL_SPI_TxRxHalfCpltCallback
                0x000000000800ef1c        0x4 ../../../lib/pd2dsy/libdaisy/build/libdaisy.a(stm32h7xx_hal_spi.o)
                0x000000000800ef1c                HAL_SPI_TxRxHalfCpltCallback
 .text.SPI_DMAHalfTransmitReceiveCplt
                0x000000000800ef20        0xc ../../../lib/pd2dsy/libdaisy/build/libdaisy.a(stm32h7xx_hal_spi.o)
 .text.SPI_DMAError
                0x000000000800ef2c       0xd8 ../../../lib/pd2dsy/libdaisy/build/libdaisy.a(stm32h7xx_hal_spi.o)
 .text.HAL_SPI_IRQHandler
                0x000000000800f004      0x23c ../../../lib/pd2dsy/libdaisy/build/libdaisy.a(stm32h7xx_hal_spi.o)
                0x000000000800f004                HAL_SPI_IRQHandler
 .text.SPI_DMAAbortOnError
                0x000000000800f240       0x1c ../../../lib/pd2dsy/libdaisy/build/libdaisy.a(stm32h7xx_hal_spi.o)
 .text.HAL_SPI_GetState
                0x000000000800f25c        0x8 ../../../lib/pd2dsy/libdaisy/build/libdaisy.a(stm32h7xx_hal_spi.o)
                0x000000000800f25c                HAL_SPI_GetState
 .text.FMC_SDRAM_Init
                0x000000000800f264       0x7c ../../../lib/pd2dsy/libdaisy/build/libdaisy.a(stm32h7xx_ll_fmc.o)
                0x000000000800f264                FMC_SDRAM_Init
 .text.FMC_SDRAM_Timing_Init
                0x000000000800f2e0       0x98 ../../../lib/pd2dsy/libdaisy/build/libdaisy.a(stm32h7xx_ll_fmc.o)
                0x000000000800f2e0                FMC_SDRAM_Timing_Init
 .text.FMC_SDRAM_SendCommand
                0x000000000800f378       0x28 ../../../lib/pd2dsy/libdaisy/build/libdaisy.a(stm32h7xx_ll_fmc.o)
                0x000000000800f378                FMC_SDRAM_SendCommand
 .text.FMC_SDRAM_ProgramRefreshRate
                0x000000000800f3a0       0x1c ../../../lib/pd2dsy/libdaisy/build/libdaisy.a(stm32h7xx_ll_fmc.o)
                0x000000000800f3a0                FMC_SDRAM_ProgramRefreshRate
 .text.USB_SetTurnaroundTime
                0x000000000800f3bc      0x104 ../../../lib/pd2dsy/libdaisy/build/libdaisy.a(stm32h7xx_ll_usb.o)
                0x000000000800f3bc                USB_SetTurnaroundTime
 .text.USB_FlushTxFifo
                0x000000000800f4c0       0x34 ../../../lib/pd2dsy/libdaisy/build/libdaisy.a(stm32h7xx_ll_usb.o)
                0x000000000800f4c0                USB_FlushTxFifo
 .text.USB_GetDevSpeed
                0x000000000800f4f4       0x24 ../../../lib/pd2dsy/libdaisy/build/libdaisy.a(stm32h7xx_ll_usb.o)
                0x000000000800f4f4                USB_GetDevSpeed
 .text.USB_ActivateEndpoint
                0x000000000800f518       0x90 ../../../lib/pd2dsy/libdaisy/build/libdaisy.a(stm32h7xx_ll_usb.o)
                0x000000000800f518                USB_ActivateEndpoint
 .text.USB_EPStartXfer
                0x000000000800f5a8      0x230 ../../../lib/pd2dsy/libdaisy/build/libdaisy.a(stm32h7xx_ll_usb.o)
                0x000000000800f5a8                USB_EPStartXfer
 .text.USB_EP0StartXfer
                0x000000000800f7d8      0x174 ../../../lib/pd2dsy/libdaisy/build/libdaisy.a(stm32h7xx_ll_usb.o)
                0x000000000800f7d8                USB_EP0StartXfer
 .text.USB_WritePacket
                0x000000000800f94c       0x2c ../../../lib/pd2dsy/libdaisy/build/libdaisy.a(stm32h7xx_ll_usb.o)
                0x000000000800f94c                USB_WritePacket
 .text.USB_ReadPacket
                0x000000000800f978       0x20 ../../../lib/pd2dsy/libdaisy/build/libdaisy.a(stm32h7xx_ll_usb.o)
                0x000000000800f978                USB_ReadPacket
 .text.USB_EPSetStall
                0x000000000800f998       0x68 ../../../lib/pd2dsy/libdaisy/build/libdaisy.a(stm32h7xx_ll_usb.o)
                0x000000000800f998                USB_EPSetStall
 .text.USB_EPClearStall
                0x000000000800fa00       0x58 ../../../lib/pd2dsy/libdaisy/build/libdaisy.a(stm32h7xx_ll_usb.o)
                0x000000000800fa00                USB_EPClearStall
 .text.USB_SetDevAddress
                0x000000000800fa58       0x24 ../../../lib/pd2dsy/libdaisy/build/libdaisy.a(stm32h7xx_ll_usb.o)
                0x000000000800fa58                USB_SetDevAddress
 .text.USB_ReadInterrupts
                0x000000000800fa7c       0x14 ../../../lib/pd2dsy/libdaisy/build/libdaisy.a(stm32h7xx_ll_usb.o)
                0x000000000800fa7c                USB_ReadInterrupts
 .text.USB_ReadDevAllOutEpInterrupt
                0x000000000800fa90       0x1c ../../../lib/pd2dsy/libdaisy/build/libdaisy.a(stm32h7xx_ll_usb.o)
                0x000000000800fa90                USB_ReadDevAllOutEpInterrupt
 .text.USB_ReadDevAllInEpInterrupt
                0x000000000800faac       0x1c ../../../lib/pd2dsy/libdaisy/build/libdaisy.a(stm32h7xx_ll_usb.o)
                0x000000000800faac                USB_ReadDevAllInEpInterrupt
 .text.USB_ReadDevOutEPInterrupt
                0x000000000800fac8       0x1c ../../../lib/pd2dsy/libdaisy/build/libdaisy.a(stm32h7xx_ll_usb.o)
                0x000000000800fac8                USB_ReadDevOutEPInterrupt
 .text.USB_ReadDevInEPInterrupt
                0x000000000800fae4       0x38 ../../../lib/pd2dsy/libdaisy/build/libdaisy.a(stm32h7xx_ll_usb.o)
                0x000000000800fae4                USB_ReadDevInEPInterrupt
 .text.USB_GetMode
                0x000000000800fb1c        0x8 ../../../lib/pd2dsy/libdaisy/build/libdaisy.a(stm32h7xx_ll_usb.o)
                0x000000000800fb1c                USB_GetMode
 .text.USB_ActivateSetup
                0x000000000800fb24       0x38 ../../../lib/pd2dsy/libdaisy/build/libdaisy.a(stm32h7xx_ll_usb.o)
                0x000000000800fb24                USB_ActivateSetup
 .text.USB_EP0_OutStart