Archive member included to satisfy reference by file (symbol)

../../../lib/pd2dsy/libdaisy/build/libdaisy.a(daisy_seed.o)
                              build/HeavyDaisy_daisy_control.o (daisy::DaisySeed::Configure())
../../../lib/pd2dsy/libdaisy/build/libdaisy.a(codec_ak4556.o)
                              ../../../lib/pd2dsy/libdaisy/build/libdaisy.a(daisy_seed.o) (daisy::Ak4556::Init(dsy_gpio_pin))
../../../lib/pd2dsy/libdaisy/build/libdaisy.a(codec_wm8731.o)
                              ../../../lib/pd2dsy/libdaisy/build/libdaisy.a(daisy_seed.o) (daisy::Wm8731::Init(daisy::Wm8731::Config const&, daisy::I2CHandle))
../../../lib/pd2dsy/libdaisy/build/libdaisy.a(sdram.o)
                              ../../../lib/pd2dsy/libdaisy/build/libdaisy.a(daisy_seed.o) (SdramHandle::Init())
../../../lib/pd2dsy/libdaisy/build/libdaisy.a(audio.o)
                              ../../../lib/pd2dsy/libdaisy/build/libdaisy.a(daisy_seed.o) (daisy::AudioHandle::Init(daisy::AudioHandle::Config const&, daisy::SaiHandle))
../../../lib/pd2dsy/libdaisy/build/libdaisy.a(ctrl.o)
                              build/HeavyDaisy_daisy_control.o (daisy::AnalogControl::Init(unsigned short*, float, bool, bool, float))
../../../lib/pd2dsy/libdaisy/build/libdaisy.a(encoder.o)
                              build/HeavyDaisy_daisy_control.o (daisy::Encoder::Init(dsy_gpio_pin, dsy_gpio_pin, dsy_gpio_pin, float))
../../../lib/pd2dsy/libdaisy/build/libdaisy.a(rgb_led.o)
                              build/HeavyDaisy_daisy_control.o (daisy::RgbLed::Init(dsy_gpio_pin, dsy_gpio_pin, dsy_gpio_pin, bool))
../../../lib/pd2dsy/libdaisy/build/libdaisy.a(switch.o)
                              build/HeavyDaisy_daisy_control.o (daisy::Switch::Init(dsy_gpio_pin, float, daisy::Switch::Type, daisy::Switch::Polarity, daisy::Switch::Pull))
../../../lib/pd2dsy/libdaisy/build/libdaisy.a(adc.o)
                              build/HeavyDaisy_daisy_control.o (daisy::AdcChannelConfig::InitSingle(dsy_gpio_pin))
../../../lib/pd2dsy/libdaisy/build/libdaisy.a(gpio.o)
                              ../../../lib/pd2dsy/libdaisy/build/libdaisy.a(daisy_seed.o) (dsy_gpio_init)
../../../lib/pd2dsy/libdaisy/build/libdaisy.a(i2c.o)
                              ../../../lib/pd2dsy/libdaisy/build/libdaisy.a(daisy_seed.o) (daisy::I2CHandle::Init(daisy::I2CHandle::Config const&))
../../../lib/pd2dsy/libdaisy/build/libdaisy.a(qspi.o)
                              ../../../lib/pd2dsy/libdaisy/build/libdaisy.a(daisy_seed.o) (daisy::QSPIHandle::Init(daisy::QSPIHandle::Config const&))
../../../lib/pd2dsy/libdaisy/build/libdaisy.a(sai.o)
                              ../../../lib/pd2dsy/libdaisy/build/libdaisy.a(daisy_seed.o) (daisy::SaiHandle::Init(daisy::SaiHandle::Config const&))
../../../lib/pd2dsy/libdaisy/build/libdaisy.a(system.o)
                              ../../../lib/pd2dsy/libdaisy/build/libdaisy.a(daisy_seed.o) (daisy::System::DeInit())
../../../lib/pd2dsy/libdaisy/build/libdaisy.a(system_stm32h7xx.o)
                              build/startup_stm32h750xx.o (SystemInit)
../../../lib/pd2dsy/libdaisy/build/libdaisy.a(usbd_conf.o)
                              ../../../lib/pd2dsy/libdaisy/build/libdaisy.a(system.o) (hpcd_USB_OTG_HS)
../../../lib/pd2dsy/libdaisy/build/libdaisy.a(usbh_conf.o)
                              ../../../lib/pd2dsy/libdaisy/build/libdaisy.a(system.o) (hhcd_USB_OTG_HS)
../../../lib/pd2dsy/libdaisy/build/libdaisy.a(hal_map.o)
                              ../../../lib/pd2dsy/libdaisy/build/libdaisy.a(gpio.o) (dsy_hal_map_get_port)
../../../lib/pd2dsy/libdaisy/build/libdaisy.a(stm32h7xx_hal.o)
                              ../../../lib/pd2dsy/libdaisy/build/libdaisy.a(system.o) (HAL_Init)
../../../lib/pd2dsy/libdaisy/build/libdaisy.a(stm32h7xx_hal_adc.o)
                              ../../../lib/pd2dsy/libdaisy/build/libdaisy.a(adc.o) (HAL_ADC_ConfigChannel)
../../../lib/pd2dsy/libdaisy/build/libdaisy.a(stm32h7xx_hal_adc_ex.o)
                              ../../../lib/pd2dsy/libdaisy/build/libdaisy.a(adc.o) (HAL_ADCEx_Calibration_Start)
../../../lib/pd2dsy/libdaisy/build/libdaisy.a(stm32h7xx_hal_cortex.o)
                              ../../../lib/pd2dsy/libdaisy/build/libdaisy.a(stm32h7xx_hal.o) (HAL_NVIC_SetPriorityGrouping)
../../../lib/pd2dsy/libdaisy/build/libdaisy.a(stm32h7xx_hal_dma.o)
                              ../../../lib/pd2dsy/libdaisy/build/libdaisy.a(adc.o) (HAL_DMA_Init)
../../../lib/pd2dsy/libdaisy/build/libdaisy.a(stm32h7xx_hal_gpio.o)
                              ../../../lib/pd2dsy/libdaisy/build/libdaisy.a(sdram.o) (HAL_GPIO_Init)
../../../lib/pd2dsy/libdaisy/build/libdaisy.a(stm32h7xx_hal_hcd.o)
                              ../../../lib/pd2dsy/libdaisy/build/libdaisy.a(usbh_conf.o) (HAL_HCD_HC_Init)
../../../lib/pd2dsy/libdaisy/build/libdaisy.a(stm32h7xx_hal_i2c.o)
                              ../../../lib/pd2dsy/libdaisy/build/libdaisy.a(i2c.o) (HAL_I2C_Init)
[...]
Memory Configuration

Name             Origin             Length             Attributes
FLASH            0x0000000008000000 0x0000000000020000 xr
DTCMRAM          0x0000000020000000 0x0000000000020000 xrw
SRAM             0x0000000024000000 0x0000000000080000 xrw
RAM_D2           0x0000000030000000 0x0000000000048000 xrw
RAM_D3           0x0000000038000000 0x0000000000010000 xrw
ITCMRAM          0x0000000000000000 0x0000000000010000 xrw
SDRAM            0x00000000c0000000 0x0000000004000000 xrw
QSPIFLASH        0x0000000090000000 0x0000000000800000 xr
*default*        0x0000000000000000 0xffffffffffffffff

Linker script and memory map

LOAD /Library/DaisyToolchain/0.2.0/arm/bin/../lib/gcc/arm-none-eabi/10.3.1/thumb/v7e-m+dp/hard/crti.o
LOAD /Library/DaisyToolchain/0.2.0/arm/bin/../lib/gcc/arm-none-eabi/10.3.1/thumb/v7e-m+dp/hard/crtbegin.o
LOAD /Library/DaisyToolchain/0.2.0/arm/bin/../lib/gcc/arm-none-eabi/10.3.1/../../../../arm-none-eabi/lib/thumb/v7e-m+dp/hard/crt0.o
LOAD build/HvControlBinop.o
LOAD build/HvControlCast.o
LOAD build/HvControlPrint.o
LOAD build/HvControlVar.o
LOAD build/HvLightPipe.o
LOAD build/HvMessage.o
LOAD build/HvMessagePool.o
LOAD build/HvMessageQueue.o
LOAD build/HvSignalLine.o
LOAD build/HvSignalPhasor.o
LOAD build/HvSignalVar.o
LOAD build/HvTable.o
LOAD build/HvUtils.o
LOAD build/startup_stm32h750xx.o
LOAD build/HeavyContext.o
LOAD build/Heavy_daisy_control.o
LOAD build/HvHeavy.o
LOAD build/HeavyDaisy_daisy_control.o
LOAD ../../../lib/pd2dsy/libdaisy/build/libdaisy.a
LOAD /Library/DaisyToolchain/0.2.0/arm/bin/../lib/gcc/arm-none-eabi/10.3.1/../../../../arm-none-eabi/lib/thumb/v7e-m+dp/hard/libnosys.a
LOAD /Library/DaisyToolchain/0.2.0/arm/bin/../lib/gcc/arm-none-eabi/10.3.1/../../../../arm-none-eabi/lib/thumb/v7e-m+dp/hard/libstdc++_nano.a
LOAD /Library/DaisyToolchain/0.2.0/arm/bin/../lib/gcc/arm-none-eabi/10.3.1/../../../../arm-none-eabi/lib/thumb/v7e-m+dp/hard/libm.a
LOAD /Library/DaisyToolchain/0.2.0/arm/bin/../lib/gcc/arm-none-eabi/10.3.1/../../../../arm-none-eabi/lib/thumb/v7e-m+dp/hard/libc_nano.a
START GROUP
LOAD /Library/DaisyToolchain/0.2.0/arm/bin/../lib/gcc/arm-none-eabi/10.3.1/thumb/v7e-m+dp/hard/libgcc.a
LOAD /Library/DaisyToolchain/0.2.0/arm/bin/../lib/gcc/arm-none-eabi/10.3.1/../../../../arm-none-eabi/lib/thumb/v7e-m+dp/hard/libc_nano.a
END GROUP
START GROUP
LOAD /Library/DaisyToolchain/0.2.0/arm/bin/../lib/gcc/arm-none-eabi/10.3.1/thumb/v7e-m+dp/hard/libgcc.a
LOAD /Library/DaisyToolchain/0.2.0/arm/bin/../lib/gcc/arm-none-eabi/10.3.1/../../../../arm-none-eabi/lib/thumb/v7e-m+dp/hard/libc_nano.a
LOAD /Library/DaisyToolchain/0.2.0/arm/bin/../lib/gcc/arm-none-eabi/10.3.1/../../../../arm-none-eabi/lib/thumb/v7e-m+dp/hard/libnosys.a
END GROUP
START GROUP
LOAD /Library/DaisyToolchain/0.2.0/arm/bin/../lib/gcc/arm-none-eabi/10.3.1/thumb/v7e-m+dp/hard/libgcc.a
LOAD /Library/DaisyToolchain/0.2.0/arm/bin/../lib/gcc/arm-none-eabi/10.3.1/../../../../arm-none-eabi/lib/thumb/v7e-m+dp/hard/libc_nano.a
LOAD /Library/DaisyToolchain/0.2.0/arm/bin/../lib/gcc/arm-none-eabi/10.3.1/../../../../arm-none-eabi/lib/thumb/v7e-m+dp/hard/libnosys.a
END GROUP
LOAD /Library/DaisyToolchain/0.2.0/arm/bin/../lib/gcc/arm-none-eabi/10.3.1/thumb/v7e-m+dp/hard/crtend.o
LOAD /Library/DaisyToolchain/0.2.0/arm/bin/../lib/gcc/arm-none-eabi/10.3.1/thumb/v7e-m+dp/hard/crtn.o
                0x0000000020020000                _estack = 0x20020000

.isr_vector     0x0000000008000000      0x298
                0x0000000008000000                . = ALIGN (0x4)
 *(.isr_vector)
 .isr_vector    0x0000000008000000      0x298 build/startup_stm32h750xx.o
                0x0000000008000000                g_pfnVectors
                0x0000000008000298                . = ALIGN (0x4)

.text           0x00000000080002a0    0x1569c
                0x00000000080002a0                . = ALIGN (0x4)
                0x00000000080002a0                _stext = .
 *(.text)
 .text          0x00000000080002a0       0x40 /Library/DaisyToolchain/0.2.0/arm/bin/../lib/gcc/arm-none-eabi/10.3.1/thumb/v7e-m+dp/hard/crtbegin.o
 .text          0x00000000080002e0       0x14 /Library/DaisyToolchain/0.2.0/arm/bin/../lib/gcc/arm-none-eabi/10.3.1/../../../../arm-none-eabi/lib/thumb/v7e-m+dp/hard/libc_nano.a(lib_a-strcmp.o)
                0x00000000080002e0                strcmp
 .text          0x00000000080002f4       0x10 /Library/DaisyToolchain/0.2.0/arm/bin/../lib/gcc/arm-none-eabi/10.3.1/../../../../arm-none-eabi/lib/thumb/v7e-m+dp/hard/libc_nano.a(lib_a-strlen.o)
                0x00000000080002f4                strlen
 *fill*         0x0000000008000304        0xc 
 .text          0x0000000008000310       0xa0 /Library/DaisyToolchain/0.2.0/arm/bin/../lib/gcc/arm-none-eabi/10.3.1/../../../../arm-none-eabi/lib/thumb/v7e-m+dp/hard/libc_nano.a(lib_a-memchr.o)
                0x0000000008000310                memchr
 .text          0x00000000080003b0       0x30 /Library/DaisyToolchain/0.2.0/arm/bin/../lib/gcc/arm-none-eabi/10.3.1/thumb/v7e-m+dp/hard/libgcc.a(_aeabi_uldivmod.o)
                0x00000000080003b0                __aeabi_uldivmod
 .text          0x00000000080003e0      0x2d0 /Library/DaisyToolchain/0.2.0/arm/bin/../lib/gcc/arm-none-eabi/10.3.1/thumb/v7e-m+dp/hard/libgcc.a(_udivmoddi4.o)
                0x00000000080003e0                __udivmoddi4
 .text          0x00000000080006b0        0x4 /Library/DaisyToolchain/0.2.0/arm/bin/../lib/gcc/arm-none-eabi/10.3.1/thumb/v7e-m+dp/hard/libgcc.a(_dvmd_tls.o)
                0x00000000080006b0                __aeabi_ldiv0
                0x00000000080006b0                __aeabi_idiv0
 *(.text*)
 .text.cBinop_perform_op
                0x00000000080006b4      0x268 build/HvControlBinop.o
 .text.cBinop_k_onMessage
                0x000000000800091c       0x54 build/HvControlBinop.o
                0x000000000800091c                cBinop_k_onMessage
 .text.cCast_onMessage
                0x0000000008000970       0xc8 build/HvControlCast.o
                0x0000000008000970                cCast_onMessage
 .text.cPrint_onMessage
                0x0000000008000a38       0x38 build/HvControlPrint.o
                0x0000000008000a38                cPrint_onMessage
 .text.cVar_init_f
                0x0000000008000a70       0x10 build/HvControlVar.o
                0x0000000008000a70                cVar_init_f
 .text.hLp_init
                0x0000000008000a80       0x48 build/HvLightPipe.o
                0x0000000008000a80                hLp_init
 .text.hLp_free
                0x0000000008000ac8        0x8 build/HvLightPipe.o
                0x0000000008000ac8                hLp_free
 .text.hLp_hasData
                0x0000000008000ad0       0x14 build/HvLightPipe.o
                0x0000000008000ad0                hLp_hasData
 .text.hLp_getWriteBuffer
                0x0000000008000ae4       0x5c build/HvLightPipe.o
                0x0000000008000ae4                hLp_getWriteBuffer
 .text.hLp_produce
                0x0000000008000b40       0x44 build/HvLightPipe.o
                0x0000000008000b40                hLp_produce
 .text.hLp_getReadBuffer
                0x0000000008000b84        0xc build/HvLightPipe.o
                0x0000000008000b84                hLp_getReadBuffer
 .text.hLp_consume
                0x0000000008000b90       0x28 build/HvLightPipe.o
                0x0000000008000b90                hLp_consume
 .text.msg_getCoreSize.part.0
                0x0000000008000bb8       0x1c build/HvMessage.o
 .text.msg_getType.part.0
                0x0000000008000bd4       0x1c build/HvMessage.o
 .text.msg_init
                0x0000000008000bf0       0x14 build/HvMessage.o
                0x0000000008000bf0                msg_init
 .text.msg_initWithFloat
                0x0000000008000c04       0x14 build/HvMessage.o
                0x0000000008000c04                msg_initWithFloat
 .text.msg_initWithBang
                0x0000000008000c18       0x18 build/HvMessage.o
                0x0000000008000c18                msg_initWithBang
 .text.msg_initWithSymbol
                0x0000000008000c30       0x34 build/HvMessage.o
                0x0000000008000c30                msg_initWithSymbol
 .text.msg_copyToBuffer
                0x0000000008000c64       0xf0 build/HvMessage.o
                0x0000000008000c64                msg_copyToBuffer
 .text.msg_getHash
                0x0000000008000d54       0x50 build/HvMessage.o
                0x0000000008000d54                msg_getHash
 .text.msg_compareSymbol
                0x0000000008000da4       0x4c build/HvMessage.o
                0x0000000008000da4                msg_compareSymbol
 .text.msg_toString
                0x0000000008000df0      0x1b4 build/HvMessage.o
                0x0000000008000df0                msg_toString
 .text.ml_push.part.0
                0x0000000008000fa4       0x1c build/HvMessagePool.o
 .text.mp_init  0x0000000008000fc0       0x44 build/HvMessagePool.o
                0x0000000008000fc0                mp_init
 .text.mp_free  0x0000000008001004       0x50 build/HvMessagePool.o
                0x0000000008001004                mp_free
 .text.mp_freeMessage
                0x0000000008001054       0x44 build/HvMessagePool.o
                0x0000000008001054                mp_freeMessage
 .text.mp_addMessage
                0x0000000008001098       0xd8 build/HvMessagePool.o
                0x0000000008001098                mp_addMessage
 .text.mq_getOrCreateNodeFromPool.part.0
                0x0000000008001170       0x1c build/HvMessageQueue.o
 .text.mq_initWithPoolSize
                0x000000000800118c       0x30 build/HvMessageQueue.o
                0x000000000800118c                mq_initWithPoolSize
 .text.mq_free  0x00000000080011bc       0x68 build/HvMessageQueue.o
                0x00000000080011bc                mq_free
 .text.mq_addMessage
                0x0000000008001224       0x58 build/HvMessageQueue.o
                0x0000000008001224                mq_addMessage
 .text.mq_addMessageByTimestamp
                0x000000000800127c       0x94 build/HvMessageQueue.o
                0x000000000800127c                mq_addMessageByTimestamp
 .text.mq_pop   0x0000000008001310       0x30 build/HvMessageQueue.o
                0x0000000008001310                mq_pop
 .text.mq_removeMessage
                0x0000000008001340       0x74 build/HvMessageQueue.o
                0x0000000008001340                mq_removeMessage
 .text.msg_getFloat.part.0
                0x00000000080013b4       0x1c build/HvSignalLine.o
 .text.sLine_init
                0x00000000080013d0       0x14 build/HvSignalLine.o
                0x00000000080013d0                sLine_init
 .text.sLine_onMessage
                0x00000000080013e4       0xa4 build/HvSignalLine.o
                0x00000000080013e4                sLine_onMessage
 .text.sPhasor_init
                0x0000000008001488       0x28 build/HvSignalPhasor.o
                0x0000000008001488                sPhasor_init
 .text.sVarf_init
                0x00000000080014b0        0xc build/HvSignalVar.o
                0x00000000080014b0                sVarf_init
 .text.sVarf_onMessage
                0x00000000080014bc       0x14 build/HvSignalVar.o
                0x00000000080014bc                sVarf_onMessage
 .text.hTable_resize
                0x00000000080014d0       0x6c build/HvTable.o
                0x00000000080014d0                hTable_resize
 .text.hv_string_to_hash
                0x000000000800153c       0x84 build/HvUtils.o
                0x000000000800153c                hv_string_to_hash
 .text.Default_Handler
                0x00000000080015c0        0x4 build/startup_stm32h750xx.o
                0x00000000080015c0                SAI1_IRQHandler
                0x00000000080015c0                HASH_RNG_IRQHandler
                0x00000000080015c0                EXTI2_IRQHandler
                0x00000000080015c0                TIM8_CC_IRQHandler
                0x00000000080015c0                HRTIM1_Master_IRQHandler
                0x00000000080015c0                DebugMon_Handler
                0x00000000080015c0                TIM1_CC_IRQHandler
                0x00000000080015c0                BDMA_Channel6_IRQHandler
                0x00000000080015c0                DMA2_Stream5_IRQHandler
                0x00000000080015c0                HRTIM1_FLT_IRQHandler
                0x00000000080015c0                JPEG_IRQHandler
                0x00000000080015c0                BDMA_Channel1_IRQHandler
                0x00000000080015c0                HRTIM1_TIMD_IRQHandler
                0x00000000080015c0                TAMP_STAMP_IRQHandler
                0x00000000080015c0                PendSV_Handler
                0x00000000080015c0                NMI_Handler
                0x00000000080015c0                EXTI3_IRQHandler
                0x00000000080015c0                LPTIM4_IRQHandler
                0x00000000080015c0                TIM8_TRG_COM_TIM14_IRQHandler
                0x00000000080015c0                LPTIM2_IRQHandler
                0x00000000080015c0                DFSDM1_FLT1_IRQHandler
                0x00000000080015c0                DMAMUX2_OVR_IRQHandler
                0x00000000080015c0                TIM8_UP_TIM13_IRQHandler
                0x00000000080015c0                I2C3_ER_IRQHandler
                0x00000000080015c0                DFSDM1_FLT2_IRQHandler
                0x00000000080015c0                MDMA_IRQHandler
                0x00000000080015c0                LPTIM3_IRQHandler
                0x00000000080015c0                HSEM1_IRQHandler
                0x00000000080015c0                EXTI0_IRQHandler
                0x00000000080015c0                FPU_IRQHandler
                0x00000000080015c0                OTG_HS_WKUP_IRQHandler
                0x00000000080015c0                FDCAN1_IT1_IRQHandler
                0x00000000080015c0                UsageFault_Handler
                0x00000000080015c0                LTDC_ER_IRQHandler
                0x00000000080015c0                HRTIM1_TIME_IRQHandler
                0x00000000080015c0                TIM6_DAC_IRQHandler
                0x00000000080015c0                DCMI_IRQHandler
                0x00000000080015c0                HRTIM1_TIMC_IRQHandler
                0x00000000080015c0                SAI2_IRQHandler
                0x00000000080015c0                DFSDM1_FLT3_IRQHandler
                0x00000000080015c0                TIM17_IRQHandler
                0x00000000080015c0                CRYP_IRQHandler
                0x00000000080015c0                BDMA_Channel7_IRQHandler
                0x00000000080015c0                LPTIM5_IRQHandler
                0x00000000080015c0                ADC3_IRQHandler
                0x00000000080015c0                DMA2_Stream0_IRQHandler
                0x00000000080015c0                BDMA_Channel2_IRQHandler
                0x00000000080015c0                DMAMUX1_OVR_IRQHandler
                0x00000000080015c0                TIM16_IRQHandler
                0x00000000080015c0                BDMA_Channel5_IRQHandler
                0x00000000080015c0                RCC_IRQHandler
                0x00000000080015c0                TIM8_BRK_TIM12_IRQHandler
                0x00000000080015c0                TIM1_TRG_COM_IRQHandler
                0x00000000080015c0                Default_Handler
                0x00000000080015c0                ECC_IRQHandler
                0x00000000080015c0                CEC_IRQHandler
                0x00000000080015c0                EXTI15_10_IRQHandler
                0x00000000080015c0                BDMA_Channel0_IRQHandler
                0x00000000080015c0                ADC_IRQHandler
                0x00000000080015c0                DMA1_Stream7_IRQHandler
                0x00000000080015c0                HRTIM1_TIMA_IRQHandler
                0x00000000080015c0                TIM7_IRQHandler
                0x00000000080015c0                SDMMC1_IRQHandler
                0x00000000080015c0                DMA2_Stream7_IRQHandler
                0x00000000080015c0                TIM15_IRQHandler
                0x00000000080015c0                PVD_AVD_IRQHandler
                0x00000000080015c0                EXTI9_5_IRQHandler
                0x00000000080015c0                RTC_WKUP_IRQHandler
                0x00000000080015c0                LTDC_IRQHandler
                0x00000000080015c0                SAI3_IRQHandler
                0x00000000080015c0                ETH_WKUP_IRQHandler
                0x00000000080015c0                SPDIF_RX_IRQHandler
                0x00000000080015c0                MemManage_Handler
                0x00000000080015c0                SVC_Handler
                0x00000000080015c0                CRS_IRQHandler
                0x00000000080015c0                EXTI4_IRQHandler
                0x00000000080015c0                HRTIM1_TIMB_IRQHandler
                0x00000000080015c0                FDCAN2_IT1_IRQHandler
                0x00000000080015c0                ETH_IRQHandler
                0x00000000080015c0                TIM1_UP_IRQHandler
                0x00000000080015c0                BDMA_Channel4_IRQHandler
                0x00000000080015c0                WWDG_IRQHandler
                0x00000000080015c0                SPI6_IRQHandler
                0x00000000080015c0                I2C4_EV_IRQHandler
                0x00000000080015c0                MDIOS_IRQHandler
                0x00000000080015c0                FDCAN2_IT0_IRQHandler
                0x00000000080015c0                FDCAN1_IT0_IRQHandler
                0x00000000080015c0                OTG_FS_WKUP_IRQHandler
                0x00000000080015c0                DMA2D_IRQHandler
                0x00000000080015c0                TIM1_BRK_IRQHandler
                0x00000000080015c0                EXTI1_IRQHandler
                0x00000000080015c0                SDMMC2_IRQHandler
                0x00000000080015c0                OTG_FS_EP1_OUT_IRQHandler
                0x00000000080015c0                BDMA_Channel3_IRQHandler
                0x00000000080015c0                MDIOS_WKUP_IRQHandler
                0x00000000080015c0                DFSDM1_FLT0_IRQHandler
                0x00000000080015c0                SAI4_IRQHandler
                0x00000000080015c0                I2C2_ER_IRQHandler
                0x00000000080015c0                DMA2_Stream1_IRQHandler
                0x00000000080015c0                FLASH_IRQHandler
                0x00000000080015c0                BusFault_Handler
                0x00000000080015c0                OTG_FS_IRQHandler
                0x00000000080015c0                WAKEUP_PIN_IRQHandler
                0x00000000080015c0                OTG_FS_EP1_IN_IRQHandler
                0x00000000080015c0                I2C1_ER_IRQHandler
                0x00000000080015c0                FMC_IRQHandler
                0x00000000080015c0                FDCAN_CAL_IRQHandler
                0x00000000080015c0                SWPMI1_IRQHandler
                0x00000000080015c0                COMP1_IRQHandler
                0x00000000080015c0                LPTIM1_IRQHandler
                0x00000000080015c0                I2C4_ER_IRQHandler
                0x00000000080015c0                DMA2_Stream6_IRQHandler
                0x00000000080015c0                RTC_Alarm_IRQHandler
 .text.Reset_Handler
                0x00000000080015c4       0x44 build/startup_stm32h750xx.o
                0x00000000080015c4                Reset_Handler
 .text._ZN12HeavyContext7getSizeEv
                0x0000000008001608        0x4 build/HeavyContext.o
                0x0000000008001608                HeavyContext::getSize()
 .text._ZN12HeavyContext13getSampleRateEv
                0x000000000800160c        0x8 build/HeavyContext.o
                0x000000000800160c                HeavyContext::getSampleRate()
 .text._ZN12HeavyContext16getCurrentSampleEv
                0x0000000008001614        0x4 build/HeavyContext.o
                0x0000000008001614                HeavyContext::getCurrentSample()
 .text._ZN12HeavyContext21samplesToMillisecondsEm
                0x0000000008001618       0x28 build/HeavyContext.o
                0x0000000008001618                HeavyContext::samplesToMilliseconds(unsigned long)
 .text._ZN12HeavyContext11setUserDataEPv
                0x0000000008001640        0x4 build/HeavyContext.o
                0x0000000008001640                HeavyContext::setUserData(void*)
 .text._ZN12HeavyContext11getUserDataEv
                0x0000000008001644        0x4 build/HeavyContext.o
                0x0000000008001644                HeavyContext::getUserData()
 .text._ZN12HeavyContext11setSendHookEPFvP21HeavyContextInterfacePKcmPK9HvMessageE
                0x0000000008001648        0x4 build/HeavyContext.o
                0x0000000008001648                HeavyContext::setSendHook(void (*)(HeavyContextInterface*, char const*, unsigned long, HvMessage const*))
 .text._ZN12HeavyContext11getSendHookEv
                0x000000000800164c        0x4 build/HeavyContext.o
                0x000000000800164c                HeavyContext::getSendHook()
 .text._ZN12HeavyContext12setPrintHookEPFvP21HeavyContextInterfacePKcS3_PK9HvMessageE
                0x0000000008001650        0x4 build/HeavyContext.o
                0x0000000008001650                HeavyContext::setPrintHook(void (*)(HeavyContextInterface*, char const*, char const*, HvMessage const*))
 .text._ZN12HeavyContext12getPrintHookEv
                0x0000000008001654        0x4 build/HeavyContext.o
                0x0000000008001654                HeavyContext::getPrintHook()
 .text._ZN12HeavyContext17getBufferForTableEm
                0x0000000008001658       0x10 build/HeavyContext.o
                0x0000000008001658                HeavyContext::getBufferForTable(unsigned long)
 .text._ZN12HeavyContext17getLengthForTableEm
                0x0000000008001668       0x10 build/HeavyContext.o
                0x0000000008001668                HeavyContext::getLengthForTable(unsigned long)
 .text._ZN12HeavyContext11lockReleaseEv
                0x0000000008001678        0xc build/HeavyContext.o
                0x0000000008001678                HeavyContext::lockRelease()
 *fill*         0x0000000008001684        0x4 
 .text._ZN12HeavyContext18sendBangToReceiverEm
                0x0000000008001688       0x38 build/HeavyContext.o
                0x0000000008001688                HeavyContext::sendBangToReceiver(unsigned long)
 .text._ZN12HeavyContext19sendFloatToReceiverEmf
                0x00000000080016c0       0x38 build/HeavyContext.o
                0x00000000080016c0                HeavyContext::sendFloatToReceiver(unsigned long, float)
 .text._ZN12HeavyContext20sendSymbolToReceiverEmPKc
                0x00000000080016f8       0x4c build/HeavyContext.o
                0x00000000080016f8                HeavyContext::sendSymbolToReceiver(unsigned long, char const*)
 .text._ZN12HeavyContext11lockAcquireEv
                0x0000000008001744       0x20 build/HeavyContext.o
                0x0000000008001744                HeavyContext::lockAcquire()
 .text._ZN12HeavyContext7lockTryEv
                0x0000000008001764       0x20 build/HeavyContext.o
                0x0000000008001764                HeavyContext::lockTry()
 .text._ZN12HeavyContext13cancelMessageEP9HvMessagePFvP21HeavyContextInterfaceiPKS0_E
                0x0000000008001784        0x8 build/HeavyContext.o
                0x0000000008001784                HeavyContext::cancelMessage(HvMessage*, void (*)(HeavyContextInterface*, int, HvMessage const*))
 .text._ZN12HeavyContext17setLengthForTableEmm
                0x000000000800178c       0x18 build/HeavyContext.o
                0x000000000800178c                HeavyContext::setLengthForTable(unsigned long, unsigned long)
 *fill*         0x00000000080017a4        0x4 
 .text._ZN12HeavyContext21millisecondsToSamplesEf
                0x00000000080017a8       0x34 build/HeavyContext.o
                0x00000000080017a8                HeavyContext::millisecondsToSamples(float)
 .text._Z15defaultSendHookP21HeavyContextInterfacePKcmPK9HvMessage
                0x00000000080017dc       0x4c build/HeavyContext.o
                0x00000000080017dc                defaultSendHook(HeavyContextInterface*, char const*, unsigned long, HvMessage const*)
 .text._ZN12HeavyContext24setInputMessageQueueSizeEi
                0x0000000008001828       0x38 build/HeavyContext.o
                0x0000000008001828                HeavyContext::setInputMessageQueueSize(int)
 .text._ZN12HeavyContext25setOutputMessageQueueSizeEi
                0x0000000008001860       0x38 build/HeavyContext.o
                0x0000000008001860                HeavyContext::setOutputMessageQueueSize(int)
 .text._ZN12HeavyContext18getNextSentMessageEPmP9HvMessagej
                0x0000000008001898       0xd0 build/HeavyContext.o
                0x0000000008001898                HeavyContext::getNextSentMessage(unsigned long*, HvMessage*, unsigned int)
 .text._ZN12HeavyContext21sendMessageToReceiverEmdP9HvMessage
                0x0000000008001968      0x100 build/HeavyContext.o
                0x0000000008001968                HeavyContext::sendMessageToReceiver(unsigned long, double, HvMessage*)
 .text._ZN12HeavyContext22sendMessageToReceiverVEmdPKcz
                0x0000000008001a68      0x218 build/HeavyContext.o
                0x0000000008001a68                HeavyContext::sendMessageToReceiverV(unsigned long, double, char const*, ...)
 .text._ZN12HeavyContextC2Ediii
                0x0000000008001c80       0xd4 build/HeavyContext.o
                0x0000000008001c80                HeavyContext::HeavyContext(double, int, int, int)
                0x0000000008001c80                HeavyContext::HeavyContext(double, int, int, int)
 .text._ZN12HeavyContextD2Ev
                0x0000000008001d54       0x28 build/HeavyContext.o
                0x0000000008001d54                HeavyContext::~HeavyContext()
                0x0000000008001d54                HeavyContext::~HeavyContext()
 .text._ZN19Heavy_daisy_control7getNameEv
                0x0000000008001d7c        0x8 build/Heavy_daisy_control.o
                0x0000000008001d7c                Heavy_daisy_control::getName()
 .text._ZN19Heavy_daisy_control19getNumInputChannelsEv
                0x0000000008001d84        0x4 build/Heavy_daisy_control.o
                0x0000000008001d84                Heavy_daisy_control::getNumInputChannels()
 .text._ZN19Heavy_daisy_control20getNumOutputChannelsEv
                0x0000000008001d88        0x4 build/Heavy_daisy_control.o
                0x0000000008001d88                Heavy_daisy_control::getNumOutputChannels()
 .text._ZN19Heavy_daisy_control15getTableForHashEm
                0x0000000008001d8c        0x4 build/Heavy_daisy_control.o
                0x0000000008001d8c                Heavy_daisy_control::getTableForHash(unsigned long)
 .text._ZN19Heavy_daisy_control16getParameterInfoEiP15HvParameterInfo
                0x0000000008001d90       0x94 build/Heavy_daisy_control.o
                0x0000000008001d90                Heavy_daisy_control::getParameterInfo(int, HvParameterInfo*)
 .text._ZN19Heavy_daisy_controlD2Ev
                0x0000000008001e24       0x14 build/Heavy_daisy_control.o
                0x0000000008001e24                Heavy_daisy_control::~Heavy_daisy_control()
                0x0000000008001e24                Heavy_daisy_control::~Heavy_daisy_control()
 .text._ZN19Heavy_daisy_controlD0Ev
                0x0000000008001e38       0x1c build/Heavy_daisy_control.o
                0x0000000008001e38                Heavy_daisy_control::~Heavy_daisy_control()
 .text._ZN19Heavy_daisy_control26scheduleMessageForReceiverEmP9HvMessage
                0x0000000008001e54       0x70 build/Heavy_daisy_control.o
                0x0000000008001e54                Heavy_daisy_control::scheduleMessageForReceiver(unsigned long, HvMessage*)
 .text._ZN19Heavy_daisy_control13processInlineEPfS0_i
                0x0000000008001ec4       0x20 build/Heavy_daisy_control.o
                0x0000000008001ec4                Heavy_daisy_control::processInline(float*, float*, int)
 .text._ZN19Heavy_daisy_control24processInlineInterleavedEPfS0_i
                0x0000000008001ee4       0x70 build/Heavy_daisy_control.o
                0x0000000008001ee4                Heavy_daisy_control::processInlineInterleaved(float*, float*, int)
 .text._ZN19Heavy_daisy_control27cBinop_bhG1c4O6_sendMessageEP21HeavyContextInterfaceiPK9HvMessage
                0x0000000008001f54        0x8 build/Heavy_daisy_control.o
                0x0000000008001f54                Heavy_daisy_control::cBinop_bhG1c4O6_sendMessage(HeavyContextInterface*, int, HvMessage const*)
 .text._ZN19Heavy_daisy_control29cReceive_3wEbEbsM_sendMessageEP21HeavyContextInterfaceiPK9HvMessage
                0x0000000008001f5c       0x38 build/Heavy_daisy_control.o
                0x0000000008001f5c                Heavy_daisy_control::cReceive_3wEbEbsM_sendMessage(HeavyContextInterface*, int, HvMessage const*)
 .text._ZN19Heavy_daisy_control7processEPPfS1_i
                0x0000000008001f94      0x174 build/Heavy_daisy_control.o
                0x0000000008001f94                Heavy_daisy_control::process(float**, float**, int)
 .text.msg_setFloat.part.0
                0x0000000008002108       0x1c build/Heavy_daisy_control.o
 .text._ZN19Heavy_daisy_control29cReceive_TOCyRsRx_sendMessageEP21HeavyContextInterfaceiPK9HvMessage
                0x0000000008002124       0x34 build/Heavy_daisy_control.o
                0x0000000008002124                Heavy_daisy_control::cReceive_TOCyRsRx_sendMessage(HeavyContextInterface*, int, HvMessage const*)
 .text._ZN19Heavy_daisy_controlC2Ediii
                0x0000000008002158       0x78 build/Heavy_daisy_control.o
                0x0000000008002158                Heavy_daisy_control::Heavy_daisy_control(double, int, int, int)
                0x0000000008002158                Heavy_daisy_control::Heavy_daisy_control(double, int, int, int)
 .text._ZN19Heavy_daisy_control25cMsg_iqvU9eIX_sendMessageEP21HeavyContextInterfaceiPK9HvMessage
                0x00000000080021d0       0x3c build/Heavy_daisy_control.o
                0x00000000080021d0                Heavy_daisy_control::cMsg_iqvU9eIX_sendMessage(HeavyContextInterface*, int, HvMessage const*)
 .text._ZN19Heavy_daisy_control26cCast_4V31hQPu_sendMessageEP21HeavyContextInterfaceiPK9HvMessage
                0x000000000800220c        0x8 build/Heavy_daisy_control.o
                0x000000000800220c                Heavy_daisy_control::cCast_4V31hQPu_sendMessage(HeavyContextInterface*, int, HvMessage const*)
 .text._ZN19Heavy_daisy_control25cMsg_KJa8MeLo_sendMessageEP21HeavyContextInterfaceiPK9HvMessage
                0x0000000008002214       0x48 build/Heavy_daisy_control.o
                0x0000000008002214                Heavy_daisy_control::cMsg_KJa8MeLo_sendMessage(HeavyContextInterface*, int, HvMessage const*)
 .text._ZN19Heavy_daisy_control26cCast_hpN6cyzV_sendMessageEP21HeavyContextInterfaceiPK9HvMessage
                0x000000000800225c        0x8 build/Heavy_daisy_control.o
                0x000000000800225c                Heavy_daisy_control::cCast_hpN6cyzV_sendMessage(HeavyContextInterface*, int, HvMessage const*)
 .text._ZN19Heavy_daisy_control26cSend_ekzGeICa_sendMessageEP21HeavyContextInterfaceiPK9HvMessage
                0x0000000008002264       0x48 build/Heavy_daisy_control.o
                0x0000000008002264                Heavy_daisy_control::cSend_ekzGeICa_sendMessage(HeavyContextInterface*, int, HvMessage const*)
 .text._ZN19Heavy_daisy_control29cReceive_cdHTSuNK_sendMessageEP21HeavyContextInterfaceiPK9HvMessage
                0x00000000080022ac       0x20 build/Heavy_daisy_control.o
                0x00000000080022ac                Heavy_daisy_control::cReceive_cdHTSuNK_sendMessage(HeavyContextInterface*, int, HvMessage const*)
 .text._ZN19Heavy_daisy_control26cSend_mIsAMHA3_sendMessageEP21HeavyContextInterfaceiPK9HvMessage
                0x00000000080022cc       0x48 build/Heavy_daisy_control.o
                0x00000000080022cc                Heavy_daisy_control::cSend_mIsAMHA3_sendMessage(HeavyContextInterface*, int, HvMessage const*)
 .text._ZN19Heavy_daisy_control29cReceive_y48z473J_sendMessageEP21HeavyContextInterfaceiPK9HvMessage
                0x0000000008002314       0x20 build/Heavy_daisy_control.o
                0x0000000008002314                Heavy_daisy_control::cReceive_y48z473J_sendMessage(HeavyContextInterface*, int, HvMessage const*)
 .text.hv_getPrintHook
                0x0000000008002334       0x30 build/HvHeavy.o
                0x0000000008002334                hv_getPrintHook
 *fill*         0x0000000008002364        0x4 
 .text.hv_millisecondsToSamples
                0x0000000008002368       0x64 build/HvHeavy.o
                0x0000000008002368                hv_millisecondsToSamples
 .text._ZN10json2daisy15DaisyCustomseedD2Ev
                0x00000000080023cc        0x4 build/HeavyDaisy_daisy_control.o
                0x00000000080023cc                json2daisy::DaisyCustomseed::~DaisyCustomseed()
                0x00000000080023cc                json2daisy::DaisyCustomseed::~DaisyCustomseed()
 .text._ZL8sendHookP21HeavyContextInterfacePKcmPK9HvMessage
                0x00000000080023d0       0x58 build/HeavyDaisy_daisy_control.o
 .text._ZN10json2daisy15DaisyCustomseed4InitEb
                0x0000000008002428      0x234 build/HeavyDaisy_daisy_control.o
                0x0000000008002428                json2daisy::DaisyCustomseed::Init(bool)
 .text.startup.main
                0x000000000800265c       0x2c build/HeavyDaisy_daisy_control.o
                0x000000000800265c                main
 .text._Z15CallbackWriteInR19Heavy_daisy_control
                0x0000000008002688       0x80 build/HeavyDaisy_daisy_control.o
                0x0000000008002688                CallbackWriteIn(Heavy_daisy_control&)
 .text.startup._GLOBAL__sub_I_hardware
                0x0000000008002708       0x54 build/HeavyDaisy_daisy_control.o
 .text._Z13audiocallbackPKPKfPPfj
                0x000000000800275c       0xa8 build/HeavyDaisy_daisy_control.o
                0x000000000800275c                audiocallback(float const* const*, float**, unsigned int)
 .text._ZN5daisy9DaisySeed9ConfigureEv
                0x0000000008002804        0x4 ../../../lib/pd2dsy/libdaisy/build/libdaisy.a(daisy_seed.o)
                0x0000000008002804                daisy::DaisySeed::Configure()
 .text._ZN5daisy9DaisySeed6GetPinEh
                0x0000000008002808       0x2c ../../../lib/pd2dsy/libdaisy/build/libdaisy.a(daisy_seed.o)
                0x0000000008002808                daisy::DaisySeed::GetPin(unsigned char)
 .text._ZN5daisy9DaisySeed10StartAudioEPFvPKPKfPPfjE
                0x0000000008002834        0x8 ../../../lib/pd2dsy/libdaisy/build/libdaisy.a(daisy_seed.o)
                0x0000000008002834                daisy::DaisySeed::StartAudio(void (*)(float const* const*, float**, unsigned int))
 .text._ZNK5daisy9DaisySeed17AudioCallbackRateEv
                0x000000000800283c        0x8 ../../../lib/pd2dsy/libdaisy/build/libdaisy.a(daisy_seed.o)
                0x000000000800283c                daisy::DaisySeed::AudioCallbackRate() const
 .text._ZN5daisy9DaisySeed14ConfigureAudioEv
                0x0000000008002844       0xd0 ../../../lib/pd2dsy/libdaisy/build/libdaisy.a(daisy_seed.o)
                0x0000000008002844                daisy::DaisySeed::ConfigureAudio()
 .text._ZN5daisy9DaisySeed4InitEb
                0x0000000008002914       0xf0 ../../../lib/pd2dsy/libdaisy/build/libdaisy.a(daisy_seed.o)
                0x0000000008002914                daisy::DaisySeed::Init(bool)
 .text._ZN5daisy6Ak45564InitE12dsy_gpio_pin
                0x0000000008002a04       0x44 ../../../lib/pd2dsy/libdaisy/build/libdaisy.a(codec_ak4556.o)
                0x0000000008002a04                daisy::Ak4556::Init(dsy_gpio_pin)
 .text._ZN5daisy6Wm873120WriteControlRegisterEht
                0x0000000008002a48       0x3c ../../../lib/pd2dsy/libdaisy/build/libdaisy.a(codec_wm8731.o)
                0x0000000008002a48                daisy::Wm8731::WriteControlRegister(unsigned char, unsigned short)
 .text._ZN5daisy6Wm87314InitERKNS0_6ConfigENS_9I2CHandleE
                0x0000000008002a84      0x1bc ../../../lib/pd2dsy/libdaisy/build/libdaisy.a(codec_wm8731.o)
                0x0000000008002a84                daisy::Wm8731::Init(daisy::Wm8731::Config const&, daisy::I2CHandle)
 .text._ZN11SdramHandle10DeviceInitEv
                0x0000000008002c40       0x98 ../../../lib/pd2dsy/libdaisy/build/libdaisy.a(sdram.o)
                0x0000000008002c40                SdramHandle::DeviceInit()
 .text._ZN11SdramHandle4InitEv
                0x0000000008002cd8       0x7c ../../../lib/pd2dsy/libdaisy/build/libdaisy.a(sdram.o)
                0x0000000008002cd8                SdramHandle::Init()
 .text.HAL_SDRAM_MspInit
                0x0000000008002d54      0x1a8 ../../../lib/pd2dsy/libdaisy/build/libdaisy.a(sdram.o)
                0x0000000008002d54                HAL_SDRAM_MspInit
 .text._ZN5daisy11AudioHandle4Impl16InternalCallbackEPlS2_j
                0x0000000008002efc      0xbbc ../../../lib/pd2dsy/libdaisy/build/libdaisy.a(audio.o)
                0x0000000008002efc                daisy::AudioHandle::Impl::InternalCallback(long*, long*, unsigned int)
 .text._ZN5daisy11AudioHandle4InitERKNS0_6ConfigENS_9SaiHandleE
                0x0000000008003ab8       0x70 ../../../lib/pd2dsy/libdaisy/build/libdaisy.a(audio.o)
                0x0000000008003ab8                daisy::AudioHandle::Init(daisy::AudioHandle::Config const&, daisy::SaiHandle)
 .text._ZNK5daisy11AudioHandle9GetConfigEv
                0x0000000008003b28        0x8 ../../../lib/pd2dsy/libdaisy/build/libdaisy.a(audio.o)
                0x0000000008003b28                daisy::AudioHandle::GetConfig() const
 .text._ZN5daisy11AudioHandle13GetSampleRateEv
                0x0000000008003b30        0x8 ../../../lib/pd2dsy/libdaisy/build/libdaisy.a(audio.o)
                0x0000000008003b30                daisy::AudioHandle::GetSampleRate()
 .text._ZN5daisy11AudioHandle5StartEPFvPKPKfPPfjE
                0x0000000008003b38       0x44 ../../../lib/pd2dsy/libdaisy/build/libdaisy.a(audio.o)
                0x0000000008003b38                daisy::AudioHandle::Start(void (*)(float const* const*, float**, unsigned int))
 .text.startup._GLOBAL__sub_I__ZN5daisy11AudioHandle4Impl4InitENS0_6ConfigENS_9SaiHandleE
                0x0000000008003b7c       0x24 ../../../lib/pd2dsy/libdaisy/build/libdaisy.a(audio.o)
 .text._ZN5daisy13AnalogControl4InitEPtfbbf
                0x0000000008003ba0       0x64 ../../../lib/pd2dsy/libdaisy/build/libdaisy.a(ctrl.o)
                0x0000000008003ba0                daisy::AnalogControl::Init(unsigned short*, float, bool, bool, float)
 .text._ZN5daisy13AnalogControl7ProcessEv
                0x0000000008003c04       0x48 ../../../lib/pd2dsy/libdaisy/build/libdaisy.a(ctrl.o)
                0x0000000008003c04                daisy::AnalogControl::Process()
 .text._ZN5daisy7Encoder4InitE12dsy_gpio_pinS1_S1_f
                0x0000000008003c4c       0x60 ../../../lib/pd2dsy/libdaisy/build/libdaisy.a(encoder.o)
                0x0000000008003c4c                daisy::Encoder::Init(dsy_gpio_pin, dsy_gpio_pin, dsy_gpio_pin, float)
 .text._ZN5daisy7Encoder8DebounceEv
                0x0000000008003cac       0x7c ../../../lib/pd2dsy/libdaisy/build/libdaisy.a(encoder.o)
                0x0000000008003cac                daisy::Encoder::Debounce()
 .text._ZN5daisy6RgbLed4InitE12dsy_gpio_pinS1_S1_b
                0x0000000008003d28       0x50 ../../../lib/pd2dsy/libdaisy/build/libdaisy.a(rgb_led.o)
                0x0000000008003d28                daisy::RgbLed::Init(dsy_gpio_pin, dsy_gpio_pin, dsy_gpio_pin, bool)
 .text._ZN5daisy6RgbLed3SetEfff
                0x0000000008003d78       0x34 ../../../lib/pd2dsy/libdaisy/build/libdaisy.a(rgb_led.o)
                0x0000000008003d78                daisy::RgbLed::Set(float, float, float)
 .text._ZN5daisy6RgbLed6UpdateEv
                0x0000000008003dac       0x1c ../../../lib/pd2dsy/libdaisy/build/libdaisy.a(rgb_led.o)
                0x0000000008003dac                daisy::RgbLed::Update()
 .text._ZN5daisy6Switch4InitE12dsy_gpio_pinfNS0_4TypeENS0_8PolarityENS0_4PullE
                0x0000000008003dc8       0x6c ../../../lib/pd2dsy/libdaisy/build/libdaisy.a(switch.o)
                0x0000000008003dc8                daisy::Switch::Init(dsy_gpio_pin, float, daisy::Switch::Type, daisy::Switch::Polarity, daisy::Switch::Pull)
 .text._ZN5daisy6Switch4InitE12dsy_gpio_pinf
                0x0000000008003e34       0x34 ../../../lib/pd2dsy/libdaisy/build/libdaisy.a(switch.o)
                0x0000000008003e34                daisy::Switch::Init(dsy_gpio_pin, float)
 .text._ZN5daisy6Switch8DebounceEv
                0x0000000008003e68       0x5c ../../../lib/pd2dsy/libdaisy/build/libdaisy.a(switch.o)
                0x0000000008003e68                daisy::Switch::Debounce()
 .text._ZN5daisy16AdcChannelConfig10InitSingleE12dsy_gpio_pin
                0x0000000008003ec4       0x1c ../../../lib/pd2dsy/libdaisy/build/libdaisy.a(adc.o)
                0x0000000008003ec4                daisy::AdcChannelConfig::InitSingle(dsy_gpio_pin)
 .text._ZN5daisy9AdcHandle4InitEPNS_16AdcChannelConfigEjNS0_12OverSamplingE
                0x0000000008003ee0      0x3c8 ../../../lib/pd2dsy/libdaisy/build/libdaisy.a(adc.o)
                0x0000000008003ee0                daisy::AdcHandle::Init(daisy::AdcChannelConfig*, unsigned int, daisy::AdcHandle::OverSampling)
 .text._ZN5daisy9AdcHandle5StartEv
                0x00000000080042a8       0x2c ../../../lib/pd2dsy/libdaisy/build/libdaisy.a(adc.o)
                0x00000000080042a8                daisy::AdcHandle::Start()
 .text._ZNK5daisy9AdcHandle6GetPtrEh
                0x00000000080042d4       0x14 ../../../lib/pd2dsy/libdaisy/build/libdaisy.a(adc.o)
                0x00000000080042d4                daisy::AdcHandle::GetPtr(unsigned char) const
 .text.HAL_ADC_MspInit
                0x00000000080042e8       0x98 ../../../lib/pd2dsy/libdaisy/build/libdaisy.a(adc.o)
                0x00000000080042e8                HAL_ADC_MspInit
 .text.DMA1_Stream2_IRQHandler
                0x0000000008004380        0xc ../../../lib/pd2dsy/libdaisy/build/libdaisy.a(adc.o)
                0x0000000008004380                DMA1_Stream2_IRQHandler
 .text.HAL_ADC_ConvCpltCallback
                0x000000000800438c      0x148 ../../../lib/pd2dsy/libdaisy/build/libdaisy.a(adc.o)
                0x000000000800438c                HAL_ADC_ConvCpltCallback
 .text.HAL_ADC_ErrorCallback
                0x00000000080044d4        0x4 ../../../lib/pd2dsy/libdaisy/build/libdaisy.a(adc.o)
                0x00000000080044d4                HAL_ADC_ErrorCallback
 .text.dsy_gpio_init
                0x00000000080044d8      0x1b8 ../../../lib/pd2dsy/libdaisy/build/libdaisy.a(gpio.o)
                0x00000000080044d8                dsy_gpio_init
 .text.dsy_gpio_read
                0x0000000008004690       0x1c ../../../lib/pd2dsy/libdaisy/build/libdaisy.a(gpio.o)
                0x0000000008004690                dsy_gpio_read
 .text.dsy_gpio_write
                0x00000000080046ac       0x24 ../../../lib/pd2dsy/libdaisy/build/libdaisy.a(gpio.o)
                0x00000000080046ac                dsy_gpio_write
 .text._ZN5daisy9I2CHandle4Impl8InitPinsEv
                0x00000000080046d0       0x58 ../../../lib/pd2dsy/libdaisy/build/libdaisy.a(i2c.o)
                0x00000000080046d0                daisy::I2CHandle::Impl::InitPins()
 .text.HAL_I2C_MspInit
                0x0000000008004728      0x1b4 ../../../lib/pd2dsy/libdaisy/build/libdaisy.a(i2c.o)
                0x0000000008004728                HAL_I2C_MspInit
 .text.dsy_i2c_global_init
                0x00000000080048dc       0x78 ../../../lib/pd2dsy/libdaisy/build/libdaisy.a(i2c.o)
                0x00000000080048dc                dsy_i2c_global_init
 .text.DMA1_Stream6_IRQHandler
                0x0000000008004954       0x34 ../../../lib/pd2dsy/libdaisy/build/libdaisy.a(i2c.o)
                0x0000000008004954                DMA1_Stream6_IRQHandler
 .text.I2C1_EV_IRQHandler
                0x0000000008004988        0xc ../../../lib/pd2dsy/libdaisy/build/libdaisy.a(i2c.o)
                0x0000000008004988                I2C1_EV_IRQHandler
 .text.I2C2_EV_IRQHandler
                0x0000000008004994        0xc ../../../lib/pd2dsy/libdaisy/build/libdaisy.a(i2c.o)
                0x0000000008004994                I2C2_EV_IRQHandler
 .text.I2C3_EV_IRQHandler
                0x00000000080049a0        0xc ../../../lib/pd2dsy/libdaisy/build/libdaisy.a(i2c.o)
                0x00000000080049a0                I2C3_EV_IRQHandler
 .text._ZN5daisy9I2CHandle4InitERKNS0_6ConfigE
                0x00000000080049ac      0x12c ../../../lib/pd2dsy/libdaisy/build/libdaisy.a(i2c.o)
                0x00000000080049ac                daisy::I2CHandle::Init(daisy::I2CHandle::Config const&)
 .text._ZN5daisy9I2CHandle16TransmitBlockingEtPhtm
                0x0000000008004ad8       0x50 ../../../lib/pd2dsy/libdaisy/build/libdaisy.a(i2c.o)
                0x0000000008004ad8                daisy::I2CHandle::TransmitBlocking(unsigned short, unsigned char*, unsigned short, unsigned long)
 .text.startup._GLOBAL__sub_I__ZN5daisy9I2CHandle4Impl10GlobalInitEv
                0x0000000008004b28       0x18 ../../../lib/pd2dsy/libdaisy/build/libdaisy.a(i2c.o)
 .text._ZN5daisy10QSPIHandle4Impl11WriteEnableEv
                0x0000000008004b40       0x8c ../../../lib/pd2dsy/libdaisy/build/libdaisy.a(qspi.o)
                0x0000000008004b40                daisy::QSPIHandle::Impl::WriteEnable()
 *fill*         0x0000000008004bcc        0x4 
 .text._ZN5daisy10QSPIHandle4Impl17DummyCyclesConfigENS0_6Config6DeviceE
                0x0000000008004bd0      0x118 ../../../lib/pd2dsy/libdaisy/build/libdaisy.a(qspi.o)
                0x0000000008004bd0                daisy::QSPIHandle::Impl::DummyCyclesConfig(daisy::QSPIHandle::Config::Device)
 .text._ZN5daisy10QSPIHandle4Impl10QuadEnableEv
                0x0000000008004ce8      0x158 ../../../lib/pd2dsy/libdaisy/build/libdaisy.a(qspi.o)
                0x0000000008004ce8                daisy::QSPIHandle::Impl::QuadEnable()
 .text._ZN5daisy10QSPIHandle4InitERKNS0_6ConfigE
                0x0000000008004e40      0x198 ../../../lib/pd2dsy/libdaisy/build/libdaisy.a(qspi.o)
                0x0000000008004e40                daisy::QSPIHandle::Init(daisy::QSPIHandle::Config const&)
 .text.HAL_QSPI_MspInit
                0x0000000008004fd8      0x11c ../../../lib/pd2dsy/libdaisy/build/libdaisy.a(qspi.o)
                0x0000000008004fd8                HAL_QSPI_MspInit
 .text.HAL_QSPI_MspDeInit
                0x00000000080050f4       0x54 ../../../lib/pd2dsy/libdaisy/build/libdaisy.a(qspi.o)
                0x00000000080050f4                HAL_QSPI_MspDeInit
 .text.QUADSPI_IRQHandler
                0x0000000008005148        0xc ../../../lib/pd2dsy/libdaisy/build/libdaisy.a(qspi.o)
                0x0000000008005148                QUADSPI_IRQHandler
 .text.startup._GLOBAL__sub_I__ZN5daisy10QSPIHandle4Impl4InitERKNS0_6ConfigE
                0x0000000008005154       0x28 ../../../lib/pd2dsy/libdaisy/build/libdaisy.a(qspi.o)
 .text._ZN5daisy9SaiHandle4Impl7InitDmaENS1_15PeripheralBlockE
                0x000000000800517c       0xa0 ../../../lib/pd2dsy/libdaisy/build/libdaisy.a(sai.o)
                0x000000000800517c                daisy::SaiHandle::Impl::InitDma(daisy::SaiHandle::Impl::PeripheralBlock)
 .text._ZN5daisy9SaiHandle4Impl8InitPinsEv
                0x000000000800521c       0xa8 ../../../lib/pd2dsy/libdaisy/build/libdaisy.a(sai.o)
                0x000000000800521c                daisy::SaiHandle::Impl::InitPins()
 .text.HAL_SAI_MspInit
                0x00000000080052c4      0x164 ../../../lib/pd2dsy/libdaisy/build/libdaisy.a(sai.o)
                0x00000000080052c4                HAL_SAI_MspInit
 .text.DMA1_Stream0_IRQHandler
                0x0000000008005428        0xc ../../../lib/pd2dsy/libdaisy/build/libdaisy.a(sai.o)
                0x0000000008005428                DMA1_Stream0_IRQHandler
 .text.DMA1_Stream1_IRQHandler
                0x0000000008005434        0xc ../../../lib/pd2dsy/libdaisy/build/libdaisy.a(sai.o)
                0x0000000008005434                DMA1_Stream1_IRQHandler
 .text.DMA1_Stream3_IRQHandler
                0x0000000008005440        0xc ../../../lib/pd2dsy/libdaisy/build/libdaisy.a(sai.o)
                0x0000000008005440                DMA1_Stream3_IRQHandler
 .text.DMA1_Stream4_IRQHandler
                0x000000000800544c        0xc ../../../lib/pd2dsy/libdaisy/build/libdaisy.a(sai.o)
                0x000000000800544c                DMA1_Stream4_IRQHandler
 .text.HAL_SAI_RxHalfCpltCallback
                0x0000000008005458       0x78 ../../../lib/pd2dsy/libdaisy/build/libdaisy.a(sai.o)
                0x0000000008005458                HAL_SAI_RxHalfCpltCallback
 .text.HAL_SAI_RxCpltCallback
                0x00000000080054d0       0x70 ../../../lib/pd2dsy/libdaisy/build/libdaisy.a(sai.o)
                0x00000000080054d0                HAL_SAI_RxCpltCallback
 .text._ZN5daisy9SaiHandle4InitERKNS0_6ConfigE
                0x0000000008005540      0x1f0 ../../../lib/pd2dsy/libdaisy/build/libdaisy.a(sai.o)
                0x0000000008005540                daisy::SaiHandle::Init(daisy::SaiHandle::Config const&)
 .text._ZNK5daisy9SaiHandle9GetConfigEv
                0x0000000008005730        0x4 ../../../lib/pd2dsy/libdaisy/build/libdaisy.a(sai.o)
                0x0000000008005730                daisy::SaiHandle::GetConfig() const
 .text._ZN5daisy9SaiHandle8StartDmaEPlS1_jPFvS1_S1_jE
                0x0000000008005734       0xbc ../../../lib/pd2dsy/libdaisy/build/libdaisy.a(sai.o)
                0x0000000008005734                daisy::SaiHandle::StartDma(long*, long*, unsigned int, void (*)(long*, long*, unsigned int))
 .text._ZN5daisy9SaiHandle13GetSampleRateEv
                0x00000000080057f0       0x24 ../../../lib/pd2dsy/libdaisy/build/libdaisy.a(sai.o)
                0x00000000080057f0                daisy::SaiHandle::GetSampleRate()
 .text._ZNK5daisy9SaiHandle9GetOffsetEv
                0x0000000008005814        0x8 ../../../lib/pd2dsy/libdaisy/build/libdaisy.a(sai.o)
                0x0000000008005814                daisy::SaiHandle::GetOffset() const
 .text._ZN5daisy11TimerHandleD2Ev
                0x000000000800581c        0x4 ../../../lib/pd2dsy/libdaisy/build/libdaisy.a(system.o)
                0x000000000800581c                daisy::TimerHandle::~TimerHandle()
                0x000000000800581c                daisy::TimerHandle::~TimerHandle()
 .text.SysTick_Handler
                0x0000000008005820       0x10 ../../../lib/pd2dsy/libdaisy/build/libdaisy.a(system.o)
                0x0000000008005820                SysTick_Handler
 .text.OTG_HS_EP1_OUT_IRQHandler
                0x0000000008005830       0x24 ../../../lib/pd2dsy/libdaisy/build/libdaisy.a(system.o)
                0x0000000008005830                OTG_HS_EP1_OUT_IRQHandler
 .text.OTG_HS_EP1_IN_IRQHandler
                0x0000000008005854       0x24 ../../../lib/pd2dsy/libdaisy/build/libdaisy.a(system.o)
                0x0000000008005854                OTG_HS_EP1_IN_IRQHandler
 .text.OTG_HS_IRQHandler
                0x0000000008005878       0x24 ../../../lib/pd2dsy/libdaisy/build/libdaisy.a(system.o)
                0x0000000008005878                OTG_HS_IRQHandler
 .text.HardFault_Handler
                0x000000000800589c       0xe0 ../../../lib/pd2dsy/libdaisy/build/libdaisy.a(system.o)
                0x000000000800589c                HardFault_Handler
 .text._ZN5daisy6System6GetNowEv
                0x000000000800597c        0x4 ../../../lib/pd2dsy/libdaisy/build/libdaisy.a(system.o)
                0x000000000800597c                daisy::System::GetNow()
 .text._ZN5daisy6System5DelayEm
                0x0000000008005980        0x4 ../../../lib/pd2dsy/libdaisy/build/libdaisy.a(system.o)
                0x0000000008005980                daisy::System::Delay(unsigned long)
 .text._ZN5daisy6System15ConfigureClocksEv
                0x0000000008005984      0x194 ../../../lib/pd2dsy/libdaisy/build/libdaisy.a(system.o)
                0x0000000008005984                daisy::System::ConfigureClocks()
 .text._ZN5daisy6System4InitERKNS0_6ConfigE
                0x0000000008005b18      0x140 ../../../lib/pd2dsy/libdaisy/build/libdaisy.a(system.o)
                0x0000000008005b18                daisy::System::Init(daisy::System::Config const&)
 .text._ZN5daisy6System12GetPClk1FreqEv
                0x0000000008005c58        0x4 ../../../lib/pd2dsy/libdaisy/build/libdaisy.a(system.o)
                0x0000000008005c58                daisy::System::GetPClk1Freq()
 .text._ZN5daisy6System22GetProgramMemoryRegionEv
                0x0000000008005c5c       0x78 ../../../lib/pd2dsy/libdaisy/build/libdaisy.a(system.o)
                0x0000000008005c5c                daisy::System::GetProgramMemoryRegion()
 .text.startup._GLOBAL__sub_I_SysTick_Handler
                0x0000000008005cd4       0x1c ../../../lib/pd2dsy/libdaisy/build/libdaisy.a(system.o)
 .text.SystemInit
                0x0000000008005cf0       0x9c ../../../lib/pd2dsy/libdaisy/build/libdaisy.a(system_stm32h7xx.o)
                0x0000000008005cf0                SystemInit
 .text.HAL_PCD_SetupStageCallback
                0x0000000008005d8c        0xc ../../../lib/pd2dsy/libdaisy/build/libdaisy.a(usbd_conf.o)
                0x0000000008005d8c                HAL_PCD_SetupStageCallback
 .text.HAL_PCD_DataOutStageCallback
                0x0000000008005d98       0x14 ../../../lib/pd2dsy/libdaisy/build/libdaisy.a(usbd_conf.o)
                0x0000000008005d98                HAL_PCD_DataOutStageCallback
 .text.HAL_PCD_DataInStageCallback
                0x0000000008005dac       0x14 ../../../lib/pd2dsy/libdaisy/build/libdaisy.a(usbd_conf.o)
                0x0000000008005dac                HAL_PCD_DataInStageCallback
 .text.HAL_PCD_SOFCallback
                0x0000000008005dc0        0x8 ../../../lib/pd2dsy/libdaisy/build/libdaisy.a(usbd_conf.o)
                0x0000000008005dc0                HAL_PCD_SOFCallback
 .text.HAL_PCD_ResetCallback
                0x0000000008005dc8       0x24 ../../../lib/pd2dsy/libdaisy/build/libdaisy.a(usbd_conf.o)
                0x0000000008005dc8                HAL_PCD_ResetCallback
 .text.HAL_PCD_SuspendCallback
                0x0000000008005dec       0x30 ../../../lib/pd2dsy/libdaisy/build/libdaisy.a(usbd_conf.o)
                0x0000000008005dec                HAL_PCD_SuspendCallback
 .text.HAL_PCD_ResumeCallback
                0x0000000008005e1c        0x8 ../../../lib/pd2dsy/libdaisy/build/libdaisy.a(usbd_conf.o)
                0x0000000008005e1c                HAL_PCD_ResumeCallback
 .text.HAL_PCD_ISOOUTIncompleteCallback
                0x0000000008005e24        0x8 ../../../lib/pd2dsy/libdaisy/build/libdaisy.a(usbd_conf.o)
                0x0000000008005e24                HAL_PCD_ISOOUTIncompleteCallback
 .text.HAL_PCD_ISOINIncompleteCallback
                0x0000000008005e2c        0x8 ../../../lib/pd2dsy/libdaisy/build/libdaisy.a(usbd_conf.o)
                0x0000000008005e2c                HAL_PCD_ISOINIncompleteCallback
 .text.HAL_PCD_ConnectCallback
                0x0000000008005e34        0x8 ../../../lib/pd2dsy/libdaisy/build/libdaisy.a(usbd_conf.o)
                0x0000000008005e34                HAL_PCD_ConnectCallback
 .text.HAL_PCD_DisconnectCallback
                0x0000000008005e3c        0x8 ../../../lib/pd2dsy/libdaisy/build/libdaisy.a(usbd_conf.o)
                0x0000000008005e3c                HAL_PCD_DisconnectCallback
 .text.USBD_LL_OpenEP
                0x0000000008005e44       0x24 ../../../lib/pd2dsy/libdaisy/build/libdaisy.a(usbd_conf.o)
                0x0000000008005e44                USBD_LL_OpenEP
 .text.USBD_LL_StallEP
                0x0000000008005e68       0x1c ../../../lib/pd2dsy/libdaisy/build/libdaisy.a(usbd_conf.o)
                0x0000000008005e68                USBD_LL_StallEP
 .text.USBD_LL_ClearStallEP
                0x0000000008005e84       0x1c ../../../lib/pd2dsy/libdaisy/build/libdaisy.a(usbd_conf.o)
                0x0000000008005e84                USBD_LL_ClearStallEP
 .text.USBD_LL_IsStallEP
                0x0000000008005ea0       0x28 ../../../lib/pd2dsy/libdaisy/build/libdaisy.a(usbd_conf.o)
                0x0000000008005ea0                USBD_LL_IsStallEP
 .text.USBD_LL_SetUSBAddress
                0x0000000008005ec8       0x1c ../../../lib/pd2dsy/libdaisy/build/libdaisy.a(usbd_conf.o)
                0x0000000008005ec8                USBD_LL_SetUSBAddress
 .text.USBD_LL_Transmit
                0x0000000008005ee4       0x1c ../../../lib/pd2dsy/libdaisy/build/libdaisy.a(usbd_conf.o)
                0x0000000008005ee4                USBD_LL_Transmit
 .text.USBD_LL_PrepareReceive
                0x0000000008005f00       0x1c ../../../lib/pd2dsy/libdaisy/build/libdaisy.a(usbd_conf.o)
                0x0000000008005f00                USBD_LL_PrepareReceive
 .text.HAL_HCD_SOF_Callback
                0x0000000008005f1c        0x8 ../../../lib/pd2dsy/libdaisy/build/libdaisy.a(usbh_conf.o)
                0x0000000008005f1c                HAL_HCD_SOF_Callback
 .text.HAL_HCD_Connect_Callback
                0x0000000008005f24        0x8 ../../../lib/pd2dsy/libdaisy/build/libdaisy.a(usbh_conf.o)
                0x0000000008005f24                HAL_HCD_Connect_Callback
 .text.HAL_HCD_Disconnect_Callback
                0x0000000008005f2c        0x8 ../../../lib/pd2dsy/libdaisy/build/libdaisy.a(usbh_conf.o)
                0x0000000008005f2c                HAL_HCD_Disconnect_Callback
 .text.HAL_HCD_HC_NotifyURBChange_Callback
                0x0000000008005f34        0x4 ../../../lib/pd2dsy/libdaisy/build/libdaisy.a(usbh_conf.o)
                0x0000000008005f34                HAL_HCD_HC_NotifyURBChange_Callback
 .text.HAL_HCD_PortEnabled_Callback
                0x0000000008005f38        0x8 ../../../lib/pd2dsy/libdaisy/build/libdaisy.a(usbh_conf.o)
                0x0000000008005f38                HAL_HCD_PortEnabled_Callback
 .text.HAL_HCD_PortDisabled_Callback
                0x0000000008005f40        0x8 ../../../lib/pd2dsy/libdaisy/build/libdaisy.a(usbh_conf.o)
                0x0000000008005f40                HAL_HCD_PortDisabled_Callback
 .text.USBH_LL_Stop
                0x0000000008005f48       0x1c ../../../lib/pd2dsy/libdaisy/build/libdaisy.a(usbh_conf.o)
                0x0000000008005f48                USBH_LL_Stop
 .text.dsy_hal_map_get_port
                0x0000000008005f64       0x10 ../../../lib/pd2dsy/libdaisy/build/libdaisy.a(hal_map.o)
                0x0000000008005f64                dsy_hal_map_get_port
 .text.dsy_hal_map_get_pin
                0x0000000008005f74       0x10 ../../../lib/pd2dsy/libdaisy/build/libdaisy.a(hal_map.o)
                0x0000000008005f74                dsy_hal_map_get_pin
 .text.dsy_hal_map_gpio_clk_enable
                0x0000000008005f84      0x150 ../../../lib/pd2dsy/libdaisy/build/libdaisy.a(hal_map.o)
                0x0000000008005f84                dsy_hal_map_gpio_clk_enable
 .text.HAL_MspInit
                0x00000000080060d4        0x4 ../../../lib/pd2dsy/libdaisy/build/libdaisy.a(stm32h7xx_hal.o)
                0x00000000080060d4                HAL_MspInit
 .text.HAL_InitTick
                0x00000000080060d8       0x4c ../../../lib/pd2dsy/libdaisy/build/libdaisy.a(stm32h7xx_hal.o)
                0x00000000080060d8                HAL_InitTick
 .text.HAL_Init
                0x0000000008006124       0x60 ../../../lib/pd2dsy/libdaisy/build/libdaisy.a(stm32h7xx_hal.o)
                0x0000000008006124                HAL_Init
 .text.HAL_IncTick
                0x0000000008006184       0x18 ../../../lib/pd2dsy/libdaisy/build/libdaisy.a(stm32h7xx_hal.o)
                0x0000000008006184                HAL_IncTick
 .text.HAL_GetTick
                0x000000000800619c        0xc ../../../lib/pd2dsy/libdaisy/build/libdaisy.a(stm32h7xx_hal.o)
                0x000000000800619c                HAL_GetTick
 .text.HAL_Delay
                0x00000000080061a8       0x24 ../../../lib/pd2dsy/libdaisy/build/libdaisy.a(stm32h7xx_hal.o)
                0x00000000080061a8                HAL_Delay
 .text.HAL_GetREVID
                0x00000000080061cc        0xc ../../../lib/pd2dsy/libdaisy/build/libdaisy.a(stm32h7xx_hal.o)
                0x00000000080061cc                HAL_GetREVID
 .text.HAL_ADC_ConvHalfCpltCallback
                0x00000000080061d8        0x4 ../../../lib/pd2dsy/libdaisy/build/libdaisy.a(stm32h7xx_hal_adc.o)
                0x00000000080061d8                HAL_ADC_ConvHalfCpltCallback
 .text.ADC_DMAHalfConvCplt
                0x00000000080061dc        0xc ../../../lib/pd2dsy/libdaisy/build/libdaisy.a(stm32h7xx_hal_adc.o)
                0x00000000080061dc                ADC_DMAHalfConvCplt
 .text.ADC_DMAConvCplt
                0x00000000080061e8       0x6c ../../../lib/pd2dsy/libdaisy/build/libdaisy.a(stm32h7xx_hal_adc.o)
                0x00000000080061e8                ADC_DMAConvCplt
 .text.ADC_DMAError
                0x0000000008006254       0x1c ../../../lib/pd2dsy/libdaisy/build/libdaisy.a(stm32h7xx_hal_adc.o)
                0x0000000008006254                ADC_DMAError
 .text.HAL_ADC_ConfigChannel
                0x0000000008006270      0x3fc ../../../lib/pd2dsy/libdaisy/build/libdaisy.a(stm32h7xx_hal_adc.o)
                0x0000000008006270                HAL_ADC_ConfigChannel
 .text.ADC_Enable
                0x000000000800666c       0xac ../../../lib/pd2dsy/libdaisy/build/libdaisy.a(stm32h7xx_hal_adc.o)
                0x000000000800666c                ADC_Enable
 .text.HAL_ADC_Start_DMA
                0x0000000008006718      0x114 ../../../lib/pd2dsy/libdaisy/build/libdaisy.a(stm32h7xx_hal_adc.o)
                0x0000000008006718                HAL_ADC_Start_DMA
 .text.ADC_Disable
                0x000000000800682c       0x68 ../../../lib/pd2dsy/libdaisy/build/libdaisy.a(stm32h7xx_hal_adc.o)
                0x000000000800682c                ADC_Disable
 .text.ADC_ConfigureBoostMode
                0x0000000008006894      0x184 ../../../lib/pd2dsy/libdaisy/build/libdaisy.a(stm32h7xx_hal_adc.o)
                0x0000000008006894                ADC_ConfigureBoostMode
 .text.HAL_ADC_Init
                0x0000000008006a18      0x218 ../../../lib/pd2dsy/libdaisy/build/libdaisy.a(stm32h7xx_hal_adc.o)
                0x0000000008006a18                HAL_ADC_Init
 .text.HAL_ADCEx_Calibration_Start
                0x0000000008006c30       0xa4 ../../../lib/pd2dsy/libdaisy/build/libdaisy.a(stm32h7xx_hal_adc_ex.o)
                0x0000000008006c30                HAL_ADCEx_Calibration_Start
 .text.HAL_ADCEx_MultiModeConfigChannel
                0x0000000008006cd4       0xc4 ../../../lib/pd2dsy/libdaisy/build/libdaisy.a(stm32h7xx_hal_adc_ex.o)
                0x0000000008006cd4                HAL_ADCEx_MultiModeConfigChannel
 .text.HAL_NVIC_SetPriorityGrouping
                0x0000000008006d98       0x24 ../../../lib/pd2dsy/libdaisy/build/libdaisy.a(stm32h7xx_hal_cortex.o)
                0x0000000008006d98                HAL_NVIC_SetPriorityGrouping
 .text.HAL_NVIC_SetPriority
                0x0000000008006dbc       0x7c ../../../lib/pd2dsy/libdaisy/build/libdaisy.a(stm32h7xx_hal_cortex.o)
                0x0000000008006dbc                HAL_NVIC_SetPriority
 .text.HAL_NVIC_EnableIRQ
                0x0000000008006e38       0x1c ../../../lib/pd2dsy/libdaisy/build/libdaisy.a(stm32h7xx_hal_cortex.o)
                0x0000000008006e38                HAL_NVIC_EnableIRQ
 .text.HAL_NVIC_DisableIRQ
                0x0000000008006e54       0x28 ../../../lib/pd2dsy/libdaisy/build/libdaisy.a(stm32h7xx_hal_cortex.o)
                0x0000000008006e54                HAL_NVIC_DisableIRQ
 .text.HAL_SYSTICK_Config
                0x0000000008006e7c       0x2c ../../../lib/pd2dsy/libdaisy/build/libdaisy.a(stm32h7xx_hal_cortex.o)
                0x0000000008006e7c                HAL_SYSTICK_Config
 .text.HAL_MPU_Disable
                0x0000000008006ea8       0x1c ../../../lib/pd2dsy/libdaisy/build/libdaisy.a(stm32h7xx_hal_cortex.o)
                0x0000000008006ea8                HAL_MPU_Disable
 .text.HAL_MPU_Enable
                0x0000000008006ec4       0x20 ../../../lib/pd2dsy/libdaisy/build/libdaisy.a(stm32h7xx_hal_cortex.o)
                0x0000000008006ec4                HAL_MPU_Enable
 .text.HAL_MPU_ConfigRegion
                0x0000000008006ee4       0x64 ../../../lib/pd2dsy/libdaisy/build/libdaisy.a(stm32h7xx_hal_cortex.o)
                0x0000000008006ee4                HAL_MPU_ConfigRegion
 .text.HAL_SYSTICK_Callback
                0x0000000008006f48        0x4 ../../../lib/pd2dsy/libdaisy/build/libdaisy.a(stm32h7xx_hal_cortex.o)
                0x0000000008006f48                HAL_SYSTICK_Callback
 .text.HAL_SYSTICK_IRQHandler
                0x0000000008006f4c        0x8 ../../../lib/pd2dsy/libdaisy/build/libdaisy.a(stm32h7xx_hal_cortex.o)
                0x0000000008006f4c                HAL_SYSTICK_IRQHandler
 .text.DMA_CalcBaseAndBitshift
                0x0000000008006f54       0xf4 ../../../lib/pd2dsy/libdaisy/build/libdaisy.a(stm32h7xx_hal_dma.o)
 .text.DMA_CalcDMAMUXChannelBaseAndMask
                0x0000000008007048       0xd8 ../../../lib/pd2dsy/libdaisy/build/libdaisy.a(stm32h7xx_hal_dma.o)
 .text.HAL_DMA_Init
                0x0000000008007120      0x37c ../../../lib/pd2dsy/libdaisy/build/libdaisy.a(stm32h7xx_hal_dma.o)
                0x0000000008007120                HAL_DMA_Init
 .text.HAL_DMA_Start_IT
                0x000000000800749c      0x240 ../../../lib/pd2dsy/libdaisy/build/libdaisy.a(stm32h7xx_hal_dma.o)
                0x000000000800749c                HAL_DMA_Start_IT
 .text.HAL_DMA_Abort_IT
                0x00000000080076dc      0x134 ../../../lib/pd2dsy/libdaisy/build/libdaisy.a(stm32h7xx_hal_dma.o)
                0x00000000080076dc                HAL_DMA_Abort_IT
 .text.HAL_DMA_IRQHandler
                0x0000000008007810      0x6a0 ../../../lib/pd2dsy/libdaisy/build/libdaisy.a(stm32h7xx_hal_dma.o)
                0x0000000008007810                HAL_DMA_IRQHandler
 .text.HAL_DMA_GetError
                0x0000000008007eb0        0x4 ../../../lib/pd2dsy/libdaisy/build/libdaisy.a(stm32h7xx_hal_dma.o)
                0x0000000008007eb0                HAL_DMA_GetError
 .text.HAL_GPIO_Init
                0x0000000008007eb4      0x280 ../../../lib/pd2dsy/libdaisy/build/libdaisy.a(stm32h7xx_hal_gpio.o)
                0x0000000008007eb4                HAL_GPIO_Init
 .text.HAL_GPIO_DeInit
                0x0000000008008134      0x190 ../../../lib/pd2dsy/libdaisy/build/libdaisy.a(stm32h7xx_hal_gpio.o)
                0x0000000008008134                HAL_GPIO_DeInit
 .text.HAL_GPIO_ReadPin
                0x00000000080082c4        0xc ../../../lib/pd2dsy/libdaisy/build/libdaisy.a(stm32h7xx_hal_gpio.o)
                0x00000000080082c4                HAL_GPIO_ReadPin
 .text.HAL_GPIO_WritePin
                0x00000000080082d0        0x8 ../../../lib/pd2dsy/libdaisy/build/libdaisy.a(stm32h7xx_hal_gpio.o)
                0x00000000080082d0                HAL_GPIO_WritePin
 .text.HAL_HCD_IRQHandler
                0x00000000080082d8      0x780 ../../../lib/pd2dsy/libdaisy/build/libdaisy.a(stm32h7xx_hal_hcd.o)
                0x00000000080082d8                HAL_HCD_IRQHandler
 .text.HAL_HCD_Stop
                0x0000000008008a58       0x28 ../../../lib/pd2dsy/libdaisy/build/libdaisy.a(stm32h7xx_hal_hcd.o)
                0x0000000008008a58                HAL_HCD_Stop
 .text.I2C_WaitOnTXISFlagUntilTimeout
                0x0000000008008a80       0xb8 ../../../lib/pd2dsy/libdaisy/build/libdaisy.a(stm32h7xx_hal_i2c.o)
 .text.I2C_WaitOnSTOPFlagUntilTimeout
                0x0000000008008b38       0xac ../../../lib/pd2dsy/libdaisy/build/libdaisy.a(stm32h7xx_hal_i2c.o)
 .text.HAL_I2C_Init
                0x0000000008008be4       0xac ../../../lib/pd2dsy/libdaisy/build/libdaisy.a(stm32h7xx_hal_i2c.o)
                0x0000000008008be4                HAL_I2C_Init
 .text.HAL_I2C_Master_Transmit
                0x0000000008008c90      0x1a8 ../../../lib/pd2dsy/libdaisy/build/libdaisy.a(stm32h7xx_hal_i2c.o)
                0x0000000008008c90                HAL_I2C_Master_Transmit
 .text.HAL_I2C_Slave_Transmit
                0x0000000008008e38      0x1c8 ../../../lib/pd2dsy/libdaisy/build/libdaisy.a(stm32h7xx_hal_i2c.o)
                0x0000000008008e38                HAL_I2C_Slave_Transmit
 .text.HAL_I2C_EV_IRQHandler
                0x0000000008009000       0x10 ../../../lib/pd2dsy/libdaisy/build/libdaisy.a(stm32h7xx_hal_i2c.o)
                0x0000000008009000                HAL_I2C_EV_IRQHandler
 .text.HAL_I2C_GetState
                0x0000000008009010        0x8 ../../../lib/pd2dsy/libdaisy/build/libdaisy.a(stm32h7xx_hal_i2c.o)
                0x0000000008009010                HAL_I2C_GetState
 .text.HAL_I2CEx_ConfigAnalogFilter
                0x0000000008009018       0x54 ../../../lib/pd2dsy/libdaisy/build/libdaisy.a(stm32h7xx_hal_i2c_ex.o)
                0x0000000008009018                HAL_I2CEx_ConfigAnalogFilter
 .text.HAL_I2CEx_ConfigDigitalFilter
                0x000000000800906c       0x58 ../../../lib/pd2dsy/libdaisy/build/libdaisy.a(stm32h7xx_hal_i2c_ex.o)
                0x000000000800906c                HAL_I2CEx_ConfigDigitalFilter
 .text.HAL_PCD_IRQHandler
                0x00000000080090c4      0x69c ../../../lib/pd2dsy/libdaisy/build/libdaisy.a(stm32h7xx_hal_pcd.o)
                0x00000000080090c4                HAL_PCD_IRQHandler
 .text.HAL_PCD_SetAddress
                0x0000000008009760       0x2c ../../../lib/pd2dsy/libdaisy/build/libdaisy.a(stm32h7xx_hal_pcd.o)
                0x0000000008009760                HAL_PCD_SetAddress
 .text.HAL_PCD_EP_Open
                0x000000000800978c       0x7c ../../../lib/pd2dsy/libdaisy/build/libdaisy.a(stm32h7xx_hal_pcd.o)
                0x000000000800978c                HAL_PCD_EP_Open
 .text.HAL_PCD_EP_Receive
                0x0000000008009808       0x50 ../../../lib/pd2dsy/libdaisy/build/libdaisy.a(stm32h7xx_hal_pcd.o)
                0x0000000008009808                HAL_PCD_EP_Receive
 .text.HAL_PCD_EP_Transmit
                0x0000000008009858       0x50 ../../../lib/pd2dsy/libdaisy/build/libdaisy.a(stm32h7xx_hal_pcd.o)
                0x0000000008009858                HAL_PCD_EP_Transmit
 .text.HAL_PCD_EP_SetStall
                0x00000000080098a8       0x88 ../../../lib/pd2dsy/libdaisy/build/libdaisy.a(stm32h7xx_hal_pcd.o)
                0x00000000080098a8                HAL_PCD_EP_SetStall
 .text.HAL_PCD_EP_ClrStall
                0x0000000008009930       0x78 ../../../lib/pd2dsy/libdaisy/build/libdaisy.a(stm32h7xx_hal_pcd.o)
                0x0000000008009930                HAL_PCD_EP_ClrStall
 .text.HAL_PCDEx_LPM_Callback
                0x00000000080099a8        0x4 ../../../lib/pd2dsy/libdaisy/build/libdaisy.a(stm32h7xx_hal_pcd_ex.o)
                0x00000000080099a8                HAL_PCDEx_LPM_Callback
 .text.HAL_PWREx_ConfigSupply
                0x00000000080099ac       0x4c ../../../lib/pd2dsy/libdaisy/build/libdaisy.a(stm32h7xx_hal_pwr_ex.o)
                0x00000000080099ac                HAL_PWREx_ConfigSupply
 .text.HAL_PWREx_EnableUSBVoltageDetector
                0x00000000080099f8       0x10 ../../../lib/pd2dsy/libdaisy/build/libdaisy.a(stm32h7xx_hal_pwr_ex.o)
                0x00000000080099f8                HAL_PWREx_EnableUSBVoltageDetector
 .text.QSPI_Config
                0x0000000008009a08      0x174 ../../../lib/pd2dsy/libdaisy/build/libdaisy.a(stm32h7xx_hal_qspi.o)
 .text.HAL_QSPI_Init
                0x0000000008009b7c       0xd8 ../../../lib/pd2dsy/libdaisy/build/libdaisy.a(stm32h7xx_hal_qspi.o)
                0x0000000008009b7c                HAL_QSPI_Init
 .text.HAL_QSPI_DeInit
                0x0000000008009c54       0x3c ../../../lib/pd2dsy/libdaisy/build/libdaisy.a(stm32h7xx_hal_qspi.o)
                0x0000000008009c54                HAL_QSPI_DeInit
 .text.HAL_QSPI_Command
                0x0000000008009c90       0xd4 ../../../lib/pd2dsy/libdaisy/build/libdaisy.a(stm32h7xx_hal_qspi.o)
                0x0000000008009c90                HAL_QSPI_Command
 .text.HAL_QSPI_Transmit
                0x0000000008009d64       0xfc ../../../lib/pd2dsy/libdaisy/build/libdaisy.a(stm32h7xx_hal_qspi.o)
                0x0000000008009d64                HAL_QSPI_Transmit
 .text.HAL_QSPI_Receive
                0x0000000008009e60      0x108 ../../../lib/pd2dsy/libdaisy/build/libdaisy.a(stm32h7xx_hal_qspi.o)
                0x0000000008009e60                HAL_QSPI_Receive
 .text.HAL_QSPI_AutoPolling
                0x0000000008009f68       0xf0 ../../../lib/pd2dsy/libdaisy/build/libdaisy.a(stm32h7xx_hal_qspi.o)
                0x0000000008009f68                HAL_QSPI_AutoPolling
 .text.HAL_QSPI_MemoryMapped
                0x000000000800a058       0xc0 ../../../lib/pd2dsy/libdaisy/build/libdaisy.a(stm32h7xx_hal_qspi.o)
                0x000000000800a058                HAL_QSPI_MemoryMapped
 .text.HAL_QSPI_ErrorCallback
                0x000000000800a118        0x4 ../../../lib/pd2dsy/libdaisy/build/libdaisy.a(stm32h7xx_hal_qspi.o)
                0x000000000800a118                HAL_QSPI_ErrorCallback
 .text.QSPI_DMAAbortCplt
                0x000000000800a11c       0x38 ../../../lib/pd2dsy/libdaisy/build/libdaisy.a(stm32h7xx_hal_qspi.o)
 .text.HAL_QSPI_AbortCpltCallback
                0x000000000800a154        0x4 ../../../lib/pd2dsy/libdaisy/build/libdaisy.a(stm32h7xx_hal_qspi.o)
                0x000000000800a154                HAL_QSPI_AbortCpltCallback
 .text.HAL_QSPI_CmdCpltCallback
                0x000000000800a158        0x4 ../../../lib/pd2dsy/libdaisy/build/libdaisy.a(stm32h7xx_hal_qspi.o)
                0x000000000800a158                HAL_QSPI_CmdCpltCallback
 .text.HAL_QSPI_RxCpltCallback
                0x000000000800a15c        0x4 ../../../lib/pd2dsy/libdaisy/build/libdaisy.a(stm32h7xx_hal_qspi.o)
                0x000000000800a15c                HAL_QSPI_RxCpltCallback
 .text.HAL_QSPI_TxCpltCallback
                0x000000000800a160        0x4 ../../../lib/pd2dsy/libdaisy/build/libdaisy.a(stm32h7xx_hal_qspi.o)
                0x000000000800a160                HAL_QSPI_TxCpltCallback
 .text.HAL_QSPI_FifoThresholdCallback
                0x000000000800a164        0x4 ../../../lib/pd2dsy/libdaisy/build/libdaisy.a(stm32h7xx_hal_qspi.o)
                0x000000000800a164                HAL_QSPI_FifoThresholdCallback
 .text.HAL_QSPI_StatusMatchCallback
                0x000000000800a168        0x4 ../../../lib/pd2dsy/libdaisy/build/libdaisy.a(stm32h7xx_hal_qspi.o)
                0x000000000800a168                HAL_QSPI_StatusMatchCallback
 .text.HAL_QSPI_TimeOutCallback
                0x000000000800a16c        0x4 ../../../lib/pd2dsy/libdaisy/build/libdaisy.a(stm32h7xx_hal_qspi.o)
                0x000000000800a16c                HAL_QSPI_TimeOutCallback
 .text.HAL_QSPI_IRQHandler
                0x000000000800a170      0x210 ../../../lib/pd2dsy/libdaisy/build/libdaisy.a(stm32h7xx_hal_qspi.o)
                0x000000000800a170                HAL_QSPI_IRQHandler
 .text.HAL_RCC_OscConfig
                0x000000000800a380      0x51c ../../../lib/pd2dsy/libdaisy/build/libdaisy.a(stm32h7xx_hal_rcc.o)
                0x000000000800a380                HAL_RCC_OscConfig
 .text.HAL_RCC_GetSysClockFreq
                0x000000000800a89c      0x140 ../../../lib/pd2dsy/libdaisy/build/libdaisy.a(stm32h7xx_hal_rcc.o)
                0x000000000800a89c                HAL_RCC_GetSysClockFreq
 .text.HAL_RCC_ClockConfig
                0x000000000800a9dc      0x234 ../../../lib/pd2dsy/libdaisy/build/libdaisy.a(stm32h7xx_hal_rcc.o)
                0x000000000800a9dc                HAL_RCC_ClockConfig
 .text.HAL_RCC_GetHCLKFreq
                0x000000000800ac10       0x2c ../../../lib/pd2dsy/libdaisy/build/libdaisy.a(stm32h7xx_hal_rcc.o)
                0x000000000800ac10                HAL_RCC_GetHCLKFreq
 .text.HAL_RCC_GetPCLK1Freq
                0x000000000800ac3c       0x38 ../../../lib/pd2dsy/libdaisy/build/libdaisy.a(stm32h7xx_hal_rcc.o)
                0x000000000800ac3c                HAL_RCC_GetPCLK1Freq
 .text.HAL_RCC_GetPCLK2Freq
                0x000000000800ac74       0x38 ../../../lib/pd2dsy/libdaisy/build/libdaisy.a(stm32h7xx_hal_rcc.o)
                0x000000000800ac74                HAL_RCC_GetPCLK2Freq
 .text.RCCEx_PLL2_Config
                0x000000000800acac       0xf4 ../../../lib/pd2dsy/libdaisy/build/libdaisy.a(stm32h7xx_hal_rcc_ex.o)
 .text.RCCEx_PLL3_Config
                0x000000000800ada0       0xf4 ../../../lib/pd2dsy/libdaisy/build/libdaisy.a(stm32h7xx_hal_rcc_ex.o)
 .text.HAL_RCCEx_PeriphCLKConfig
                0x000000000800ae94      0xa7c ../../../lib/pd2dsy/libdaisy/build/libdaisy.a(stm32h7xx_hal_rcc_ex.o)
                0x000000000800ae94                HAL_RCCEx_PeriphCLKConfig
 .text.HAL_RCCEx_GetD3PCLK1Freq
                0x000000000800b910       0x24 ../../../lib/pd2dsy/libdaisy/build/libdaisy.a(stm32h7xx_hal_rcc_ex.o)
                0x000000000800b910                HAL_RCCEx_GetD3PCLK1Freq
 .text.HAL_RCCEx_GetPLL2ClockFreq
                0x000000000800b934      0x17c ../../../lib/pd2dsy/libdaisy/build/libdaisy.a(stm32h7xx_hal_rcc_ex.o)
                0x000000000800b934                HAL_RCCEx_GetPLL2ClockFreq
 .text.HAL_RCCEx_GetPLL3ClockFreq
                0x000000000800bab0      0x17c ../../../lib/pd2dsy/libdaisy/build/libdaisy.a(stm32h7xx_hal_rcc_ex.o)
                0x000000000800bab0                HAL_RCCEx_GetPLL3ClockFreq
 .text.HAL_RCCEx_GetPLL1ClockFreq
                0x000000000800bc2c      0x17c ../../../lib/pd2dsy/libdaisy/build/libdaisy.a(stm32h7xx_hal_rcc_ex.o)
                0x000000000800bc2c                HAL_RCCEx_GetPLL1ClockFreq
 .text.HAL_RCCEx_GetPeriphCLKFreq
                0x000000000800bda8      0x198 ../../../lib/pd2dsy/libdaisy/build/libdaisy.a(stm32h7xx_hal_rcc_ex.o)
                0x000000000800bda8                HAL_RCCEx_GetPeriphCLKFreq
 .text.HAL_RCCEx_GetD1SysClockFreq
                0x000000000800bf40       0x2c ../../../lib/pd2dsy/libdaisy/build/libdaisy.a(stm32h7xx_hal_rcc_ex.o)
                0x000000000800bf40                HAL_RCCEx_GetD1SysClockFreq
 .text.HAL_SAI_Init.part.0
                0x000000000800bf6c      0x348 ../../../lib/pd2dsy/libdaisy/build/libdaisy.a(stm32h7xx_hal_sai.o)
 .text.HAL_SAI_InitProtocol
                0x000000000800c2b4      0x178 ../../../lib/pd2dsy/libdaisy/build/libdaisy.a(stm32h7xx_hal_sai.o)
                0x000000000800c2b4                HAL_SAI_InitProtocol
 .text.HAL_SAI_Transmit_DMA
                0x000000000800c42c      0x124 ../../../lib/pd2dsy/libdaisy/build/libdaisy.a(stm32h7xx_hal_sai.o)
                0x000000000800c42c                HAL_SAI_Transmit_DMA
 .text.HAL_SAI_Receive_DMA
                0x000000000800c550       0xd0 ../../../lib/pd2dsy/libdaisy/build/libdaisy.a(stm32h7xx_hal_sai.o)
                0x000000000800c550                HAL_SAI_Receive_DMA
 .text.HAL_SAI_TxCpltCallback
                0x000000000800c620        0x4 ../../../lib/pd2dsy/libdaisy/build/libdaisy.a(stm32h7xx_hal_sai.o)
                0x000000000800c620                HAL_SAI_TxCpltCallback
 .text.SAI_DMATxCplt
                0x000000000800c624       0x64 ../../../lib/pd2dsy/libdaisy/build/libdaisy.a(stm32h7xx_hal_sai.o)
 .text.HAL_SAI_TxHalfCpltCallback
                0x000000000800c688        0x4 ../../../lib/pd2dsy/libdaisy/build/libdaisy.a(stm32h7xx_hal_sai.o)
                0x000000000800c688                HAL_SAI_TxHalfCpltCallback
 .text.SAI_DMATxHalfCplt
                0x000000000800c68c        0xc ../../../lib/pd2dsy/libdaisy/build/libdaisy.a(stm32h7xx_hal_sai.o)
 .text.SAI_DMARxCplt
                0x000000000800c698       0x64 ../../../lib/pd2dsy/libdaisy/build/libdaisy.a(stm32h7xx_hal_sai.o)
 .text.SAI_DMARxHalfCplt
                0x000000000800c6fc        0xc ../../../lib/pd2dsy/libdaisy/build/libdaisy.a(stm32h7xx_hal_sai.o)
 .text.HAL_SAI_ErrorCallback
                0x000000000800c708        0x4 ../../../lib/pd2dsy/libdaisy/build/libdaisy.a(stm32h7xx_hal_sai.o)
                0x000000000800c708                HAL_SAI_ErrorCallback
 .text.SAI_DMAError
                0x000000000800c70c       0x6c ../../../lib/pd2dsy/libdaisy/build/libdaisy.a(stm32h7xx_hal_sai.o)
 .text.HAL_SDRAM_Init
                0x000000000800c778       0x54 ../../../lib/pd2dsy/libdaisy/build/libdaisy.a(stm32h7xx_hal_sdram.o)
                0x000000000800c778                HAL_SDRAM_Init
 .text.HAL_SDRAM_SendCommand
                0x000000000800c7cc       0x40 ../../../lib/pd2dsy/libdaisy/build/libdaisy.a(stm32h7xx_hal_sdram.o)
                0x000000000800c7cc                HAL_SDRAM_SendCommand
 .text.HAL_SDRAM_ProgramRefreshRate
                0x000000000800c80c       0x30 ../../../lib/pd2dsy/libdaisy/build/libdaisy.a(stm32h7xx_hal_sdram.o)
                0x000000000800c80c                HAL_SDRAM_ProgramRefreshRate
 .text.FMC_SDRAM_Init
                0x000000000800c83c       0x7c ../../../lib/pd2dsy/libdaisy/build/libdaisy.a(stm32h7xx_ll_fmc.o)
                0x000000000800c83c                FMC_SDRAM_Init
 .text.FMC_SDRAM_Timing_Init
                0x000000000800c8b8       0x98 ../../../lib/pd2dsy/libdaisy/build/libdaisy.a(stm32h7xx_ll_fmc.o)
                0x000000000800c8b8                FMC_SDRAM_Timing_Init
 .text.FMC_SDRAM_SendCommand
                0x000000000800c950       0x28 ../../../lib/pd2dsy/libdaisy/build/libdaisy.a(stm32h7xx_ll_fmc.o)
                0x000000000800c950                FMC_SDRAM_SendCommand
 .text.FMC_SDRAM_ProgramRefreshRate
                0x000000000800c978       0x1c ../../../lib/pd2dsy/libdaisy/build/libdaisy.a(stm32h7xx_ll_fmc.o)
                0x000000000800c978                FMC_SDRAM_ProgramRefreshRate
 .text.USB_SetTurnaroundTime
                0x000000000800c994      0x104 ../../../lib/pd2dsy/libdaisy/build/libdaisy.a(stm32h7xx_ll_usb.o)
                0x000000000800c994                USB_SetTurnaroundTime
 .text.USB_FlushTxFifo
                0x000000000800ca98       0x34 ../../../lib/pd2dsy/libdaisy/build/libdaisy.a(stm32h7xx_ll_usb.o)
                0x000000000800ca98                USB_FlushTxFifo
 .text.USB_GetDevSpeed
                0x000000000800cacc       0x24 ../../../lib/pd2dsy/libdaisy/build/libdaisy.a(stm32h7xx_ll_usb.o)
                0x000000000800cacc                USB_GetDevSpeed
 .text.USB_ActivateEndpoint
                0x000000000800caf0       0x90 ../../../lib/pd2dsy/libdaisy/build/libdaisy.a(stm32h7xx_ll_usb.o)
                0x000000000800caf0                USB_ActivateEndpoint
 .text.USB_EPStartXfer
                0x000000000800cb80      0x230 ../../../lib/pd2dsy/libdaisy/build/libdaisy.a(stm32h7xx_ll_usb.o)
                0x000000000800cb80                USB_EPStartXfer
 .text.USB_EP0StartXfer
                0x000000000800cdb0      0x174 ../../../lib/pd2dsy/libdaisy/build/libdaisy.a(stm32h7xx_ll_usb.o)
                0x000000000800cdb0                USB_EP0StartXfer
 .text.USB_WritePacket
                0x000000000800cf24       0x2c ../../../lib/pd2dsy/libdaisy/build/libdaisy.a(stm32h7xx_ll_usb.o)
                0x000000000800cf24                USB_WritePacket
 .text.USB_ReadPacket
                0x000000000800cf50       0x20 ../../../lib/pd2dsy/libdaisy/build/libdaisy.a(stm32h7xx_ll_usb.o)
                0x000000000800cf50                USB_ReadPacket
 .text.USB_EPSetStall
                0x000000000800cf70       0x68 ../../../lib/pd2dsy/libdaisy/build/libdaisy.a(stm32h7xx_ll_usb.o)
                0x000000000800cf70                USB_EPSetStall
 .text.USB_EPClearStall
                0x000000000800cfd8       0x58 ../../../lib/pd2dsy/libdaisy/build/libdaisy.a(stm32h7xx_ll_usb.o)
                0x000000000800cfd8                USB_EPClearStall
 .text.USB_SetDevAddress
                0x000000000800d030       0x24 ../../../lib/pd2dsy/libdaisy/build/libdaisy.a(stm32h7xx_ll_usb.o)
                0x000000000800d030                USB_SetDevAddress
 .text.USB_ReadInterrupts
                0x000000000800d054       0x14 ../../../lib/pd2dsy/libdaisy/build/libdaisy.a(stm32h7xx_ll_usb.o)
                0x000000000800d054                USB_ReadInterrupts
 .text.USB_ReadDevAllOutEpInterrupt
                0x000000000800d068       0x1c ../../../lib/pd2dsy/libdaisy/build/libdaisy.a(stm32h7xx_ll_usb.o)
                0x000000000800d068                USB_ReadDevAllOutEpInterrupt
 .text.USB_ReadDevAllInEpInterrupt
                0x000000000800d084       0x1c ../../../lib/pd2dsy/libdaisy/build/libdaisy.a(stm32h7xx_ll_usb.o)
                0x000000000800d084                USB_ReadDevAllInEpInterrupt
 .text.USB_ReadDevOutEPInterrupt
                0x000000000800d0a0       0x1c ../../../lib/pd2dsy/libdaisy/build/libdaisy.a(stm32h7xx_ll_usb.o)
                0x000000000800d0a0                USB_ReadDevOutEPInterrupt
 .text.USB_ReadDevInEPInterrupt
                0x000000000800d0bc       0x38 ../../../lib/pd2dsy/libdaisy/build/libdaisy.a(stm32h7xx_ll_usb.o)
                0x000000000800d0bc                USB_ReadDevInEPInterrupt
 .text.USB_GetMode
                0x000000000800d0f4        0x8 ../../../lib/pd2dsy/libdaisy/build/libdaisy.a(stm32h7xx_ll_usb.o)
                0x000000000800d0f4                USB_GetMode
 .text.USB_ActivateSetup
                0x000000000800d0fc       0x38 ../../../lib/pd2dsy/libdaisy/build/libdaisy.a(stm32h7xx_ll_usb.o)
                0x000000000800d0fc                USB_ActivateSetup
 .text.USB_EP0_OutStart
                0x000000000800d134       0x58 ../../../lib/pd2dsy/libdaisy/build/libdaisy.a(stm32h7xx_ll_usb.o)
                0x000000000800d134                USB_EP0_OutStart
 .text.USB_InitFSLSPClkSel
                0x000000000800d18c       0x44 ../../../lib/pd2dsy/libdaisy/build/libdaisy.a(stm32h7xx_ll_usb.o)
                0x000000000800d18c                USB_InitFSLSPClkSel
 .text.USB_HC_ReadInterrupt
                0x000000000800d1d0        0x8 ../../../lib/pd2dsy/libdaisy/build/libdaisy.a(stm32h7xx_ll_usb.o)
                0x000000000800d1d0                USB_HC_ReadInterrupt
 .text.USB_HC_Halt
                0x000000000800d1d8       0xc0 ../../../lib/pd2dsy/libdaisy/build/libdaisy.a(stm32h7xx_ll_usb.o)
                0x000000000800d1d8                USB_HC_Halt
 .text.USB_StopHost
                0x000000000800d298      0x2ec ../../../lib/pd2dsy/libdaisy/build/libdaisy.a(stm32h7xx_ll_usb.o)
                0x000000000800d298                USB_StopHost
 .text.USBD_SetClassConfig
                0x000000000800d584       0x14 ../../../lib/pd2dsy/libdaisy/build/libdaisy.a(usbd_core.o)
                0x000000000800d584                USBD_SetClassConfig
 .text.USBD_ClrClassConfig
                0x000000000800d598       0x10 ../../../lib/pd2dsy/libdaisy/build/libdaisy.a(usbd_core.o)
                0x000000000800d598                USBD_ClrClassConfig
 .text.USBD_LL_SetupStage
                0x000000000800d5a8       0x5c ../../../lib/pd2dsy/libdaisy/build/libdaisy.a(usbd_core.o)
                0x000000000800d5a8                USBD_LL_SetupStage
 .text.USBD_LL_DataOutStage
                0x000000000800d604       0x7c ../../../lib/pd2dsy/libdaisy/build/libdaisy.a(usbd_core.o)
                0x000000000800d604                USBD_LL_DataOutStage
 .text.USBD_LL_DataInStage
                0x000000000800d680       0xcc ../../../lib/pd2dsy/libdaisy/build/libdaisy.a(usbd_core.o)
                0x000000000800d680                USBD_LL_DataInStage
 .text.USBD_LL_Reset
                0x000000000800d74c       0x50 ../../../lib/pd2dsy/libdaisy/build/libdaisy.a(usbd_core.o)
                0x000000000800d74c                USBD_LL_Reset
 .text.USBD_LL_SetSpeed
                0x000000000800d79c        0x8 ../../../lib/pd2dsy/libdaisy/build/libdaisy.a(usbd_core.o)
                0x000000000800d79c                USBD_LL_SetSpeed
 .text.USBD_LL_Suspend
                0x000000000800d7a4       0x14 ../../../lib/pd2dsy/libdaisy/build/libdaisy.a(usbd_core.o)
                0x000000000800d7a4                USBD_LL_Suspend
 .text.USBD_LL_Resume
                0x000000000800d7b8       0x10 ../../../lib/pd2dsy/libdaisy/build/libdaisy.a(usbd_core.o)
                0x000000000800d7b8                USBD_LL_Resume
 .text.USBD_LL_SOF
                0x000000000800d7c8       0x1c ../../../lib/pd2dsy/libdaisy/build/libdaisy.a(usbd_core.o)
                0x000000000800d7c8                USBD_LL_SOF
 .text.USBD_LL_IsoINIncomplete
                0x000000000800d7e4        0x4 ../../../lib/pd2dsy/libdaisy/build/libdaisy.a(usbd_core.o)
                0x000000000800d7e4                USBD_LL_IsoINIncomplete
 .text.USBD_LL_IsoOUTIncomplete
                0x000000000800d7e8        0x4 ../../../lib/pd2dsy/libdaisy/build/libdaisy.a(usbd_core.o)
                0x000000000800d7e8                USBD_LL_IsoOUTIncomplete
 .text.USBD_LL_DevConnected
                0x000000000800d7ec        0x4 ../../../lib/pd2dsy/libdaisy/build/libdaisy.a(usbd_core.o)
                0x000000000800d7ec                USBD_LL_DevConnected
 .text.USBD_LL_DevDisconnected
                0x000000000800d7f0       0x18 ../../../lib/pd2dsy/libdaisy/build/libdaisy.a(usbd_core.o)
                0x000000000800d7f0                USBD_LL_DevDisconnected
 .text.USBD_StdDevReq
                0x000000000800d808      0x304 ../../../lib/pd2dsy/libdaisy/build/libdaisy.a(usbd_ctlreq.o)
                0x000000000800d808                USBD_StdDevReq
 .text.USBD_StdItfReq
                0x000000000800db0c       0x68 ../../../lib/pd2dsy/libdaisy/build/libdaisy.a(usbd_ctlreq.o)
                0x000000000800db0c                USBD_StdItfReq
 .text.USBD_StdEPReq
                0x000000000800db74      0x13c ../../../lib/pd2dsy/libdaisy/build/libdaisy.a(usbd_ctlreq.o)
                0x000000000800db74                USBD_StdEPReq
 .text.USBD_ParseSetupRequest
                0x000000000800dcb0       0x28 ../../../lib/pd2dsy/libdaisy/build/libdaisy.a(usbd_ctlreq.o)
                0x000000000800dcb0                USBD_ParseSetupRequest
 .text.USBD_CtlSendData
                0x000000000800dcd8       0x1c ../../../lib/pd2dsy/libdaisy/build/libdaisy.a(usbd_ioreq.o)
                0x000000000800dcd8                USBD_CtlSendData
 .text.USBD_CtlContinueSendData
                0x000000000800dcf4       0x14 ../../../lib/pd2dsy/libdaisy/build/libdaisy.a(usbd_ioreq.o)
                0x000000000800dcf4                USBD_CtlContinueSendData
 .text.USBD_CtlContinueRx
                0x000000000800dd08       0x14 ../../../lib/pd2dsy/libdaisy/build/libdaisy.a(usbd_ioreq.o)
                0x000000000800dd08                USBD_CtlContinueRx
 .text.USBD_CtlSendStatus
                0x000000000800dd1c       0x18 ../../../lib/pd2dsy/libdaisy/build/libdaisy.a(usbd_ioreq.o)
                0x000000000800dd1c                USBD_CtlSendStatus
 .text.USBD_CtlReceiveStatus
                0x000000000800dd34       0x18 ../../../lib/pd2dsy/libdaisy/build/libdaisy.a(usbd_ioreq.o)
                0x000000000800dd34                USBD_CtlReceiveStatus
 .text.USBH_LL_IncTimer
                0x000000000800dd4c       0x20 ../../../lib/pd2dsy/libdaisy/build/libdaisy.a(usbh_core.o)
                0x000000000800dd4c                USBH_LL_IncTimer
 .text.USBH_LL_PortEnabled
                0x000000000800dd6c        0x8 ../../../lib/pd2dsy/libdaisy/build/libdaisy.a(usbh_core.o)
                0x000000000800dd6c                USBH_LL_PortEnabled
 .text.USBH_LL_PortDisabled
                0x000000000800dd74        0x8 ../../../lib/pd2dsy/libdaisy/build/libdaisy.a(usbh_core.o)
                0x000000000800dd74                USBH_LL_PortDisabled
 .text.USBH_LL_Connect
                0x000000000800dd7c       0x18 ../../../lib/pd2dsy/libdaisy/build/libdaisy.a(usbh_core.o)
                0x000000000800dd7c                USBH_LL_Connect
 .text.USBH_LL_Disconnect
                0x000000000800dd94       0x2c ../../../lib/pd2dsy/libdaisy/build/libdaisy.a(usbh_core.o)
                0x000000000800dd94                USBH_LL_Disconnect
 .text.USBH_FreePipe
                0x000000000800ddc0       0x18 ../../../lib/pd2dsy/libdaisy/build/libdaisy.a(usbh_pipes.o)
                0x000000000800ddc0                USBH_FreePipe
 .text._ZN5daisy3Led4InitE12dsy_gpio_pinbf
                0x000000000800ddd8       0x48 ../../../lib/pd2dsy/libdaisy/build/libdaisy.a(led.o)
                0x000000000800ddd8                daisy::Led::Init(dsy_gpio_pin, bool, float)
 .text._ZN5daisy3Led3SetEf
                0x000000000800de20       0x24 ../../../lib/pd2dsy/libdaisy/build/libdaisy.a(led.o)
                0x000000000800de20                daisy::Led::Set(float)
 .text._ZN5daisy3Led6UpdateEv
                0x000000000800de44       0x48 ../../../lib/pd2dsy/libdaisy/build/libdaisy.a(led.o)
                0x000000000800de44                daisy::Led::Update()
 .text._ZN5daisy6Random4InitEv
                0x000000000800de8c       0x3c ../../../lib/pd2dsy/libdaisy/build/libdaisy.a(rng.o)
                0x000000000800de8c                daisy::Random::Init()
 .text._ZN5daisy9SpiHandle4Impl7InitDmaEv
                0x000000000800dec8       0xec ../../../lib/pd2dsy/libdaisy/build/libdaisy.a(spi.o)
                0x000000000800dec8                daisy::SpiHandle::Impl::InitDma()
 .text._ZN5daisy9SpiHandle4Impl10StartDmaTxEPhjPFvPvEPFvS3_NS0_6ResultEES3_
                0x000000000800dfb4       0xc8 ../../../lib/pd2dsy/libdaisy/build/libdaisy.a(spi.o)
                0x000000000800dfb4                daisy::SpiHandle::Impl::StartDmaTx(unsigned char*, unsigned int, void (*)(void*), void (*)(void*, daisy::SpiHandle::Result), void*)
 .text._ZN5daisy9SpiHandle4Impl10StartDmaRxEPhjPFvPvEPFvS3_NS0_6ResultEES3_
                0x000000000800e07c       0xc8 ../../../lib/pd2dsy/libdaisy/build/libdaisy.a(spi.o)